Archive member included to satisfy reference by file (symbol)

c:/stm32/stm32h750-discovery/thirdparty/gcc-arm-none-eabi/bin/../lib/gcc/arm-none-eabi/11.2.1/../../../../arm-none-eabi/lib/thumb/v7e-m+dp/hard\libm.a(lib_a-cosf.o)
                              ./Obj/ewextrte.o (cosf)
c:/stm32/stm32h750-discovery/thirdparty/gcc-arm-none-eabi/bin/../lib/gcc/arm-none-eabi/11.2.1/../../../../arm-none-eabi/lib/thumb/v7e-m+dp/hard\libm.a(lib_a-math_errf.o)
                              c:/stm32/stm32h750-discovery/thirdparty/gcc-arm-none-eabi/bin/../lib/gcc/arm-none-eabi/11.2.1/../../../../arm-none-eabi/lib/thumb/v7e-m+dp/hard\libm.a(lib_a-cosf.o) (__math_invalidf)
c:/stm32/stm32h750-discovery/thirdparty/gcc-arm-none-eabi/bin/../lib/gcc/arm-none-eabi/11.2.1/../../../../arm-none-eabi/lib/thumb/v7e-m+dp/hard\libm.a(lib_a-sf_atan.o)
                              ./Obj/ewextrte.o (atanf)
c:/stm32/stm32h750-discovery/thirdparty/gcc-arm-none-eabi/bin/../lib/gcc/arm-none-eabi/11.2.1/../../../../arm-none-eabi/lib/thumb/v7e-m+dp/hard\libm.a(lib_a-sf_exp.o)
                              ./Obj/ewextrte.o (expf)
c:/stm32/stm32h750-discovery/thirdparty/gcc-arm-none-eabi/bin/../lib/gcc/arm-none-eabi/11.2.1/../../../../arm-none-eabi/lib/thumb/v7e-m+dp/hard\libm.a(lib_a-sf_fabs.o)
                              c:/stm32/stm32h750-discovery/thirdparty/gcc-arm-none-eabi/bin/../lib/gcc/arm-none-eabi/11.2.1/../../../../arm-none-eabi/lib/thumb/v7e-m+dp/hard\libm.a(lib_a-sf_atan.o) (fabsf)
c:/stm32/stm32h750-discovery/thirdparty/gcc-arm-none-eabi/bin/../lib/gcc/arm-none-eabi/11.2.1/../../../../arm-none-eabi/lib/thumb/v7e-m+dp/hard\libm.a(lib_a-sf_log.o)
                              ./Obj/ewextrte.o (logf)
c:/stm32/stm32h750-discovery/thirdparty/gcc-arm-none-eabi/bin/../lib/gcc/arm-none-eabi/11.2.1/../../../../arm-none-eabi/lib/thumb/v7e-m+dp/hard\libm.a(lib_a-sf_pow.o)
                              ./Obj/ewextrte.o (powf)
c:/stm32/stm32h750-discovery/thirdparty/gcc-arm-none-eabi/bin/../lib/gcc/arm-none-eabi/11.2.1/../../../../arm-none-eabi/lib/thumb/v7e-m+dp/hard\libm.a(lib_a-sf_tan.o)
                              ./Obj/ewextrte.o (tanf)
c:/stm32/stm32h750-discovery/thirdparty/gcc-arm-none-eabi/bin/../lib/gcc/arm-none-eabi/11.2.1/../../../../arm-none-eabi/lib/thumb/v7e-m+dp/hard\libm.a(lib_a-sincosf_data.o)
                              c:/stm32/stm32h750-discovery/thirdparty/gcc-arm-none-eabi/bin/../lib/gcc/arm-none-eabi/11.2.1/../../../../arm-none-eabi/lib/thumb/v7e-m+dp/hard\libm.a(lib_a-cosf.o) (__inv_pio4)
c:/stm32/stm32h750-discovery/thirdparty/gcc-arm-none-eabi/bin/../lib/gcc/arm-none-eabi/11.2.1/../../../../arm-none-eabi/lib/thumb/v7e-m+dp/hard\libm.a(lib_a-sinf.o)
                              ./Obj/ewextrte.o (sinf)
c:/stm32/stm32h750-discovery/thirdparty/gcc-arm-none-eabi/bin/../lib/gcc/arm-none-eabi/11.2.1/../../../../arm-none-eabi/lib/thumb/v7e-m+dp/hard\libm.a(lib_a-wf_acos.o)
                              ./Obj/ewextrte.o (acosf)
c:/stm32/stm32h750-discovery/thirdparty/gcc-arm-none-eabi/bin/../lib/gcc/arm-none-eabi/11.2.1/../../../../arm-none-eabi/lib/thumb/v7e-m+dp/hard\libm.a(lib_a-wf_asin.o)
                              ./Obj/ewextrte.o (asinf)
c:/stm32/stm32h750-discovery/thirdparty/gcc-arm-none-eabi/bin/../lib/gcc/arm-none-eabi/11.2.1/../../../../arm-none-eabi/lib/thumb/v7e-m+dp/hard\libm.a(lib_a-wf_atan2.o)
                              ./Obj/ewextrte.o (atan2f)
c:/stm32/stm32h750-discovery/thirdparty/gcc-arm-none-eabi/bin/../lib/gcc/arm-none-eabi/11.2.1/../../../../arm-none-eabi/lib/thumb/v7e-m+dp/hard\libm.a(lib_a-wf_log10.o)
                              ./Obj/ewextrte.o (log10f)
c:/stm32/stm32h750-discovery/thirdparty/gcc-arm-none-eabi/bin/../lib/gcc/arm-none-eabi/11.2.1/../../../../arm-none-eabi/lib/thumb/v7e-m+dp/hard\libm.a(lib_a-wf_sqrt.o)
                              ./Obj/ewextrte.o (sqrtf)
c:/stm32/stm32h750-discovery/thirdparty/gcc-arm-none-eabi/bin/../lib/gcc/arm-none-eabi/11.2.1/../../../../arm-none-eabi/lib/thumb/v7e-m+dp/hard\libm.a(lib_a-ef_acos.o)
                              c:/stm32/stm32h750-discovery/thirdparty/gcc-arm-none-eabi/bin/../lib/gcc/arm-none-eabi/11.2.1/../../../../arm-none-eabi/lib/thumb/v7e-m+dp/hard\libm.a(lib_a-wf_acos.o) (__ieee754_acosf)
c:/stm32/stm32h750-discovery/thirdparty/gcc-arm-none-eabi/bin/../lib/gcc/arm-none-eabi/11.2.1/../../../../arm-none-eabi/lib/thumb/v7e-m+dp/hard\libm.a(lib_a-ef_asin.o)
                              c:/stm32/stm32h750-discovery/thirdparty/gcc-arm-none-eabi/bin/../lib/gcc/arm-none-eabi/11.2.1/../../../../arm-none-eabi/lib/thumb/v7e-m+dp/hard\libm.a(lib_a-wf_asin.o) (__ieee754_asinf)
c:/stm32/stm32h750-discovery/thirdparty/gcc-arm-none-eabi/bin/../lib/gcc/arm-none-eabi/11.2.1/../../../../arm-none-eabi/lib/thumb/v7e-m+dp/hard\libm.a(lib_a-ef_atan2.o)
[...]
Memory Configuration

Name             Origin             Length             Attributes
FLASH            0x80000000         0x00020000         xr
DTCRAM           0x20000000         0x00020000         xrw
RAM              0x24000000         0x00080000         xrw
QSPI             0x90000000         0x08000000         xr
*default*        0x00000000         0xffffffff

Linker script and memory map

LOAD c:/stm32/stm32h750-discovery/thirdparty/gcc-arm-none-eabi/bin/../lib/gcc/arm-none-eabi/11.2.1/thumb/v7e-m+dp/hard/crti.o
LOAD c:/stm32/stm32h750-discovery/thirdparty/gcc-arm-none-eabi/bin/../lib/gcc/arm-none-eabi/11.2.1/thumb/v7e-m+dp/hard/crtbegin.o
LOAD c:/stm32/stm32h750-discovery/thirdparty/gcc-arm-none-eabi/bin/../lib/gcc/arm-none-eabi/11.2.1/../../../../arm-none-eabi/lib/thumb/v7e-m+dp/hard/crt0.o
LOAD C:\Users\Kristian\AppData\Local\Temp\ccqsv3L7.o
LOAD ./Obj/main.o
LOAD ./Obj/ewmain.o
LOAD ./Obj/DeviceDriver.o
LOAD ./Obj/Core.o
LOAD ./Obj/Effects.o
LOAD ./Obj/Graphics.o
LOAD ./Obj/Resources.o
LOAD ./Obj/Views.o
LOAD ./Obj/Application.o
LOAD ./Obj/WidgetSet.o
LOAD ./Obj/Templates.o
LOAD ./Obj/ewextrte.o
LOAD ./Obj/ewextgfx.o
LOAD ./Obj/ew_bsp_os.o
LOAD ./Obj/ew_bsp_system.o
LOAD ./Obj/ew_bsp_clock.o
LOAD ./Obj/ew_bsp_event.o
LOAD ./Obj/ew_bsp_display.o
LOAD ./Obj/ew_bsp_touch.o
LOAD ./Obj/ew_bsp_console.o
LOAD ./Obj/ew_bsp_inout.o
LOAD ./Obj/ew_bsp_graphics.o
LOAD ./Obj/stm32h7xx_it.o
LOAD ./Obj/system_stm32h7xx.o
LOAD ./Obj/stm32h7xx_hal.o
LOAD ./Obj/stm32h7xx_hal_rcc.o
LOAD ./Obj/stm32h7xx_hal_rcc_ex.o
LOAD ./Obj/stm32h7xx_hal_cortex.o
LOAD ./Obj/stm32h7xx_hal_gpio.o
LOAD ./Obj/stm32h7xx_hal_dma.o
LOAD ./Obj/stm32h7xx_hal_ltdc.o
LOAD ./Obj/stm32h7xx_hal_dma2d.o
LOAD ./Obj/stm32h7xx_hal_i2c.o
LOAD ./Obj/stm32h7xx_hal_i2c_ex.o
LOAD ./Obj/stm32h7xx_hal_spi.o
LOAD ./Obj/stm32h7xx_ll_fmc.o
LOAD ./Obj/stm32h7xx_hal_uart.o
LOAD ./Obj/stm32h7xx_hal_pwr_ex.o
LOAD ./Obj/stm32h7xx_hal_tim.o
LOAD ./Obj/stm32h7xx_hal_tim_ex.o
LOAD ./Obj/stm32h7xx_hal_rtc.o
LOAD ./Obj/stm32h7xx_hal_rtc_ex.o
LOAD ./Obj/stm32h7xx_hal_mdma.o
LOAD ./Obj/ft5336.o
LOAD ./Obj/ft5336_reg.o
LOAD ./Obj/stm32h750b_discovery.o
LOAD ./Obj/stm32h750b_discovery_ts.o
LOAD ./Obj/stm32h750b_discovery_bus.o
LOAD ./Obj/list.os
LOAD ./Obj/queue.os
LOAD ./Obj/tasks.os
LOAD ./Obj/timers.os
LOAD ./Obj/cmsis_os.os
LOAD ./Obj/heap_4.os
LOAD ./Obj/port.os
LOAD c:/stm32/stm32h750-discovery/thirdparty/gcc-arm-none-eabi/bin/../lib/gcc/arm-none-eabi/11.2.1/../../../../arm-none-eabi/lib/thumb/v7e-m+dp/hard\libm.a
LOAD c:/stm32/stm32h750-discovery/thirdparty/gcc-arm-none-eabi/bin/../lib/gcc/arm-none-eabi/11.2.1/../../../../arm-none-eabi/lib/thumb/v7e-m+dp/hard\libc.a
LOAD c:/stm32/stm32h750-discovery/thirdparty/gcc-arm-none-eabi/bin/../lib/gcc/arm-none-eabi/11.2.1/../../../../arm-none-eabi/lib/thumb/v7e-m+dp/hard\libnosys.a
LOAD ../../../PlatformPackage/RGB565\libewgfx-m7-gcc.a
LOAD ../../../PlatformPackage/RTE\libewrte-m7-gcc.a
START GROUP
LOAD c:/stm32/stm32h750-discovery/thirdparty/gcc-arm-none-eabi/bin/../lib/gcc/arm-none-eabi/11.2.1/thumb/v7e-m+dp/hard\libgcc.a
LOAD c:/stm32/stm32h750-discovery/thirdparty/gcc-arm-none-eabi/bin/../lib/gcc/arm-none-eabi/11.2.1/../../../../arm-none-eabi/lib/thumb/v7e-m+dp/hard\libc.a
END GROUP
LOAD c:/stm32/stm32h750-discovery/thirdparty/gcc-arm-none-eabi/bin/../lib/gcc/arm-none-eabi/11.2.1/thumb/v7e-m+dp/hard/crtend.o
LOAD c:/stm32/stm32h750-discovery/thirdparty/gcc-arm-none-eabi/bin/../lib/gcc/arm-none-eabi/11.2.1/thumb/v7e-m+dp/hard/crtn.o
                0x2001fff0                _estack = 0x2001fff0
                0x00000200                _Min_Heap_Size = 0x200
                0x00002000                _Min_Stack_Size = 0x2000

.isr_vector     0x90000000      0x298
                0x90000000                . = ALIGN (0x4)
 *(.isr_vector)
 .isr_vector    0x90000000      0x298 C:\Users\Kristian\AppData\Local\Temp\ccqsv3L7.o
                0x90000000                g_pfnVectors
                0x90000298                . = ALIGN (0x4)

.SectionEwResource
                0x90000298     0x8fec
                0x90000298                . = ALIGN (0x4)
 *(.SectionEwResource)
 .SectionEwResource
                0x90000298      0x100 ./Obj/Core.o
 .SectionEwResource
                0x90000398      0x130 ./Obj/Graphics.o
 .SectionEwResource
                0x900004c8     0x8504 ./Obj/Resources.o
                0x900004c8                _kv_ResourcesFontExtraLarge
                0x900004cc                _kc_ResourcesFontExtraLarge
                0x900004d0                ____ResourcesFontExtraLarge
                0x9000750c                ___ResourcesFontExtraLarge
                0x9000811c                _kv_ResourcesDefaultFont
                0x90008158                _kc_ResourcesDefaultFont
                0x90008244                ____ResourcesDefaultFont
                0x90008364                ___ResourcesDefaultFont
 .SectionEwResource
                0x900089cc      0x8b8 ./Obj/Application.o
                0x900089cc                _cl_ApplicationOcenaDefault
                0x900089d0                _cp_ApplicationOcenaDefault
                0x90008bac                _cl_ApplicationLogoDefault
                0x90008bb0                _cp_ApplicationLogoDefault
                0x90009284                . = ALIGN (0x4)

.text           0x90009290    0x35580
                0x90009290                . = ALIGN (0x4)
 *(.text)
 .text          0x90009290      0x134 c:/stm32/stm32h750-discovery/thirdparty/gcc-arm-none-eabi/bin/../lib/gcc/arm-none-eabi/11.2.1/../../../../arm-none-eabi/lib/thumb/v7e-m+dp/hard\libc.a(lib_a-memcpy.o)
                0x90009290                memcpy
 .text          0x900093c4     0x93a4 ../../../PlatformPackage/RGB565\libewgfx-m7-gcc.a(ewextpxl_RGB565.o)
                0x900093c4                EwCreateNativeSurface
                0x90009430                EwCreateConstNativeSurface
                0x900094ac                EwDestroyNativeSurface
                0x900094dc                EwGetNativeSurfaceMemory
                0x9000950e                EwGetNativeSurfaceMemSize
                0x90009516                EwCreateScreenSurface
                0x90009580                EwDestroyScreenSurface
                0x900095a0                EwGetScreenSurfaceMemory
                0x900095c6                EwGetScreenSurfaceMemSize
                0x900095cc                EwCreateConstRGB565Surface
                0x90009644                EwCreateRGB565Surface
                0x900096ac                EwDestroyRGB565Surface
                0x900096d8                EwGetRGB565SurfaceMemory
                0x9000970a                EwGetRGB565SurfaceMemSize
                0x90009712                EwPackColor
                0x90009720                EwPackClutEntry
                0x9000972e                EwSetPixelSolid
                0x90009762                EwSetPixelSolidBlend
                0x90009814                EwFillRowSolid
                0x9000984a                EwFillRowSolidBlend
                0x90009904                EwFillRowGradient
                0x9000995e                EwFillRowGradientBlend
                0x90009a40                EwCopyNativeRow
                0x90009a58                EwCopyNativeRowBlend
                0x90009aec                EwCopyNativeRowSolid
                0x90009b18                EwCopyNativeRowSolidBlend
                0x90009bb8                EwCopyNativeRowGradient
                0x90009be8                EwCopyNativeRowGradientBlend
                0x90009c9c                EwCopyIndex8Row
                0x90009cbc                EwCopyIndex8RowBlend
                0x90009d60                EwCopyIndex8RowSolid
                0x90009d94                EwCopyIndex8RowSolidBlend
                0x90009e48                EwCopyIndex8RowGradient
                0x90009e82                EwCopyIndex8RowGradientBlend
                0x90009f40                EwCopyAlpha8RowSolid
                0x90009f94                EwCopyAlpha8RowSolidBlend
                0x9000a070                EwCopyAlpha8RowGradient
                0x9000a0f4                EwCopyAlpha8RowGradientBlend
                0x9000a1f8                EwCopyRGB565Row
                0x9000a23a                EwCopyRGB565RowSolid
                0x9000a28c                EwCopyRGB565RowSolidBlend
                0x9000a35c                EwCopyRGB565RowGradient
                0x9000a3b8                EwCopyRGB565RowGradientBlend
                0x9000a494                EwWarpNativeRow
                0x9000a4d8                EwWarpNativeRowFilter
                0x9000a5c8                EwWarpNativeRowBlend
                0x9000a68c                EwWarpNativeRowFilterBlend
                0x9000a7fc                EwWarpNativeRowGradient
                0x9000a8be                EwWarpNativeRowFilterGradient
                0x9000aa34                EwWarpNativeRowGradientBlend
                0x9000ab6c                EwWarpNativeRowFilterGradientBlend
                0x9000ad48                EwWarpIndex8Row
                0x9000ad8a                EwWarpIndex8RowFilter
                0x9000ae8e                EwWarpIndex8RowBlend
                0x9000af54                EwWarpIndex8RowFilterBlend
                0x9000b0d4                EwWarpIndex8RowGradient
                0x9000b1a2                EwWarpIndex8RowFilterGradient
                0x9000b324                EwWarpIndex8RowGradientBlend
                0x9000b468                EwWarpIndex8RowFilterGradientBlend
                0x9000b650                EwWarpAlpha8RowGradient
                0x9000b7cc                EwWarpAlpha8RowFilterGradient
                0x9000b996                EwWarpAlpha8RowGradientBlend
                0x9000bb90                EwWarpAlpha8RowFilterGradientBlend
                0x9000bddc                EwWarpRGB565Row
                0x9000be4a                EwWarpRGB565RowFilter
                0x9000bf60                EwWarpRGB565RowGradient
                0x9000c052                EwWarpRGB565RowFilterGradient
                0x9000c1e4                EwWarpRGB565RowGradientBlend
                0x9000c354                EwWarpRGB565RowFilterGradientBlend
                0x9000c55c                EwScreenSetPixelSolid
                0x9000c5c0                EwScreenSetPixelSolidBlend
                0x9000c644                EwScreenFillRowSolid
                0x9000c6cc                EwScreenFillRowSolidBlend
                0x9000c758                EwScreenFillRowGradient
                0x9000c7e2                EwScreenFillRowGradientBlend
                0x9000c892                EwScreenCopyNativeRow
                0x9000c8d8                EwScreenCopyNativeRowBlend
                0x9000c948                EwScreenCopyNativeRowSolid
                0x9000c996                EwScreenCopyNativeRowSolidBlend
                0x9000ca0c                EwScreenCopyNativeRowGradient
                0x9000ca60                EwScreenCopyNativeRowGradientBlend
                0x9000cad8                EwScreenCopyIndex8Row
                0x9000cb26                EwScreenCopyIndex8RowBlend
                0x9000cb98                EwScreenCopyIndex8RowSolid
                0x9000cbf0                EwScreenCopyIndex8RowSolidBlend
                0x9000cc70                EwScreenCopyIndex8RowGradient
                0x9000ccd6                EwScreenCopyIndex8RowGradientBlend
                0x9000cd5c                EwScreenCopyAlpha8RowSolid
                0x9000cdf0                EwScreenCopyAlpha8RowSolidBlend
                0x9000cea0                EwScreenCopyAlpha8RowGradient
                0x9000cf60                EwScreenCopyAlpha8RowGradientBlend
                0x9000d040                EwScreenCopyRGB565Row
                0x9000d058                EwScreenCopyRGB565RowSolid
                0x9000d094                EwScreenCopyRGB565RowSolidBlend
                0x9000d0e4                EwScreenCopyRGB565RowGradient
                0x9000d128                EwScreenCopyRGB565RowGradientBlend
                0x9000d186                EwScreenWarpNativeRow
                0x9000d204                EwScreenWarpNativeRowFilter
                0x9000d322                EwScreenWarpNativeRowBlend
                0x9000d3b2                EwScreenWarpNativeRowFilterBlend
                0x9000d4f2                EwScreenWarpNativeRowGradient
                0x9000d5f6                EwScreenWarpNativeRowFilterGradient
                0x9000d79e                EwScreenWarpNativeRowGradientBlend
                0x9000d8c4                EwScreenWarpNativeRowFilterGradientBlend
                0x9000da8a                EwScreenWarpIndex8Row
                0x9000db02                EwScreenWarpIndex8RowFilter
                0x9000dc34                EwScreenWarpIndex8RowBlend
                0x9000dcc8                EwScreenWarpIndex8RowFilterBlend
                0x9000de18                EwScreenWarpIndex8RowGradient
                0x9000df24                EwScreenWarpIndex8RowFilterGradient
                0x9000e0d8                EwScreenWarpIndex8RowGradientBlend
                0x9000e208                EwScreenWarpIndex8RowFilterGradientBlend
                0x9000e3da                EwScreenWarpAlpha8RowGradient
                0x9000e5b6                EwScreenWarpAlpha8RowFilterGradient
                0x9000e7de                EwScreenWarpAlpha8RowGradientBlend
                0x9000e9ce                EwScreenWarpAlpha8RowFilterGradientBlend
                0x9000ec0c                EwScreenWarpRGB565Row
                0x9000ec50                EwScreenWarpRGB565RowFilter
                0x9000ed34                EwScreenWarpRGB565RowGradient
                0x9000ee22                EwScreenWarpRGB565RowFilterGradient
                0x9000efbc                EwScreenWarpRGB565RowGradientBlend
                0x9000f0c2                EwScreenWarpRGB565RowFilterGradientBlend
                0x9000f270                EwWarpNativeRowSolid
                0x9000f274                EwWarpNativeRowSolidBlend
                0x9000f278                EwWarpNativeRowFilterSolid
                0x9000f27c                EwWarpNativeRowFilterSolidBlend
                0x9000f280                EwWarpIndex8RowSolid
                0x9000f284                EwWarpIndex8RowSolidBlend
                0x9000f288                EwWarpIndex8RowFilterSolid
                0x9000f28c                EwWarpIndex8RowFilterSolidBlend
                0x9000f290                EwWarpAlpha8RowSolid
                0x9000f294                EwWarpAlpha8RowSolidBlend
                0x9000f298                EwWarpAlpha8RowFilterSolid
                0x9000f29c                EwWarpAlpha8RowFilterSolidBlend
                0x9000f2a0                EwWarpRGB565RowSolid
                0x9000f2a4                EwWarpRGB565RowSolidBlend
                0x9000f2a8                EwWarpRGB565RowFilterSolid
                0x9000f2ac                EwWarpRGB565RowFilterSolidBlend
                0x9000f2b0                EwScreenWarpNativeRowSolid
                0x9000f2b4                EwScreenWarpNativeRowSolidBlend
                0x9000f2b8                EwScreenWarpNativeRowFilterSolid
                0x9000f2bc                EwScreenWarpNativeRowFilterSolidBlend
                0x9000f2c0                EwScreenWarpIndex8RowSolid
                0x9000f2c4                EwScreenWarpIndex8RowSolidBlend
                0x9000f2c8                EwScreenWarpIndex8RowFilterSolid
                0x9000f2cc                EwScreenWarpIndex8RowFilterSolidBlend
                0x9000f2d0                EwScreenWarpAlpha8RowSolid
                0x9000f2d4                EwScreenWarpAlpha8RowSolidBlend
                0x9000f2d8                EwScreenWarpAlpha8RowFilterSolid
                0x9000f2dc                EwScreenWarpAlpha8RowFilterSolidBlend
                0x9000f2e0                EwScreenWarpRGB565RowSolid
                0x9000f2e4                EwScreenWarpRGB565RowSolidBlend
                0x9000f2e8                EwScreenWarpRGB565RowFilterSolid
                0x9000f2ec                EwScreenWarpRGB565RowFilterSolidBlend
                0x9000f2f0                EwFilterNative
                0x9000f3b8                EwFilterNativeMask
                0x9000f488                EwFilterNativeTintByOpacity
                0x9000f5b0                EwFilterNativeTintByLuminance
                0x9000f738                EwFilterNativeMaskTintByOpacity
                0x9000f87c                EwFilterNativeMaskTintByLuminance
                0x9000fa38                EwFilterIndex8Mask
                0x9000fb0c                EwFilterIndex8TintByOpacity
                0x9000fc50                EwFilterIndex8TintByLuminance
                0x9000fde0                EwFilterIndex8MaskTintByOpacity
                0x9000ff40                EwFilterIndex8MaskTintByLuminance
                0x9001010c                EwFilterAlpha8Mask
                0x9001010e                EwFilterAlpha8TintByOpacity
                0x90010244                EwFilterAlpha8TintByLuminance
                0x90010246                EwFilterAlpha8MaskTintByOpacity
                0x90010394                EwFilterAlpha8MaskTintByLuminance
                0x90010396                EwFilterRGB565Mask
                0x900104b8                EwFilterRGB565TintByOpacity
                0x900104ba                EwFilterRGB565TintByLuminance
                0x90010660                EwFilterRGB565MaskTintByOpacity
                0x90010662                EwFilterRGB565MaskTintByLuminance
                0x90010848                EwScreenFilterNative
                0x90010914                EwScreenFilterNativeMask
                0x900109e4                EwScreenFilterNativeTintByOpacity
                0x90010b14                EwScreenFilterNativeTintByLuminance
                0x90010ca8                EwScreenFilterNativeMaskTintByOpacity
                0x90010df4                EwScreenFilterNativeMaskTintByLuminance
                0x90010fa8                EwScreenFilterIndex8Mask
                0x90011088                EwScreenFilterIndex8TintByOpacity
                0x900111d4                EwScreenFilterIndex8TintByLuminance
                0x90011370                EwScreenFilterIndex8MaskTintByOpacity
                0x900114d4                EwScreenFilterIndex8MaskTintByLuminance
                0x90011698                EwScreenFilterAlpha8Mask
                0x9001169a                EwScreenFilterAlpha8TintByOpacity
                0x900117e0                EwScreenFilterAlpha8TintByLuminance
                0x900117e2                EwScreenFilterAlpha8MaskTintByOpacity
                0x90011938                EwScreenFilterAlpha8MaskTintByLuminance
                0x9001193a                EwScreenFilterRGB565Mask
                0x900119d4                EwScreenFilterRGB565TintByOpacity
                0x900119d6                EwScreenFilterRGB565TintByLuminance
                0x90011b84                EwScreenFilterRGB565MaskTintByOpacity
                0x90011b86                EwScreenFilterRGB565MaskTintByLuminance
                0x90011d6c                EwFilterNativeBlur
                0x90011fec                EwFilterIndex8Blur
                0x900121ec                EwAlpha8FilterAlpha8Blur
                0x900122c0                EwFilterRGB565Blur
                0x9001248c                EwScreenFilterNativeBlur
                0x90012748                EwGetColorFormatSpecificInfo
 .text          0x90012768     0x96dc ../../../PlatformPackage/RGB565\libewgfx-m7-gcc.a(ewgfx.o)
                0x90013e16                EwGetGraphicsEngineInfo
                0x90013e98                EwEnableGfxTaskTracing
                0x90013ea8                EwFreeBitmap
                0x90013f34                EwDoneGraphicsEngine
                0x90013f9c                EwCreateBitmap
                0x90014054                EwCreateBitmapWrapped
                0x90014108                EwLoadBitmap
                0x900142c0                EwLockBitmap
                0x90014424                EwUnlockBitmap
                0x9001447c                EwInitGraphicsEngine
                0x9001463c                EwModifyBitmapPalette
                0x9001474c                EwFlushBitmap
                0x9001479c                EwGetFontResource
                0x90014830                EwLoadFont
                0x90014930                EwFreeFont
                0x90014984                EwInitViewport
                0x90014aec                EwBeginUpdate
                0x90014bb4                EwBeginUpdateArea
                0x90014cdc                EwFillRectangle
                0x90014ef0                EwDrawBorder
                0x900150ca                EwCreatePath
                0x9001517c                EwGetSVGParserStatus
                0x90015188                EwGetSVGParserErrorPos
                0x90015194                EwFreePath
                0x90015240                EwGetMaxNoOfSubPaths
                0x9001527c                EwInitSubPath
                0x90015398                EwBeginSubPath
                0x9001547c                EwAddSubPathLine
                0x90015580                EwAddSubPathBezier2
                0x90015724                EwAddSubPathBezier3
                0x90015904                EwAddSubPathArc
                0x90015b0c                EwAddSubPathCopy
                0x90015ca8                EwCloseSubPath
                0x90015d78                EwShiftSubPathNodes
                0x90015e6c                EwSetSubPathNode
                0x90015f88                EwGetSubPathNodeX
                0x90015ff0                EwGetSubPathNodeY
                0x90016058                EwSetNoOfSubPathEdges
                0x900160f4                EwGetNoOfSubPathEdges
                0x90016144                EwGetNoOfFreeSubPathEdges
                0x90016200                EwIsSubPathClosed
                0x90016258                EwGetSubPathBounds
                0x900162d4                EwGetPathBounds
                0x90016334                EwTranslatePathMatrix
                0x900163ac                EwScalePathMatrix
                0x90016424                EwRotatePathMatrix
                0x900164bc                EwPushPathMatrix
                0x9001656c                EwPopPathMatrix
                0x900165ec                EwCreatePathFromSVGString
                0x900173fa                EwInitPathMatrix
                0x90017444                EwFillPath
                0x900177ce                EwStrokePath
                0x90017db4                EwGetBitmapFromFillPath
                0x90017ff8                EwGetBitmapFromStrokePath
                0x9001840c                EwCopyBitmap
                0x900187be                EwEndUpdate
                0x90018b22                EwDoneViewport
                0x90018b98                EwConfigViewport
                0x90018bfc                EwTileBitmap
                0x90018f54                EwWarpBitmap
                0x9001962e                EwAdjustFilterBlurRadius
                0x9001963a                EwFilterBitmap
                0x90019d78                EwDrawLine
                0x90019f5c                EwGetTextExtent
                0x9001a120                EwGetTextAdvance
                0x9001a270                EwDrawText
                0x9001a9c8                EwGetTextColumnAtPosition
                0x9001aba8                EwGetPositionAtTextColumn
                0x9001ad74                EwIsGlyphAvailable
                0x9001adf0                EwGetGlyphId
                0x9001ae6c                EwGetGlyphMetrics
                0x9001aeec                EwGetKerning
                0x9001af48                EwDrawBitmapFrame
                0x9001bca4                EwIndexToColor
                0x9001bcac                EwColorToIndex
                0x9001bcb4                EwAllocUserColor
                0x9001bcbc                EwFreeUserColor
                0x9001bcbe                EwSetUserColor
                0x9001bcc4                EwFindUserColor
                0x9001bccc                EwGetOverlayArea
                0x9001bd5c                EwCanDiscardSurface
 .text          0x9001be44     0x31c4 ../../../PlatformPackage/RGB565\libewgfx-m7-gcc.a(ewgfxattrtext.o)
                0x9001c13c                EwInitAttrText
                0x9001c140                EwParseFlowString
                0x9001c82a                EwGetFlowTextAdvance
                0x9001c8ac                EwCreateAttrSet
                0x9001c9a0                EwFreeAttrSet
                0x9001ca10                EwGetNoOfAttrFonts
                0x9001ca4c                EwGetNoOfAttrBitmaps
                0x9001ca88                EwGetNoOfAttrColors
                0x9001cac4                EwGetAttrFont
                0x9001cb14                EwGetAttrBitmap
                0x9001e128                EwGetAttrColor
                0x9001e830                EwSetAttrFont
                0x9001e87c                EwSetAttrBitmap
                0x9001e8c8                EwSetAttrColor
                0x9001e918                EwParseAttrString
                0x9001eb80                EwFreeAttrString
                0x9001ebfc                EwDrawAttrText
                0x9001ed2c                EwGetAttrTextSize
                0x9001edd0                EwIsAttrTextRTL
                0x9001ee14                EwGetNoOfAttrLinks
                0x9001ee50                EwGetAttrLinkName
                0x9001eea8                EwGetNoOfAttrLinkRegions
                0x9001eef8                EwGetAttrLinkRect
                0x9001ef98                EwGetAttrLinkBaseline
 .text          0x9001f008     0x17c0 ../../../PlatformPackage/RGB565\libewgfx-m7-gcc.a(ewgfxbidi.o)
                0x9001f106                EwInitBidi
                0x9001f10a                EwCreateBidi
                0x9001f1b0                EwFreeBidi
                0x9001f208                EwBidiIsNeeded
                0x9001f24c                EwBidiIsRTL
                0x9001f290                EwBidiGetCharLevel
                0x9001f2e4                EwBidiInit
                0x9001f47c                EwBidiProcess
                0x9001fef8                EwBidiApplyShaping
                0x900202a0                EwBidiMirrorGlyphs
                0x90020310                EwBidiCompleteRow
                0x9002039c                EwBidiReorderChars
                0x90020494                EwBidiReorderDWords
                0x9002059c                EwBidiReorderIndex
                0x90020668                EwBidiReverseReorderIndex
                0x90020764                EwBidiGetTypesAndLevels
 .text          0x900207c8     0x14d4 ../../../PlatformPackage/RGB565\libewgfx-m7-gcc.a(ewgfxcore.o)
                0x90020d98                EwDoneGfxCore
                0x90020e48                EwCreateSurface
                0x90020f84                EwInitGfxCore
                0x90021178                EwCreateConstSurface
                0x90021290                EwCreateSurfaceWrapped
                0x90021318                EwFindSurface
                0x90021398                EwFreeSurface
                0x900213cc                EwUnlockSurface
                0x90021500                EwCreateGlyph
                0x900215d8                EwMapGlyph
                0x900217d8                EwFindGlyph
                0x9002181c                EwFreeGlyph
                0x90021824                EwDiscardGlyph
                0x9002182e                EwUnlockGlyphCache
                0x90021840                EwInitIssue
                0x90021914                EwAllocTask
                0x90021952                EwAllocTasks
                0x90021986                EwAllocTaskData
                0x900219ba                EwFreeTaskData
                0x900219cc                EwFlushTasks
                0x90021a64                EwDoneIssue
                0x90021ab8                EwWaitForSurface
                0x90021afc                EwLockSurface
                0x90021c5e                EwLockGlyphCache
                0x90021c90                EwCleanSurfaceCache
 .text          0x90021c9c     0x2d98 ../../../PlatformPackage/RGB565\libewgfx-m7-gcc.a(ewgfxdriver.o)
                0x900226be                EwDestroyIndex8Surface
                0x900226ec                EwGetIndex8SurfaceMemory
                0x90022722                EwGetIndex8SurfaceMemSize
                0x9002272a                EwDestroyAlpha8Surface
                0x90022754                EwGetAlpha8SurfaceMemory
                0x90022782                EwGetAlpha8SurfaceMemSize
                0x90022788                EwInitSingleColorGradient
                0x900227d0                EwInitColorGradient
                0x9002290c                EwInitOpacityGradient
                0x900229a8                EwGetColorFromGradient
                0x90022a78                EwGetOpacityFromGradient
                0x90022acc                EwRasterAlpha8Polygon
                0x90022bf8                EwEmulateLine
                0x90022cd4                EwEmulateFill
                0x90022e76                EwEmulateCopy
                0x90023064                EwEmulateWarp
                0x900239bc                EwEmulateMaskTintFilter
                0x90023c32                EwEmulateBlurFilter
                0x90023d1a                EwEmulateMaskTintBlurFilter
                0x900240e8                EwEmulateBlurMaskTintFilter
                0x900244c0                EwEmulateFillPolygon
                0x9002484c                EwAllocVideo
                0x90024870                EwCreateIndex8Surface
                0x900248dc                EwCreateConstIndex8Surface
                0x90024958                EwCreateAlpha8Surface
                0x900249bc                EwCreateConstAlpha8Surface
                0x90024a30                EwFreeVideo
 .text          0x90024a34     0x2988 ../../../PlatformPackage/RGB565\libewgfx-m7-gcc.a(ewgfxtasks.o)
                0x90024da6                EwGfxTasksInit
                0x90024daa                EwReorderTasks
                0x9002500c                EwReverseTasks
                0x90025020                EwEliminateTasks
                0x900252f2                EwExecuteTasks
                0x900272c8                EwCompleteTasks
                0x90027368                EwCountTasks
                0x900273ac                EwTraceTasks
 .text          0x900273bc      0x30c ../../../PlatformPackage/RGB565\libewgfx-m7-gcc.a(ewextbmp_RGB565.o)
                0x900273bc                EwBmpInit
                0x900273e0                EwBmpDone
                0x900273e2                EwBmpOpen
                0x9002747c                EwBmpClose
                0x9002747e                EwBmpGetMetrics
                0x900274dc                EwBmpGetFrameMetrics
                0x9002750c                EwBmpGetFrameMemory
                0x90027594                EwBmpLoadFrame
                0x9002762c                EwBmpLoadClut
                0x900276a8                EwBmpLoadMappingTable
 .text          0x900276c8      0x734 ../../../PlatformPackage/RGB565\libewgfx-m7-gcc.a(ewextfnt.o)
                0x90027744                EwFntInit
                0x90027748                EwFntDone
                0x9002774a                EwFntGetResource
                0x9002774e                EwFntOpen
                0x90027770                EwFntClose
                0x90027772                EwFntGetResourceName
                0x90027778                EwFntGetMetrics
                0x9002778a                EwFntGetGlyphMetrics
                0x90027838                EwFntGetKerning
                0x900278f4                EwFntIsGlyphAvailable
                0x9002790a                EwFntGetGlyphId
                0x90027936                EwFntInitShaper
                0x9002793a                EwFntDoneShaper
                0x9002793c                EwFntResetShaper
                0x9002793e                EwFntSaveShaper
                0x90027940                EwFntRestoreShaper
                0x90027942                EwFntShapeCluster
                0x900279b2                EwFntLoadGlyph
 .text          0x90027dfc      0x350 ../../../PlatformPackage/RTE\libewrte-m7-gcc.a(ewcolor.o)
                0x90027dfc                EwNewColor
                0x90027e16                EwMinusColor
                0x90027e74                EwPlusColor
                0x90027eda                EwBlendColor
                0x90027f6e                EwBlendColorInt
                0x90027fc0                EwBlendColorUInt
                0x90028014                EwSetColorRed
                0x90028040                EwSetColorGreen
                0x9002806c                EwSetColorBlue
                0x90028098                EwSetColorAlpha
                0x900280c4                EwCompColor
                0x90028100                EwIsColorNull
                0x9002811e                EwGetVariantOfColor
 .text          0x9002814c      0x910 ../../../PlatformPackage/RTE\libewrte-m7-gcc.a(ewdebug.o)
                0x9002814c                EwGetRuntimeEnvironmentInfo
                0x9002815c                EwPrint
                0x900285ce                EwThrow
                0x900285e4                EwError
                0x900285f0                EwTrace
                0x90028a00                EwErrorS
                0x90028a10                EwErrorSD
                0x90028a20                EwErrorPD
                0x90028a30                EwErrorDD
                0x90028a40                EwErrorPDS
 .text          0x90028a5c      0xab0 ../../../PlatformPackage/RTE\libewrte-m7-gcc.a(ewheap.o)
                0x90028a5c                EwInitHeap
                0x90028ab0                EwDoneHeap
                0x90028afc                EwAddHeapMemoryPool
                0x90028ba4                EwGetHeapInfo
                0x90028ca8                EwDumpHeap
                0x90028e08                EwVerifyHeap
                0x90029034                EwAllocHeapBlock
                0x90029230                EwFreeHeapBlock
                0x900294ec                EwIsHeapPtr
 .text          0x9002950c      0x498 ../../../PlatformPackage/RTE\libewrte-m7-gcc.a(ewinvocations.o)
                0x90029534                EwInitInvocations
                0x900295d4                EwDoneInvocations
                0x9002961c                EwInvoke
                0x900296ac                EwInvokeCopy
                0x900297a8                EwProcessInvocations
 .text          0x900299a4      0x998 ../../../PlatformPackage/RTE\libewrte-m7-gcc.a(ewobject.o)
                0x900299a4                XObject__Init
                0x900299b0                XObject__ReInit
                0x900299b2                XObject__Done
                0x900299b4                EwSetStackAddressArea
                0x900299cc                EwNewObjectIndirect
                0x90029a78                EwAttachObjectVariant
                0x90029b34                EwDetachObjectVariant
                0x90029b88                EwGetAutoObject
                0x90029c70                EwCastObject
                0x90029cc8                EwCastClass
                0x90029d10                EwClassOf
                0x90029d16                EwLockObject
                0x90029d8c                EwUnlockObject
                0x90029e08                EwSetAppRootObject
                0x90029e14                EwGetAppRootObject
                0x90029e20                EwReclaimMemory
                0x9002a0f8                EwImmediateReclaimMemory
                0x9002a0fc                EwTestImmediateReclaimMemory
                0x9002a100                EwReconstructObjects
                0x9002a13c                EwPrintProfilerStatistic
 .text          0x9002a33c       0xec ../../../PlatformPackage/RTE\libewrte-m7-gcc.a(ewpoint.o)
                0x9002a33c                EwNewPoint
                0x9002a342                EwCompPoint
                0x9002a36a                EwIsPointNull
                0x9002a380                EwMovePointNeg
                0x9002a3a4                EwMovePointPos
                0x9002a3ca                EwNegPoint
                0x9002a3e0                EwSetPointX
                0x9002a3f8                EwSetPointY
                0x9002a410                EwGetVariantOfPoint
 .text          0x9002a428      0x574 ../../../PlatformPackage/RTE\libewrte-m7-gcc.a(ewrect.o)
                0x9002a428                EwNewRect
                0x9002a436                EwNewRect2Point
                0x9002a466                EwCompRect
                0x9002a496                EwIsRectNull
                0x9002a4b6                EwIsPointInRect
                0x9002a4e4                EwIsRectEmpty
                0x9002a504                EwInflateRect
                0x9002a530                EwIntersectRect
                0x9002a5a2                EwUnionRect
                0x9002a630                EwIntersectRect2
                0x9002a6be                EwMoveRectNeg
                0x9002a6ea                EwMoveRectPos
                0x9002a718                EwGetRectH
                0x9002a728                EwGetRectW
                0x9002a73a                EwGetRectArea
                0x9002a752                EwGetRectSize
                0x9002a770                EwGetRectORect
                0x9002a794                EwGetRectCenter
                0x9002a7c2                EwSetRectSize
                0x9002a7ee                EwSetRectOrigin
                0x9002a81c                EwSetRectX1
                0x9002a83c                EwSetRectY1
                0x9002a85c                EwSetRectX2
                0x9002a87c                EwSetRectY2
                0x9002a89c                EwSetRectX
                0x9002a8c4                EwSetRectY
                0x9002a8ee                EwSetRectW
                0x9002a912                EwSetRectH
                0x9002a936                EwSetRectPoint1
                0x9002a95c                EwSetRectPoint2
                0x9002a984                EwGetVariantOfRect
 .text          0x9002a99c      0x53c ../../../PlatformPackage/RTE\libewrte-m7-gcc.a(ewresource.o)
                0x9002a9bc                EwRegisterResource
                0x9002aa70                EwDeregisterResource
                0x9002aad4                EwGetLanguage
                0x9002aae0                EwSetLanguage
                0x9002aafc                EwGetStyles
                0x9002ab08                EwSetStyles
                0x9002ab14                EwStylesContains
                0x9002ab26                EwGetVariantOf
                0x9002ab78                EwLoadResource
                0x9002abf4                EwGetVariantOfLangId
                0x9002ac00                EwGetVariantOfStylesSet
                0x9002ac0c                EwDecompress
                0x9002ae64                EwAdaptByteOrder2
                0x9002ae66                EwAdaptByteOrder4
                0x9002ae68                EwReleaseDecompressBuffers
                0x9002ae90                EwRegisterFlashAreaReader
 .text          0x9002aed8      0x6f4 ../../../PlatformPackage/RTE\libewrte-m7-gcc.a(ewscalars.o)
                0x9002aed8                EwSetContains
                0x9002aeea                EwGetVariantOfInt8
                0x9002aef8                EwGetVariantOfInt16
                0x9002af06                EwGetVariantOfInt32
                0x9002af12                EwGetVariantOfInt64
                0x9002af20                EwGetVariantOfUInt8
                0x9002af2c                EwGetVariantOfUInt16
                0x9002af38                EwGetVariantOfUInt32
                0x9002af44                EwGetVariantOfUInt64
                0x9002af52                EwGetVariantOfBool
                0x9002af5e                EwGetVariantOfFloat
                0x9002af6c                EwGetVariantOfEnum
                0x9002af78                EwGetVariantOfSet
                0x9002af84                EwGetInt32Abs
                0x9002af8c                EwGetInt64Abs
                0x9002af9c                EwGetFloatAbs
                0x9002afac                EwGetPointAbs
                0x9002afce                EwGetRectAbs
                0x9002b008                EwGetInt32UAbs
                0x9002b010                EwGetInt64UAbs
                0x9002b020                EwNewFloatNaN
                0x9002b02c                EwNewFloatInfP
                0x9002b038                EwNewFloatInfN
                0x9002b044                EwIsFloatNaN
                0x9002b070                EwIsFloatInf
                0x9002b082                EwIsFloatInfP
                0x9002b090                EwIsFloatInfN
                0x9002b0a0                EwGetInt32Min
                0x9002b0cc                EwGetUInt32Min
                0x9002b0f8                EwGetInt64Min
                0x9002b142                EwGetUInt64Min
                0x9002b18c                EwGetFloatMin
                0x9002b1ec                EwGetColorMin
                0x9002b262                EwGetPointMin
                0x9002b2a2                EwGetRectMin
                0x9002b2fc                EwGetInt32Max
                0x9002b328                EwGetUInt32Max
                0x9002b354                EwGetInt64Max
                0x9002b39e                EwGetUInt64Max
                0x9002b3e8                EwGetFloatMax
                0x9002b44a                EwGetColorMax
                0x9002b4c0                EwGetPointMax
                0x9002b500                EwGetRectMax
                0x9002b55a                EwMathLength
                0x9002b56a                EwMathLengthPoint
                0x9002b590                EwMathTrunc
                0x9002b5a2                EwMathFract
 .text          0x9002b5cc      0x9e0 ../../../PlatformPackage/RTE\libewrte-m7-gcc.a(ewslot.o)
                0x9002b714                EwMarkSignals
                0x9002b768                EwDiscardSignals
                0x9002b780                EwDisposeObservers
                0x9002b7a4                EwDisposeSignals
                0x9002b7bc                EwNewSlot
                0x9002b7c2                EwCompSlot
                0x9002b7ea                EwIsSlotNull
                0x9002b802                EwSignal
                0x9002b854                EwPostSignal
                0x9002b8b8                EwIdleSignal
                0x9002b910                EwProcessSignals
                0x9002b990                EwAnyPendingSignals
                0x9002b9a8                EwAttachObjObserver
                0x9002bab8                EwAttachRefObserver
                0x9002bbcc                EwAttachObserver
                0x9002bcc8                EwDetachObjObserver
                0x9002bd58                EwDetachRefObserver
                0x9002bdfc                EwDetachObserver
                0x9002be84                EwNotifyObjObservers
                0x9002bee4                EwNotifyRefObservers
                0x9002bf54                EwNotifyObservers
 .text          0x9002bfac     0x19ec ../../../PlatformPackage/RTE\libewrte-m7-gcc.a(ewstring.o)
                0x9002c2c4                ToLower
                0x9002c3d4                EwDisposeStrings
                0x9002c4bc                EwCanMarkString
                0x9002c4fc                EwFormatUIntToAnsiString
                0x9002c5be                EwFormatIntToAnsiString
                0x9002c698                EwFormatUInt64ToAnsiString
                0x9002c79a                EwFormatInt64ToAnsiString
                0x9002c8ba                EwFormatFloatToAnsiString
                0x9002ca7c                EwNewString
                0x9002ca98                EwNewStringAnsi
                0x9002caca                EwNewStringUtf8
                0x9002cbba                EwNewStringUInt
                0x9002cbe6                EwNewStringInt
                0x9002cc12                EwNewStringUInt64
                0x9002cc40                EwNewStringInt64
                0x9002cc6e                EwNewStringFloat
                0x9002ccac                EwNewStringChar
                0x9002ccd0                EwCompString
                0x9002cd1c                EwLoadString
                0x9002cf68                EwShareString
                0x9002cf8a                EwConcatString
                0x9002cfd8                EwConcatStringChar
                0x9002d010                EwConcatCharString
                0x9002d046                EwGetStringChar
                0x9002d05e                EwSetStringChar
                0x9002d0a0                EwGetStringLength
                0x9002d0ae                EwIsStringEmpty
                0x9002d0c4                EwGetStringUpper
                0x9002d0f8                EwGetStringLower
                0x9002d12c                EwStringLeft
                0x9002d160                EwStringRight
                0x9002d19a                EwStringMiddle
                0x9002d1e0                EwStringInsert
                0x9002d254                EwStringRemove
                0x9002d2b2                EwStringFindChar
                0x9002d2ec                EwStringFind
                0x9002d34e                EwStringParseInt32
                0x9002d436                EwStringParseUInt32
                0x9002d520                EwStringParseInt64
                0x9002d640                EwStringParseUInt64
                0x9002d75a                EwStringParseFloat
                0x9002d86c                EwStringToAnsi
                0x9002d8b2                EwGetUtf8StringLength
                0x9002d8da                EwStringToUtf8
                0x9002d966                EwGetVariantOfString
                0x9002d978                EwGetVariantOfChar
                0x9002d984                EwGetCharUpper
                0x9002d98e                EwGetCharLower
 .text          0x9002d998      0x32c ../../../PlatformPackage/RTE\libewrte-m7-gcc.a(ewtimer.o)
                0x9002d9c0                EwCreateTimer
                0x9002da70                EwResetTimer
                0x9002dab4                EwDestroyTimer
                0x9002db3c                EwStartTimer
                0x9002dba4                EwProcessTimers
                0x9002dc64                EwNextTimerExpiration
 .text          0x9002dcc4      0x378 c:/stm32/stm32h750-discovery/thirdparty/gcc-arm-none-eabi/bin/../lib/gcc/arm-none-eabi/11.2.1/thumb/v7e-m+dp/hard\libgcc.a(_arm_addsubdf3.o)
                0x9002dcc4                __aeabi_drsub
                0x9002dccc                __aeabi_dsub
                0x9002dccc                __subdf3
                0x9002dcd0                __aeabi_dadd
                0x9002dcd0                __adddf3
                0x9002df48                __floatunsidf
                0x9002df48                __aeabi_ui2d
                0x9002df68                __floatsidf
                0x9002df68                __aeabi_i2d
                0x9002df8c                __aeabi_f2d
                0x9002df8c                __extendsfdf2
                0x9002dfd0                __floatundidf
                0x9002dfd0                __aeabi_ul2d
                0x9002dfe0                __floatdidf
                0x9002dfe0                __aeabi_l2d
 .text          0x9002e03c       0xa0 c:/stm32/stm32h750-discovery/thirdparty/gcc-arm-none-eabi/bin/../lib/gcc/arm-none-eabi/11.2.1/thumb/v7e-m+dp/hard\libgcc.a(_arm_truncdfsf2.o)
                0x9002e03c                __truncdfsf2
                0x9002e03c                __aeabi_d2f
 .text          0x9002e0dc       0x30 c:/stm32/stm32h750-discovery/thirdparty/gcc-arm-none-eabi/bin/../lib/gcc/arm-none-eabi/11.2.1/thumb/v7e-m+dp/hard\libgcc.a(_aeabi_uldivmod.o)
                0x9002e0dc                __aeabi_uldivmod
 .text          0x9002e10c        0x4 c:/stm32/stm32h750-discovery/thirdparty/gcc-arm-none-eabi/bin/../lib/gcc/arm-none-eabi/11.2.1/thumb/v7e-m+dp/hard\libgcc.a(_dvmd_tls.o)
                0x9002e10c                __aeabi_idiv0
                0x9002e10c                __aeabi_ldiv0
 *(.text*)
 .text.deregister_tm_clones
                0x9002e110       0x1c c:/stm32/stm32h750-discovery/thirdparty/gcc-arm-none-eabi/bin/../lib/gcc/arm-none-eabi/11.2.1/thumb/v7e-m+dp/hard/crtbegin.o
 .text.register_tm_clones
                0x9002e12c       0x24 c:/stm32/stm32h750-discovery/thirdparty/gcc-arm-none-eabi/bin/../lib/gcc/arm-none-eabi/11.2.1/thumb/v7e-m+dp/hard/crtbegin.o
 .text.__do_global_dtors_aux
                0x9002e150       0x28 c:/stm32/stm32h750-discovery/thirdparty/gcc-arm-none-eabi/bin/../lib/gcc/arm-none-eabi/11.2.1/thumb/v7e-m+dp/hard/crtbegin.o
 .text.frame_dummy
                0x9002e178       0x24 c:/stm32/stm32h750-discovery/thirdparty/gcc-arm-none-eabi/bin/../lib/gcc/arm-none-eabi/11.2.1/thumb/v7e-m+dp/hard/crtbegin.o
 .text.Reset_Handler
                0x9002e19c       0x50 C:\Users\Kristian\AppData\Local\Temp\ccqsv3L7.o
                0x9002e19c                Reset_Handler
 .text.Default_Handler
                0x9002e1ec        0x2 C:\Users\Kristian\AppData\Local\Temp\ccqsv3L7.o
                0x9002e1ec                RTC_Alarm_IRQHandler
                0x9002e1ec                HASH_RNG_IRQHandler
                0x9002e1ec                EXTI2_IRQHandler
                0x9002e1ec                TIM8_CC_IRQHandler
                0x9002e1ec                HRTIM1_Master_IRQHandler
                0x9002e1ec                UART8_IRQHandler
                0x9002e1ec                SPI4_IRQHandler
                0x9002e1ec                TIM1_CC_IRQHandler
                0x9002e1ec                BDMA_Channel6_IRQHandler
                0x9002e1ec                DMA2_Stream5_IRQHandler
                0x9002e1ec                HRTIM1_FLT_IRQHandler
                0x9002e1ec                JPEG_IRQHandler
                0x9002e1ec                DMA1_Stream5_IRQHandler
                0x9002e1ec                BDMA_Channel1_IRQHandler
                0x9002e1ec                HRTIM1_TIMD_IRQHandler
                0x9002e1ec                TAMP_STAMP_IRQHandler
                0x9002e1ec                EXTI3_IRQHandler
                0x9002e1ec                LPTIM4_IRQHandler
                0x9002e1ec                TIM8_TRG_COM_TIM14_IRQHandler
                0x9002e1ec                LPTIM2_IRQHandler
                0x9002e1ec                DFSDM1_FLT1_IRQHandler
                0x9002e1ec                DMAMUX2_OVR_IRQHandler
                0x9002e1ec                TIM8_UP_TIM13_IRQHandler
                0x9002e1ec                I2C3_ER_IRQHandler
                0x9002e1ec                DFSDM1_FLT2_IRQHandler
                0x9002e1ec                MDMA_IRQHandler
                0x9002e1ec                LPTIM3_IRQHandler
                0x9002e1ec                HSEM1_IRQHandler
                0x9002e1ec                EXTI0_IRQHandler
                0x9002e1ec                I2C2_EV_IRQHandler
                0x9002e1ec                DMA1_Stream2_IRQHandler
                0x9002e1ec                FPU_IRQHandler
                0x9002e1ec                OTG_HS_WKUP_IRQHandler
                0x9002e1ec                FDCAN1_IT1_IRQHandler
                0x9002e1ec                LTDC_ER_IRQHandler
                0x9002e1ec                DMA2_Stream2_IRQHandler
                0x9002e1ec                HRTIM1_TIME_IRQHandler
                0x9002e1ec                SPI1_IRQHandler
                0x9002e1ec                TIM6_DAC_IRQHandler
                0x9002e1ec                DCMI_IRQHandler
                0x9002e1ec                HRTIM1_TIMC_IRQHandler
                0x9002e1ec                DMA2_Stream3_IRQHandler
                0x9002e1ec                SAI2_IRQHandler
                0x9002e1ec                DFSDM1_FLT3_IRQHandler
                0x9002e1ec                USART6_IRQHandler
                0x9002e1ec                TIM17_IRQHandler
                0x9002e1ec                USART3_IRQHandler
                0x9002e1ec                BDMA_Channel7_IRQHandler
                0x9002e1ec                CRYP_IRQHandler
                0x9002e1ec                LPTIM5_IRQHandler
                0x9002e1ec                UART5_IRQHandler
                0x9002e1ec                ADC3_IRQHandler
                0x9002e1ec                DMA2_Stream0_IRQHandler
                0x9002e1ec                TIM4_IRQHandler
                0x9002e1ec                BDMA_Channel2_IRQHandler
                0x9002e1ec                QUADSPI_IRQHandler
                0x9002e1ec                I2C1_EV_IRQHandler
                0x9002e1ec                DMA1_Stream6_IRQHandler
                0x9002e1ec                DMAMUX1_OVR_IRQHandler
                0x9002e1ec                DMA1_Stream1_IRQHandler
                0x9002e1ec                TIM16_IRQHandler
                0x9002e1ec                UART4_IRQHandler
                0x9002e1ec                BDMA_Channel5_IRQHandler
                0x9002e1ec                TIM3_IRQHandler
                0x9002e1ec                RCC_IRQHandler
                0x9002e1ec                TIM8_BRK_TIM12_IRQHandler
                0x9002e1ec                TIM1_TRG_COM_IRQHandler
                0x9002e1ec                Default_Handler
                0x9002e1ec                ECC_IRQHandler
                0x9002e1ec                CEC_IRQHandler
                0x9002e1ec                BDMA_Channel0_IRQHandler
                0x9002e1ec                ADC_IRQHandler
                0x9002e1ec                DMA1_Stream7_IRQHandler
                0x9002e1ec                HRTIM1_TIMA_IRQHandler
                0x9002e1ec                SPI5_IRQHandler
                0x9002e1ec                TIM7_IRQHandler
                0x9002e1ec                SDMMC1_IRQHandler
                0x9002e1ec                TIM5_IRQHandler
                0x9002e1ec                DMA2_Stream7_IRQHandler
                0x9002e1ec                TIM15_IRQHandler
                0x9002e1ec                PVD_AVD_IRQHandler
                0x9002e1ec                I2C3_EV_IRQHandler
                0x9002e1ec                EXTI9_5_IRQHandler
                0x9002e1ec                RTC_WKUP_IRQHandler
                0x9002e1ec                SAI3_IRQHandler
                0x9002e1ec                ETH_WKUP_IRQHandler
                0x9002e1ec                SPDIF_RX_IRQHandler
                0x9002e1ec                SPI2_IRQHandler
                0x9002e1ec                OTG_HS_EP1_IN_IRQHandler
                0x9002e1ec                DMA1_Stream0_IRQHandler
                0x9002e1ec                CRS_IRQHandler
                0x9002e1ec                EXTI4_IRQHandler
                0x9002e1ec                HRTIM1_TIMB_IRQHandler
                0x9002e1ec                FDCAN2_IT1_IRQHandler
                0x9002e1ec                ETH_IRQHandler
                0x9002e1ec                TIM1_UP_IRQHandler
                0x9002e1ec                BDMA_Channel4_IRQHandler
                0x9002e1ec                OTG_HS_EP1_OUT_IRQHandler
                0x9002e1ec                WWDG_IRQHandler
                0x9002e1ec                SPI6_IRQHandler
                0x9002e1ec                MDIOS_IRQHandler
                0x9002e1ec                I2C4_EV_IRQHandler
                0x9002e1ec                FDCAN2_IT0_IRQHandler
                0x9002e1ec                LPUART1_IRQHandler
                0x9002e1ec                FDCAN1_IT0_IRQHandler
                0x9002e1ec                TIM2_IRQHandler
                0x9002e1ec                OTG_FS_WKUP_IRQHandler
                0x9002e1ec                OTG_HS_IRQHandler
                0x9002e1ec                TIM1_BRK_IRQHandler
                0x9002e1ec                EXTI1_IRQHandler
                0x9002e1ec                SDMMC2_IRQHandler
                0x9002e1ec                OTG_FS_EP1_OUT_IRQHandler
                0x9002e1ec                BDMA_Channel3_IRQHandler
                0x9002e1ec                UART7_IRQHandler
                0x9002e1ec                MDIOS_WKUP_IRQHandler
                0x9002e1ec                USART2_IRQHandler
                0x9002e1ec                DFSDM1_FLT0_IRQHandler
                0x9002e1ec                SAI4_IRQHandler
                0x9002e1ec                I2C2_ER_IRQHandler
                0x9002e1ec                DMA2_Stream1_IRQHandler
                0x9002e1ec                FLASH_IRQHandler
                0x9002e1ec                DMA2_Stream4_IRQHandler
                0x9002e1ec                USART1_IRQHandler
                0x9002e1ec                OTG_FS_IRQHandler
                0x9002e1ec                SPI3_IRQHandler
                0x9002e1ec                WAKEUP_PIN_IRQHandler
                0x9002e1ec                DMA1_Stream4_IRQHandler
                0x9002e1ec                OTG_FS_EP1_IN_IRQHandler
                0x9002e1ec                I2C1_ER_IRQHandler
                0x9002e1ec                FMC_IRQHandler
                0x9002e1ec                FDCAN_CAL_IRQHandler
                0x9002e1ec                SWPMI1_IRQHandler
                0x9002e1ec                COMP1_IRQHandler
                0x9002e1ec                LPTIM1_IRQHandler
                0x9002e1ec                I2C4_ER_IRQHandler
                0x9002e1ec                DMA2_Stream6_IRQHandler
                0x9002e1ec                SAI1_IRQHandler
                0x9002e1ec                DMA1_Stream3_IRQHandler
 *fill*         0x9002e1ee        0x2 
 .text.GuiThread
                0x9002e1f0       0x34 ./Obj/main.o
 .text.startup.main
                0x9002e224       0x2c ./Obj/main.o
                0x9002e224                main
 .text.EwInit   0x9002e250      0x200 ./Obj/ewmain.o
                0x9002e250                EwInit
 .text.EwDone   0x9002e450       0x9c ./Obj/ewmain.o
                0x9002e450                EwDone
 .text.EwProcess
                0x9002e4ec      0x1d4 ./Obj/ewmain.o
                0x9002e4ec                EwProcess
 .text.EwPrintSystemInfo
                0x9002e6c0      0x2b8 ./Obj/ewmain.o
                0x9002e6c0                EwPrintSystemInfo
 .text.DeviceDriver_Initialize
                0x9002e978        0x4 ./Obj/DeviceDriver.o
                0x9002e978                DeviceDriver_Initialize
 .text.DeviceDriver_Deinitialize
                0x9002e97c        0x4 ./Obj/DeviceDriver.o
                0x9002e97c                DeviceDriver_Deinitialize
 .text.DeviceDriver_ProcessData
                0x9002e980        0x4 ./Obj/DeviceDriver.o
                0x9002e980                DeviceDriver_ProcessData
 .text.CoreView_Draw
                0x9002e984        0xc ./Obj/Core.o
                0x9002e984                CoreView_Draw
 .text.CoreView_HandleEvent
                0x9002e990        0x4 ./Obj/Core.o
                0x9002e990                CoreView_HandleEvent
 .text.CoreView_CursorHitTest
                0x9002e994       0x10 ./Obj/Core.o
                0x9002e994                CoreView_CursorHitTest
 .text.CoreView_AdjustDrawingArea
                0x9002e9a4       0x18 ./Obj/Core.o
                0x9002e9a4                CoreView_AdjustDrawingArea
 .text.CoreView_ArrangeView
                0x9002e9bc       0x10 ./Obj/Core.o
                0x9002e9bc                CoreView_ArrangeView
 .text.CoreView_MoveView
                0x9002e9cc        0xc ./Obj/Core.o
                0x9002e9cc                CoreView_MoveView
 .text.CoreView_GetExtent
                0x9002e9d8        0xc ./Obj/Core.o
                0x9002e9d8                CoreView_GetExtent
 .text.CoreRectView_GetExtent
                0x9002e9e4       0x10 ./Obj/Core.o
                0x9002e9e4                CoreRectView_GetExtent
 .text.CoreRoot_GetRoot
                0x9002e9f4        0x4 ./Obj/Core.o
                0x9002e9f4                CoreRoot_GetRoot
 .text.TimerProc
                0x9002e9f8        0x8 ./Obj/Core.o
 .text.CoreView__Init
                0x9002ea00       0x1c ./Obj/Core.o
                0x9002ea00                CoreView__Init
 .text.CoreQuadView__Init
                0x9002ea1c       0x1c ./Obj/Core.o
                0x9002ea1c                CoreQuadView__Init
 .text.CoreSimpleTouchHandler__Init
                0x9002ea38       0x1c ./Obj/Core.o
                0x9002ea38                CoreSimpleTouchHandler__Init
 .text.CoreRectView__Init
                0x9002ea54       0x1c ./Obj/Core.o
                0x9002ea54                CoreRectView__Init
 .text.CoreOutline__Init
                0x9002ea70       0x1c ./Obj/Core.o
                0x9002ea70                CoreOutline__Init
 .text.CoreCursorHit__Init
                0x9002ea8c       0x14 ./Obj/Core.o
                0x9002ea8c                CoreCursorHit__Init
 .text.CoreLayoutContext__Init
                0x9002eaa0       0x14 ./Obj/Core.o
                0x9002eaa0                CoreLayoutContext__Init
 .text.CoreLayoutQuadContext__Init
                0x9002eab4       0x14 ./Obj/Core.o
                0x9002eab4                CoreLayoutQuadContext__Init
 .text.CoreTimer__Init
                0x9002eac8       0x1c ./Obj/Core.o
                0x9002eac8                CoreTimer__Init
 .text.CoreView__ReInit
                0x9002eae4        0x4 ./Obj/Core.o
                0x9002eae4                CoreView__ReInit
 .text.CoreRoot__ReInit
                0x9002eae8       0x14 ./Obj/Core.o
                0x9002eae8                CoreRoot__ReInit
 .text.CoreView__Done
                0x9002eafc        0xc ./Obj/Core.o
                0x9002eafc                CoreView__Done
 .text.CoreEvent__Done
                0x9002eb08        0xc ./Obj/Core.o
                0x9002eb08                CoreEvent__Done
 .text.CoreCursorHit__Done
                0x9002eb14        0xc ./Obj/Core.o
                0x9002eb14                CoreCursorHit__Done
 .text.CoreLayoutContext__Done
                0x9002eb20        0xc ./Obj/Core.o
                0x9002eb20                CoreLayoutContext__Done
 .text.CoreView_GetRoot
                0x9002eb2c       0x24 ./Obj/Core.o
                0x9002eb2c                CoreView_GetRoot
 .text.CoreQuadView_GetExtent
                0x9002eb50       0xc8 ./Obj/Core.o
                0x9002eb50                CoreQuadView_GetExtent
 .text.CoreRectView_ArrangeView
                0x9002ec18      0x114 ./Obj/Core.o
                0x9002ec18                CoreRectView_ArrangeView
 .text.CoreRectView_MoveView
                0x9002ed2c       0x70 ./Obj/Core.o
                0x9002ed2c                CoreRectView_MoveView
 .text.CoreRectView_OnSetBounds
                0x9002ed9c      0x104 ./Obj/Core.o
                0x9002ed9c                CoreRectView_OnSetBounds
 .text.CoreGroup_OnSetBounds
                0x9002eea0       0xb0 ./Obj/Core.o
                0x9002eea0                CoreGroup_OnSetBounds
 .text.CoreGroup_InvalidateArea
                0x9002ef50       0x98 ./Obj/Core.o
                0x9002ef50                CoreGroup_InvalidateArea
 .text.CoreGroup_CursorHitTest
                0x9002efe8      0x234 ./Obj/Core.o
                0x9002efe8                CoreGroup_CursorHitTest
 .text.CoreGroup_AdjustDrawingArea
                0x9002f21c      0x1f0 ./Obj/Core.o
                0x9002f21c                CoreGroup_AdjustDrawingArea
 .text.CoreGroup_OnSetFocus
                0x9002f40c       0x74 ./Obj/Core.o
                0x9002f40c                CoreGroup_OnSetFocus
 .text.CoreRoot_OnSetFocus
                0x9002f480        0x4 ./Obj/Core.o
                0x9002f480                CoreRoot_OnSetFocus
 .text.CoreOutline_OnSetBounds
                0x9002f484      0x148 ./Obj/Core.o
                0x9002f484                CoreOutline_OnSetBounds
 .text.CoreEvent__Init
                0x9002f5cc       0x1c ./Obj/Core.o
                0x9002f5cc                CoreEvent__Init
 .text.CoreResource__Done
                0x9002f5e8       0x24 ./Obj/Core.o
                0x9002f5e8                CoreResource__Done
 .text.CoreResource__Init
                0x9002f60c       0x28 ./Obj/Core.o
                0x9002f60c                CoreResource__Init
 .text.CoreTimer__Done
                0x9002f634       0x24 ./Obj/Core.o
                0x9002f634                CoreTimer__Done
 .text.CoreOutline_Draw
                0x9002f658        0xc ./Obj/Core.o
                0x9002f658                CoreOutline_Draw
 .text.CoreSimpleTouchHandler_Draw
                0x9002f664        0xc ./Obj/Core.o
                0x9002f664                CoreSimpleTouchHandler_Draw
 .text.CoreDragEvent__ReInit
                0x9002f670        0x4 ./Obj/Core.o
                0x9002f670                CoreDragEvent__ReInit
 .text.CoreOutline__ReInit
                0x9002f674        0x4 ./Obj/Core.o
                0x9002f674                CoreOutline__ReInit
 .text.CoreKeyEvent__ReInit
                0x9002f678        0x4 ./Obj/Core.o
                0x9002f678                CoreKeyEvent__ReInit
 .text.CoreCursorGrabEvent__ReInit
                0x9002f67c        0x4 ./Obj/Core.o
                0x9002f67c                CoreCursorGrabEvent__ReInit
 .text.CoreEvent__ReInit
                0x9002f680        0x4 ./Obj/Core.o
                0x9002f680                CoreEvent__ReInit
 .text.CoreCursorHit__ReInit
                0x9002f684        0x4 ./Obj/Core.o
                0x9002f684                CoreCursorHit__ReInit
 .text.CoreLayoutContext__ReInit
                0x9002f688        0x4 ./Obj/Core.o
                0x9002f688                CoreLayoutContext__ReInit
 .text.CoreLayoutQuadContext__ReInit
                0x9002f68c        0x4 ./Obj/Core.o
                0x9002f68c                CoreLayoutQuadContext__ReInit
 .text.CoreCursorEvent__ReInit
                0x9002f690        0x4 ./Obj/Core.o
                0x9002f690                CoreCursorEvent__ReInit
 .text.CoreSimpleTouchHandler__ReInit
                0x9002f694        0x4 ./Obj/Core.o
                0x9002f694                CoreSimpleTouchHandler__ReInit
 .text.CoreGroup__ReInit
                0x9002f698        0x4 ./Obj/Core.o
                0x9002f698                CoreGroup__ReInit
 .text.CoreResource__ReInit
                0x9002f69c        0x4 ./Obj/Core.o
                0x9002f69c                CoreResource__ReInit
 .text.CoreTimer__ReInit
                0x9002f6a0        0x4 ./Obj/Core.o
                0x9002f6a0                CoreTimer__ReInit
 .text.CoreQuadView__ReInit
                0x9002f6a4        0x4 ./Obj/Core.o
                0x9002f6a4                CoreQuadView__ReInit
 .text.CoreRectView__ReInit
                0x9002f6a8        0x4 ./Obj/Core.o
                0x9002f6a8                CoreRectView__ReInit
 .text.CoreLayoutQuadContext__Done
                0x9002f6ac        0xc ./Obj/Core.o
                0x9002f6ac                CoreLayoutQuadContext__Done
 .text.CoreCursorEvent__Done
                0x9002f6b8        0xc ./Obj/Core.o
                0x9002f6b8                CoreCursorEvent__Done
 .text.CoreCursorGrabEvent__Done
                0x9002f6c4        0xc ./Obj/Core.o
                0x9002f6c4                CoreCursorGrabEvent__Done
 .text.CoreKeyEvent__Done
                0x9002f6d0        0xc ./Obj/Core.o
                0x9002f6d0                CoreKeyEvent__Done
 .text.CoreDragEvent__Done
                0x9002f6dc        0xc ./Obj/Core.o
                0x9002f6dc                CoreDragEvent__Done
 .text.CoreOutline__Done
                0x9002f6e8        0xc ./Obj/Core.o
                0x9002f6e8                CoreOutline__Done
 .text.CoreQuadView__Done
                0x9002f6f4        0xc ./Obj/Core.o
                0x9002f6f4                CoreQuadView__Done
 .text.CoreRectView__Done
                0x9002f700        0xc ./Obj/Core.o
                0x9002f700                CoreRectView__Done
 .text.CoreGroup__Done
                0x9002f70c        0xc ./Obj/Core.o
                0x9002f70c                CoreGroup__Done
 .text.CoreSimpleTouchHandler__Done
                0x9002f718        0xc ./Obj/Core.o
                0x9002f718                CoreSimpleTouchHandler__Done
 .text.CoreRoot__Done
                0x9002f724       0x38 ./Obj/Core.o
                0x9002f724                CoreRoot__Done
 .text.CoreDragEvent__Init
                0x9002f75c       0x24 ./Obj/Core.o
                0x9002f75c                CoreDragEvent__Init
 .text.CoreCursorGrabEvent__Init
                0x9002f780       0x24 ./Obj/Core.o
                0x9002f780                CoreCursorGrabEvent__Init
 .text.CoreKeyEvent__Init
                0x9002f7a4       0x24 ./Obj/Core.o
                0x9002f7a4                CoreKeyEvent__Init
 .text.CoreCursorEvent__Init
                0x9002f7c8       0x24 ./Obj/Core.o
                0x9002f7c8                CoreCursorEvent__Init
 .text.CoreGroup__Init
                0x9002f7ec       0x3c ./Obj/Core.o
                0x9002f7ec                CoreGroup__Init
 .text.CoreTimer_Trigger
                0x9002f828       0x54 ./Obj/Core.o
                0x9002f828                CoreTimer_Trigger
 .text.CoreRoot_InvalidateArea
                0x9002f87c      0x5cc ./Obj/Core.o
                0x9002f87c                CoreRoot_InvalidateArea
 .text.CoreView__ChangeViewState
                0x9002fe48        0x8 ./Obj/Core.o
                0x9002fe48                CoreView__ChangeViewState
 .text.CoreQuadView_OnSetPoint4
                0x9002fe50       0xf8 ./Obj/Core.o
                0x9002fe50                CoreQuadView_OnSetPoint4
 .text.CoreQuadView_OnSetPoint3
                0x9002ff48       0xf8 ./Obj/Core.o
                0x9002ff48                CoreQuadView_OnSetPoint3
 .text.CoreQuadView_OnSetPoint2
                0x90030040       0xf8 ./Obj/Core.o
                0x90030040                CoreQuadView_OnSetPoint2
 .text.CoreQuadView_OnSetPoint1
                0x90030138       0xf8 ./Obj/Core.o
                0x90030138                CoreQuadView_OnSetPoint1
 .text.CoreQuadView_ArrangeView
                0x90030230      0x190 ./Obj/Core.o
                0x90030230                CoreQuadView_ArrangeView
 .text.CoreQuadView_MoveView
                0x900303c0      0x100 ./Obj/Core.o
                0x900303c0                CoreQuadView_MoveView
 .text.CoreQuadView_IsPointInside
                0x900304c0       0xcc ./Obj/Core.o
                0x900304c0                CoreQuadView_IsPointInside
 .text.CoreQuadView_HasRectShape
                0x9003058c       0x4c ./Obj/Core.o
                0x9003058c                CoreQuadView_HasRectShape
 .text.CoreSimpleTouchHandler_CursorHitTest
                0x900305d8      0x1b4 ./Obj/Core.o
                0x900305d8                CoreSimpleTouchHandler_CursorHitTest
 .text.CoreRectView__OnSetBounds
                0x9003078c       0x28 ./Obj/Core.o
                0x9003078c                CoreRectView__OnSetBounds
 .text.CoreGroup_processKeyHandlers
                0x900307b4       0x78 ./Obj/Core.o
                0x900307b4                CoreGroup_processKeyHandlers
 .text.CoreGroup_DispatchEvent
                0x9003082c       0x5c ./Obj/Core.o
                0x9003082c                CoreGroup_DispatchEvent
 .text.CoreRoot_DispatchEvent
                0x90030888       0x24 ./Obj/Core.o
                0x90030888                CoreRoot_DispatchEvent
 .text.CoreGroup_BroadcastEvent
                0x900308ac       0x80 ./Obj/Core.o
                0x900308ac                CoreGroup_BroadcastEvent
 .text.CoreRoot_BroadcastEvent
                0x9003092c       0x24 ./Obj/Core.o
                0x9003092c                CoreRoot_BroadcastEvent
 .text.CoreGroup_drawContent
                0x90030950      0x184 ./Obj/Core.o
                0x90030950                CoreGroup_drawContent
 .text.CoreGroup_Draw
                0x90030ad4       0x6c ./Obj/Core.o
                0x90030ad4                CoreGroup_Draw
 .text.CoreRoot_Draw
                0x90030b40       0xc0 ./Obj/Core.o
                0x90030b40                CoreRoot_Draw
 .text.CoreGroup_recalculateLayout
                0x90030c00      0x1c0 ./Obj/Core.o
                0x90030c00                CoreGroup_recalculateLayout
 .text.CoreGroup_updateComponent
                0x90030dc0       0x2c ./Obj/Core.o
                0x90030dc0                CoreGroup_updateComponent
 .text.CoreGroup__InvalidateArea
                0x90030dec       0x28 ./Obj/Core.o
                0x90030dec                CoreGroup__InvalidateArea
 .text.CoreGroup_FindSiblingView
                0x90030e14       0xbc ./Obj/Core.o
                0x90030e14                CoreGroup_FindSiblingView
 .text.CoreView_ChangeViewState
                0x90030ed0      0x128 ./Obj/Core.o
                0x90030ed0                CoreView_ChangeViewState
 .text.CoreGroup_ChangeViewState
                0x90030ff8       0x64 ./Obj/Core.o
                0x90030ff8                CoreGroup_ChangeViewState
 .text.CoreRoot_ChangeViewState
                0x9003105c       0x84 ./Obj/Core.o
                0x9003105c                CoreRoot_ChangeViewState
 .text.CoreGroup_Add
                0x900310e0      0x138 ./Obj/Core.o
                0x900310e0                CoreGroup_Add
 .text.CoreRoot__EndUpdate
                0x90031218       0x1c ./Obj/Core.o
                0x90031218                CoreRoot__EndUpdate
 .text.CoreRoot_UpdateCanvas
                0x90031234      0x170 ./Obj/Core.o
                0x90031234                CoreRoot_UpdateCanvas
 .text.CoreRoot__UpdateCanvas
                0x900313a4       0x20 ./Obj/Core.o
                0x900313a4                CoreRoot__UpdateCanvas
 .text.CoreRoot_GetUpdateRegion
                0x900313c4       0x50 ./Obj/Core.o
                0x900313c4                CoreRoot_GetUpdateRegion
 .text.CoreRoot__GetUpdateRegion
                0x90031414        0xc ./Obj/Core.o
                0x90031414                CoreRoot__GetUpdateRegion
 .text.CoreRoot_BeginUpdate
                0x90031420      0x660 ./Obj/Core.o
                0x90031420                CoreRoot_BeginUpdate
 .text.CoreRoot__UpdateGE20
                0x90031a80       0x60 ./Obj/Core.o
                0x90031a80                CoreRoot__UpdateGE20
 .text.CoreRoot__BeginUpdate
                0x90031ae0        0x4 ./Obj/Core.o
                0x90031ae0                CoreRoot__BeginUpdate
 .text.CoreRoot__DoesNeedUpdate
                0x90031ae4       0x30 ./Obj/Core.o
                0x90031ae4                CoreRoot__DoesNeedUpdate
 .text.CoreRoot_Initialize
                0x90031b14       0x70 ./Obj/Core.o
                0x90031b14                CoreRoot_Initialize
 .text.CoreRoot__Initialize
                0x90031b84       0x14 ./Obj/Core.o
                0x90031b84                CoreRoot__Initialize
 .text.CoreRoot_DriveMultiTouchMovement
                0x90031b98      0x2d4 ./Obj/Core.o
                0x90031b98                CoreRoot_DriveMultiTouchMovement
 .text.CoreRoot__DriveMultiTouchMovement
                0x90031e6c       0x14 ./Obj/Core.o
                0x90031e6c                CoreRoot__DriveMultiTouchMovement
 .text.CoreRoot_DeflectCursor
                0x90031e80      0x824 ./Obj/Core.o
                0x90031e80                CoreRoot_DeflectCursor
 .text.CoreRoot_RetargetCursorWithReason
                0x900326a4      0x150 ./Obj/Core.o
                0x900326a4                CoreRoot_RetargetCursorWithReason
 .text.CoreSimpleTouchHandler_HandleEvent
                0x900327f4      0x638 ./Obj/Core.o
                0x900327f4                CoreSimpleTouchHandler_HandleEvent
 .text.CoreTimer_restart
                0x90032e2c       0x40 ./Obj/Core.o
                0x90032e2c                CoreTimer_restart
 .text.CoreRoot__Init
                0x90032e6c       0xa4 ./Obj/Core.o
                0x90032e6c                CoreRoot__Init
 .text.CoreRoot_DriveMultiTouchHitting
                0x90032f10      0x460 ./Obj/Core.o
                0x90032f10                CoreRoot_DriveMultiTouchHitting
 .text.CoreRoot__DriveMultiTouchHitting
                0x90033370       0x30 ./Obj/Core.o
                0x90033370                CoreRoot__DriveMultiTouchHitting
 .text.CoreTimer_OnSetPeriod
                0x900333a0       0x1c ./Obj/Core.o
                0x900333a0                CoreTimer_OnSetPeriod
 .text.CoreTimer_OnSetEnabled
                0x900333bc       0x48 ./Obj/Core.o
                0x900333bc                CoreTimer_OnSetEnabled
 .text.CoreRoot_cursorHoldTimerProc
                0x90033404      0x2b8 ./Obj/Core.o
                0x90033404                CoreRoot_cursorHoldTimerProc
 .text.EffectsEffectTimerClass__Init
                0x900336bc       0x14 ./Obj/Effects.o
                0x900336bc                EffectsEffectTimerClass__Init
 .text.EffectsEffectTimerClass__ReInit
                0x900336d0        0x4 ./Obj/Effects.o
                0x900336d0                EffectsEffectTimerClass__ReInit
 .text.EffectsEffectTimerClass__Done
                0x900336d4        0xc ./Obj/Effects.o
                0x900336d4                EffectsEffectTimerClass__Done
 .text.EffectsEffectTimerClass_Trigger
                0x900336e0       0x14 ./Obj/Effects.o
                0x900336e0                EffectsEffectTimerClass_Trigger
 .text.EffectsEffectTimer__Init
                0x900336f4       0x18 ./Obj/Effects.o
                0x900336f4                EffectsEffectTimer__Init
 .text.GraphicsCanvas__Init
                0x9003370c       0x1c ./Obj/Graphics.o
                0x9003370c                GraphicsCanvas__Init
 .text.GraphicsCanvas__ReInit
                0x90033728        0x4 ./Obj/Graphics.o
                0x90033728                GraphicsCanvas__ReInit
 .text.GraphicsCanvas_OnSetFrameSize
                0x9003372c       0x80 ./Obj/Graphics.o
                0x9003372c                GraphicsCanvas_OnSetFrameSize
 .text.GraphicsCanvas_Update
                0x900337ac      0x138 ./Obj/Graphics.o
                0x900337ac                GraphicsCanvas_Update
 .text.GraphicsCanvas__Done
                0x900338e4       0x30 ./Obj/Graphics.o
                0x900338e4                GraphicsCanvas__Done
 .text.GraphicsCanvas__DetachBitmap
                0x90033914       0x34 ./Obj/Graphics.o
                0x90033914                GraphicsCanvas__DetachBitmap
 .text.GraphicsCanvas__AttachBitmap
                0x90033948       0x44 ./Obj/Graphics.o
                0x90033948                GraphicsCanvas__AttachBitmap
 .text.GraphicsCanvas_DrawText
                0x9003398c       0xc8 ./Obj/Graphics.o
                0x9003398c                GraphicsCanvas_DrawText
 .text.GraphicsCanvas_ScaleBitmap
                0x90033a54      0x128 ./Obj/Graphics.o
                0x90033a54                GraphicsCanvas_ScaleBitmap
 .text.GraphicsCanvas_CopyBitmap
                0x90033b7c       0x98 ./Obj/Graphics.o
                0x90033b7c                GraphicsCanvas_CopyBitmap
 .text.GraphicsCanvas_FillRectangle
                0x90033c14       0x68 ./Obj/Graphics.o
                0x90033c14                GraphicsCanvas_FillRectangle
 .text.ResourcesBitmap_Update
                0x90033c7c        0x4 ./Obj/Resources.o
                0x90033c7c                ResourcesBitmap_Update
 .text.ResourcesBitmap__ReInit
                0x90033c80        0x4 ./Obj/Resources.o
                0x90033c80                ResourcesBitmap__ReInit
 .text.ResourcesBitmap_OnSetFrameSize
                0x90033c84       0x20 ./Obj/Resources.o
                0x90033c84                ResourcesBitmap_OnSetFrameSize
 .text.ResourcesBitmap__Init
                0x90033ca4       0x54 ./Obj/Resources.o
                0x90033ca4                ResourcesBitmap__Init
 .text.ResourcesFont__Init
                0x90033cf8       0x38 ./Obj/Resources.o
                0x90033cf8                ResourcesFont__Init
 .text.ResourcesFont__ReInit
                0x90033d30        0x4 ./Obj/Resources.o
                0x90033d30                ResourcesFont__ReInit
 .text.ResourcesBitmap__Done
                0x90033d34       0x30 ./Obj/Resources.o
                0x90033d34                ResourcesBitmap__Done
 .text.ResourcesFont__Done
                0x90033d64       0x28 ./Obj/Resources.o
                0x90033d64                ResourcesFont__Done
 .text.ResourcesBitmap__OnSetFrameSize
                0x90033d8c       0x1c ./Obj/Resources.o
                0x90033d8c                ResourcesBitmap__OnSetFrameSize
 .text.ResourcesBitmap__Update
                0x90033da8        0x8 ./Obj/Resources.o
                0x90033da8                ResourcesBitmap__Update
 .text.ResourcesFont_GetFlowTextAdvance
                0x90033db0        0xc ./Obj/Resources.o
                0x90033db0                ResourcesFont_GetFlowTextAdvance
 .text.ResourcesFont_ParseFlowString
                0x90033dbc       0x44 ./Obj/Resources.o
                0x90033dbc                ResourcesFont_ParseFlowString
 .text.ResourcesFont_GetTextAdvance
                0x90033e00       0x34 ./Obj/Resources.o
                0x90033e00                ResourcesFont_GetTextAdvance
 .text.ViewsText_preOnUpdateSlot
                0x90033e34        0x4 ./Obj/Views.o
                0x90033e34                ViewsText_preOnUpdateSlot
 .text.ViewsRectangle__Init
                0x90033e38       0x20 ./Obj/Views.o
                0x90033e38                ViewsRectangle__Init
 .text.ViewsImage__Init
                0x90033e58       0x14 ./Obj/Views.o
                0x90033e58                ViewsImage__Init
 .text.ViewsText__Init
                0x90033e6c       0x20 ./Obj/Views.o
                0x90033e6c                ViewsText__Init
 .text.ViewsImage__ReInit
                0x90033e8c        0x4 ./Obj/Views.o
                0x90033e8c                ViewsImage__ReInit
 .text.ViewsRectangle__Done
                0x90033e90        0xc ./Obj/Views.o
                0x90033e90                ViewsRectangle__Done
 .text.ViewsImage__Done
                0x90033e9c        0xc ./Obj/Views.o
                0x90033e9c                ViewsImage__Done
 .text.ViewsText__Done
                0x90033ea8        0xc ./Obj/Views.o
                0x90033ea8                ViewsText__Done
 .text.ViewsRectangle_Draw
                0x90033eb4       0xd8 ./Obj/Views.o
                0x90033eb4                ViewsRectangle_Draw
 .text.ViewsImage_timerSlot
                0x90033f8c       0xa0 ./Obj/Views.o
                0x90033f8c                ViewsImage_timerSlot
 .text.ViewsText_preReparseSlot
                0x9003402c       0x28 ./Obj/Views.o
                0x9003402c                ViewsText_preReparseSlot
 .text.ViewsText_OnSetBounds
                0x90034054       0x5c ./Obj/Views.o
                0x90034054                ViewsText_OnSetBounds
 .text.ViewsText_reparseSlot
                0x900340b0       0xa4 ./Obj/Views.o
                0x900340b0                ViewsText_reparseSlot
 .text.ViewsText_GetContentArea.part.0
                0x90034154      0x1b4 ./Obj/Views.o
 .text.ViewsText__ReInit
                0x90034308        0x4 ./Obj/Views.o
                0x90034308                ViewsText__ReInit
 .text.ViewsRectangle__ReInit
                0x9003430c        0x4 ./Obj/Views.o
                0x9003430c                ViewsRectangle__ReInit
 .text.ViewsText_Draw
                0x90034310      0x31c ./Obj/Views.o
                0x90034310                ViewsText_Draw
 .text.ViewsRectangle_OnSetColor
                0x9003462c       0x38 ./Obj/Views.o
                0x9003462c                ViewsRectangle_OnSetColor
 .text.ViewsImage_OnSetAnimated
                0x90034664       0xa4 ./Obj/Views.o
                0x90034664                ViewsImage_OnSetAnimated
 .text.ViewsImage_OnGetVisible
                0x90034708        0x8 ./Obj/Views.o
                0x90034708                ViewsImage_OnGetVisible
 .text.ViewsImage_OnSetVisible
                0x90034710       0x10 ./Obj/Views.o
                0x90034710                ViewsImage_OnSetVisible
 .text.ViewsImage_GetContentArea
                0x90034720      0x18c ./Obj/Views.o
                0x90034720                ViewsImage_GetContentArea
 .text.ViewsImage_Draw
                0x900348ac      0x1dc ./Obj/Views.o
                0x900348ac                ViewsImage_Draw
 .text.ViewsImage_observerSlot
                0x90034a88       0x58 ./Obj/Views.o
                0x90034a88                ViewsImage_observerSlot
 .text.ViewsImage_OnSetAutoSize
                0x90034ae0       0x44 ./Obj/Views.o
                0x90034ae0                ViewsImage_OnSetAutoSize
 .text.ViewsImage_OnSetBitmap
                0x90034b24       0xe0 ./Obj/Views.o
                0x90034b24                ViewsImage_OnSetBitmap
 .text.ViewsText_OnSetString
                0x90034c04       0x48 ./Obj/Views.o
                0x90034c04                ViewsText_OnSetString
 .text.ViewsText_OnSetFont
                0x90034c4c       0x38 ./Obj/Views.o
                0x90034c4c                ViewsText_OnSetFont
 .text.ViewsText_OnSetColor
                0x90034c84       0x38 ./Obj/Views.o
                0x90034c84                ViewsText_OnSetColor
 .text.ViewsText_OnSetVisible
                0x90034cbc       0x10 ./Obj/Views.o
                0x90034cbc                ViewsText_OnSetVisible
 .text.ApplicationApplication__Init
                0x90034ccc      0x508 ./Obj/Application.o
                0x90034ccc                ApplicationApplication__Init
 .text.ApplicationApplication__ReInit
                0x900351d4       0x7c ./Obj/Application.o
                0x900351d4                ApplicationApplication__ReInit
 .text.ApplicationApplication__Done
                0x90035250       0x88 ./Obj/Application.o
                0x90035250                ApplicationApplication__Done
 .text.ApplicationApplication_OnTouch
                0x900352d8       0x78 ./Obj/Application.o
                0x900352d8                ApplicationApplication_OnTouch
 .text.ApplicationApplication_OnClick
                0x90035350      0x104 ./Obj/Application.o
                0x90035350                ApplicationApplication_OnClick
 .text.ApplicationApplication_ButtonBlue.part.0
                0x90035454      0x178 ./Obj/Application.o
 .text.ApplicationApplication_ButtonBlue
                0x900355cc        0xc ./Obj/Application.o
                0x900355cc                ApplicationApplication_ButtonBlue
 .text.ApplicationApplication_Spawn
                0x900355d8      0x354 ./Obj/Application.o
                0x900355d8                ApplicationApplication_Spawn
 .text.EwAlloc  0x9003592c        0x4 ./Obj/ewextrte.o
                0x9003592c                EwAlloc
 .text.EwFree   0x90035930        0x4 ./Obj/ewextrte.o
                0x90035930                EwFree
 .text.EwPanic  0x90035934       0x10 ./Obj/ewextrte.o
                0x90035934                EwPanic
 .text.EwConsoleOutput
                0x90035944       0x34 ./Obj/ewextrte.o
                0x90035944                EwConsoleOutput
 .text.EwGetTicks
                0x90035978        0x4 ./Obj/ewextrte.o
                0x90035978                EwGetTicks
 .text.EwZero   0x9003597c        0x8 ./Obj/ewextrte.o
                0x9003597c                EwZero
 .text.EwFill   0x90035984        0x4 ./Obj/ewextrte.o
                0x90035984                EwFill
 .text.EwMove   0x90035988        0x4 ./Obj/ewextrte.o
                0x90035988                EwMove
 .text.EwCopy   0x9003598c        0x4 ./Obj/ewextrte.o
                0x9003598c                EwCopy
 .text.EwAtomicFetchAndAdd
                0x90035990       0x1c ./Obj/ewextrte.o
                0x90035990                EwAtomicFetchAndAdd
 .text.EwMathSin
                0x900359ac       0x10 ./Obj/ewextrte.o
                0x900359ac                EwMathSin
 .text.EwMathCos
                0x900359bc       0x10 ./Obj/ewextrte.o
                0x900359bc                EwMathCos
 .text.EwMathArcCos
                0x900359cc       0x14 ./Obj/ewextrte.o
                0x900359cc                EwMathArcCos
 .text.EwMathSqrt
                0x900359e0       0x18 ./Obj/ewextrte.o
                0x900359e0                EwMathSqrt
 .text.EwMathPow
                0x900359f8        0x4 ./Obj/ewextrte.o
                0x900359f8                EwMathPow
 .text.EwMathRandInt32
                0x900359fc       0x34 ./Obj/ewextrte.o
                0x900359fc                EwMathRandInt32
 .text.EwMathFloor
                0x90035a30        0x8 ./Obj/ewextrte.o
                0x90035a30                EwMathFloor
 .text.EwMathCeil
                0x90035a38        0x8 ./Obj/ewextrte.o
                0x90035a38                EwMathCeil
 .text.GfxSelectSurfaces
                0x90035a40       0xc0 ./Obj/ewextgfx.o
 .text.GfxInitGfx
                0x90035b00       0x10 ./Obj/ewextgfx.o
                0x90035b00                GfxInitGfx
 .text.GfxInitViewport
                0x90035b10      0x1dc ./Obj/ewextgfx.o
                0x90035b10                GfxInitViewport
 .text.GfxDoneViewport
                0x90035cec       0x30 ./Obj/ewextgfx.o
                0x90035cec                GfxDoneViewport
 .text.GfxBeginUpdate
                0x90035d1c       0x1c ./Obj/ewextgfx.o
                0x90035d1c                GfxBeginUpdate
 .text.GfxBeginUpdateArea
                0x90035d38       0x40 ./Obj/ewextgfx.o
                0x90035d38                GfxBeginUpdateArea
 .text.GfxEndUpdate
                0x90035d78       0x90 ./Obj/ewextgfx.o
                0x90035d78                GfxEndUpdate
 .text.GfxCreateSurface
                0x90035e08      0x120 ./Obj/ewextgfx.o
                0x90035e08                GfxCreateSurface
 .text.GfxCreateConstSurface
                0x90035f28       0xac ./Obj/ewextgfx.o
                0x90035f28                GfxCreateConstSurface
 .text.GfxDestroySurface
                0x90035fd4       0x4c ./Obj/ewextgfx.o
                0x90035fd4                GfxDestroySurface
 .text.GfxLockSurface
                0x90036020       0x9c ./Obj/ewextgfx.o
                0x90036020                GfxLockSurface
 .text.GfxUnlockSurface
                0x900360bc        0x4 ./Obj/ewextgfx.o
                0x900360bc                GfxUnlockSurface
 .text.GfxFillDriver
                0x900360c0      0x100 ./Obj/ewextgfx.o
                0x900360c0                GfxFillDriver
 .text.GfxCopyDriver
                0x900361c0      0x228 ./Obj/ewextgfx.o
                0x900361c0                GfxCopyDriver
 .text.GfxBlendDriver
                0x900363e8      0x210 ./Obj/ewextgfx.o
                0x900363e8                GfxBlendDriver
 .text.EwBspOsGetName
                0x900365f8        0x8 ./Obj/ew_bsp_os.o
                0x900365f8                EwBspOsGetName
 .text.EwBspOsSystickHandler
                0x90036600       0x10 ./Obj/ew_bsp_os.o
                0x90036600                EwBspOsSystickHandler
 .text.EwBspOsGetTicks
                0x90036610        0x4 ./Obj/ew_bsp_os.o
                0x90036610                EwBspOsGetTicks
 .text.EwBspOsThreadCreate
                0x90036614       0x4c ./Obj/ew_bsp_os.o
                0x90036614                EwBspOsThreadCreate
 .text.EwBspOsThreadGetHandle
                0x90036660        0x4 ./Obj/ew_bsp_os.o
                0x90036660                EwBspOsThreadGetHandle
 .text.EwBspOsSignalWait
                0x90036664       0x18 ./Obj/ew_bsp_os.o
                0x90036664                EwBspOsSignalWait
 .text.EwBspOsSemaphoreCreate
                0x9003667c       0x14 ./Obj/ew_bsp_os.o
                0x9003667c                EwBspOsSemaphoreCreate
 .text.EwBspOsSemaphoreWait
                0x90036690        0x4 ./Obj/ew_bsp_os.o
                0x90036690                EwBspOsSemaphoreWait
 .text.EwBspOsSemaphoreRelease
                0x90036694        0x4 ./Obj/ew_bsp_os.o
                0x90036694                EwBspOsSemaphoreRelease
 .text.EwBspOsSemaphoreDestroy
                0x90036698        0x4 ./Obj/ew_bsp_os.o
                0x90036698                EwBspOsSemaphoreDestroy
 .text.EwBspOsStartScheduler
                0x9003669c        0x4 ./Obj/ew_bsp_os.o
                0x9003669c                EwBspOsStartScheduler
 .text.SystemClock_Config
                0x900366a0       0xc4 ./Obj/ew_bsp_system.o
 .text.EwBspSystemInit
                0x90036764      0x14c ./Obj/ew_bsp_system.o
                0x90036764                EwBspSystemInit
 .text.EwBspSystemDone
                0x900368b0        0x4 ./Obj/ew_bsp_system.o
                0x900368b0                EwBspSystemDone
 .text.HAL_RTC_MspInit
                0x900368b4       0x4c ./Obj/ew_bsp_clock.o
                0x900368b4                HAL_RTC_MspInit
 .text.EwBspClockInit