Archive member included to satisfy reference by file (symbol)

c:/stm32/stm32h750-discovery/thirdparty/gcc-arm-none-eabi/bin/../lib/gcc/arm-none-eabi/11.2.1/../../../../arm-none-eabi/lib/thumb/v7e-m+fp/hard\libc.a(lib_a-atexit.o)
                              c:/stm32/stm32h750-discovery/thirdparty/gcc-arm-none-eabi/bin/../lib/gcc/arm-none-eabi/11.2.1/../../../../arm-none-eabi/lib/thumb/v7e-m+fp/hard/crt0.o (atexit)
c:/stm32/stm32h750-discovery/thirdparty/gcc-arm-none-eabi/bin/../lib/gcc/arm-none-eabi/11.2.1/../../../../arm-none-eabi/lib/thumb/v7e-m+fp/hard\libc.a(lib_a-exit.o)
                              c:/stm32/stm32h750-discovery/thirdparty/gcc-arm-none-eabi/bin/../lib/gcc/arm-none-eabi/11.2.1/../../../../arm-none-eabi/lib/thumb/v7e-m+fp/hard/crt0.o (exit)
c:/stm32/stm32h750-discovery/thirdparty/gcc-arm-none-eabi/bin/../lib/gcc/arm-none-eabi/11.2.1/../../../../arm-none-eabi/lib/thumb/v7e-m+fp/hard\libc.a(lib_a-fini.o)
                              c:/stm32/stm32h750-discovery/thirdparty/gcc-arm-none-eabi/bin/../lib/gcc/arm-none-eabi/11.2.1/../../../../arm-none-eabi/lib/thumb/v7e-m+fp/hard/crt0.o (__libc_fini_array)
c:/stm32/stm32h750-discovery/thirdparty/gcc-arm-none-eabi/bin/../lib/gcc/arm-none-eabi/11.2.1/../../../../arm-none-eabi/lib/thumb/v7e-m+fp/hard\libc.a(lib_a-impure.o)
                              c:/stm32/stm32h750-discovery/thirdparty/gcc-arm-none-eabi/bin/../lib/gcc/arm-none-eabi/11.2.1/../../../../arm-none-eabi/lib/thumb/v7e-m+fp/hard\libc.a(lib_a-exit.o) (_global_impure_ptr)
c:/stm32/stm32h750-discovery/thirdparty/gcc-arm-none-eabi/bin/../lib/gcc/arm-none-eabi/11.2.1/../../../../arm-none-eabi/lib/thumb/v7e-m+fp/hard\libc.a(lib_a-init.o)
                              c:/stm32/stm32h750-discovery/thirdparty/gcc-arm-none-eabi/bin/../lib/gcc/arm-none-eabi/11.2.1/../../../../arm-none-eabi/lib/thumb/v7e-m+fp/hard/crt0.o (__libc_init_array)
c:/stm32/stm32h750-discovery/thirdparty/gcc-arm-none-eabi/bin/../lib/gcc/arm-none-eabi/11.2.1/../../../../arm-none-eabi/lib/thumb/v7e-m+fp/hard\libc.a(lib_a-memset.o)
                              c:/stm32/stm32h750-discovery/thirdparty/gcc-arm-none-eabi/bin/../lib/gcc/arm-none-eabi/11.2.1/../../../../arm-none-eabi/lib/thumb/v7e-m+fp/hard/crt0.o (memset)
c:/stm32/stm32h750-discovery/thirdparty/gcc-arm-none-eabi/bin/../lib/gcc/arm-none-eabi/11.2.1/../../../../arm-none-eabi/lib/thumb/v7e-m+fp/hard\libc.a(lib_a-__atexit.o)
                              c:/stm32/stm32h750-discovery/thirdparty/gcc-arm-none-eabi/bin/../lib/gcc/arm-none-eabi/11.2.1/../../../../arm-none-eabi/lib/thumb/v7e-m+fp/hard\libc.a(lib_a-atexit.o) (__register_exitproc)
c:/stm32/stm32h750-discovery/thirdparty/gcc-arm-none-eabi/bin/../lib/gcc/arm-none-eabi/11.2.1/../../../../arm-none-eabi/lib/thumb/v7e-m+fp/hard\libc.a(lib_a-__call_atexit.o)
                              c:/stm32/stm32h750-discovery/thirdparty/gcc-arm-none-eabi/bin/../lib/gcc/arm-none-eabi/11.2.1/../../../../arm-none-eabi/lib/thumb/v7e-m+fp/hard\libc.a(lib_a-exit.o) (__call_exitprocs)
c:/stm32/stm32h750-discovery/thirdparty/gcc-arm-none-eabi/bin/../lib/gcc/arm-none-eabi/11.2.1/../../../../arm-none-eabi/lib/thumb/v7e-m+fp/hard\libnosys.a(_exit.o)
                              c:/stm32/stm32h750-discovery/thirdparty/gcc-arm-none-eabi/bin/../lib/gcc/arm-none-eabi/11.2.1/../../../../arm-none-eabi/lib/thumb/v7e-m+fp/hard\libc.a(lib_a-exit.o) (_exit)

Discarded input sections

 .text          0x00000000        0x0 c:/stm32/stm32h750-discovery/thirdparty/gcc-arm-none-eabi/bin/../lib/gcc/arm-none-eabi/11.2.1/thumb/v7e-m+fp/hard/crti.o
 .data          0x00000000        0x0 c:/stm32/stm32h750-discovery/thirdparty/gcc-arm-none-eabi/bin/../lib/gcc/arm-none-eabi/11.2.1/thumb/v7e-m+fp/hard/crti.o
 .bss           0x00000000        0x0 c:/stm32/stm32h750-discovery/thirdparty/gcc-arm-none-eabi/bin/../lib/gcc/arm-none-eabi/11.2.1/thumb/v7e-m+fp/hard/crti.o
 .text          0x00000000        0x0 c:/stm32/stm32h750-discovery/thirdparty/gcc-arm-none-eabi/bin/../lib/gcc/arm-none-eabi/11.2.1/thumb/v7e-m+fp/hard/crtbegin.o
 .data          0x00000000        0x0 c:/stm32/stm32h750-discovery/thirdparty/gcc-arm-none-eabi/bin/../lib/gcc/arm-none-eabi/11.2.1/thumb/v7e-m+fp/hard/crtbegin.o
 .bss           0x00000000        0x0 c:/stm32/stm32h750-discovery/thirdparty/gcc-arm-none-eabi/bin/../lib/gcc/arm-none-eabi/11.2.1/thumb/v7e-m+fp/hard/crtbegin.o
 .rodata.all_implied_fbits
                0x00000000       0x24 c:/stm32/stm32h750-discovery/thirdparty/gcc-arm-none-eabi/bin/../lib/gcc/arm-none-eabi/11.2.1/thumb/v7e-m+fp/hard/crtbegin.o
 .data.__dso_handle
                0x00000000        0x4 c:/stm32/stm32h750-discovery/thirdparty/gcc-arm-none-eabi/bin/../lib/gcc/arm-none-eabi/11.2.1/thumb/v7e-m+fp/hard/crtbegin.o
 .text          0x00000000       0x70 c:/stm32/stm32h750-discovery/thirdparty/gcc-arm-none-eabi/bin/../lib/gcc/arm-none-eabi/11.2.1/../../../../arm-none-eabi/lib/thumb/v7e-m+fp/hard/crt0.o
 .data          0x00000000        0x0 c:/stm32/stm32h750-discovery/thirdparty/gcc-arm-none-eabi/bin/../lib/gcc/arm-none-eabi/11.2.1/../../../../arm-none-eabi/lib/thumb/v7e-m+fp/hard/crt0.o
 .bss           0x00000000        0x0 c:/stm32/stm32h750-discovery/thirdparty/gcc-arm-none-eabi/bin/../lib/gcc/arm-none-eabi/11.2.1/../../../../arm-none-eabi/lib/thumb/v7e-m+fp/hard/crt0.o
 .ARM.extab     0x00000000        0x0 c:/stm32/stm32h750-discovery/thirdparty/gcc-arm-none-eabi/bin/../lib/gcc/arm-none-eabi/11.2.1/../../../../arm-none-eabi/lib/thumb/v7e-m+fp/hard/crt0.o
 .ARM.exidx     0x00000000       0x10 c:/stm32/stm32h750-discovery/thirdparty/gcc-arm-none-eabi/bin/../lib/gcc/arm-none-eabi/11.2.1/../../../../arm-none-eabi/lib/thumb/v7e-m+fp/hard/crt0.o
 .debug_line    0x00000000       0x75 c:/stm32/stm32h750-discovery/thirdparty/gcc-arm-none-eabi/bin/../lib/gcc/arm-none-eabi/11.2.1/../../../../arm-none-eabi/lib/thumb/v7e-m+fp/hard/crt0.o
 .debug_line_str
                0x00000000       0xa6 c:/stm32/stm32h750-discovery/thirdparty/gcc-arm-none-eabi/bin/../lib/gcc/arm-none-eabi/11.2.1/../../../../arm-none-eabi/lib/thumb/v7e-m+fp/hard/crt0.o
 .debug_info    0x00000000       0x24 c:/stm32/stm32h750-discovery/thirdparty/gcc-arm-none-eabi/bin/../lib/gcc/arm-none-eabi/11.2.1/../../../../arm-none-eabi/lib/thumb/v7e-m+fp/hard/crt0.o
 .debug_abbrev  0x00000000       0x14 c:/stm32/stm32h750-discovery/thirdparty/gcc-arm-none-eabi/bin/../lib/gcc/arm-none-eabi/11.2.1/../../../../arm-none-eabi/lib/thumb/v7e-m+fp/hard/crt0.o
 .debug_aranges
                0x00000000       0x20 c:/stm32/stm32h750-discovery/thirdparty/gcc-arm-none-eabi/bin/../lib/gcc/arm-none-eabi/11.2.1/../../../../arm-none-eabi/lib/thumb/v7e-m+fp/hard/crt0.o
 .debug_str     0x00000000       0x9e c:/stm32/stm32h750-discovery/thirdparty/gcc-arm-none-eabi/bin/../lib/gcc/arm-none-eabi/11.2.1/../../../../arm-none-eabi/lib/thumb/v7e-m+fp/hard/crt0.o
 .ARM.attributes
                0x00000000       0x1c c:/stm32/stm32h750-discovery/thirdparty/gcc-arm-none-eabi/bin/../lib/gcc/arm-none-eabi/11.2.1/../../../../arm-none-eabi/lib/thumb/v7e-m+fp/hard/crt0.o
 .text          0x00000000       0x14 C:\Users\Kristian\AppData\Local\Temp\ccNShzid.o
 .data          0x00000000        0x0 C:\Users\Kristian\AppData\Local\Temp\ccNShzid.o
 .bss           0x00000000        0x0 C:\Users\Kristian\AppData\Local\Temp\ccNShzid.o
 .text          0x00000000        0x0 ./Obj/main.o
 .data          0x00000000        0x0 ./Obj/main.o
 .bss           0x00000000        0x0 ./Obj/main.o
 .text          0x00000000        0x0 ./Obj/fmc.o
 .data          0x00000000        0x0 ./Obj/fmc.o
 .bss           0x00000000        0x0 ./Obj/fmc.o
 .text          0x00000000        0x0 ./Obj/memory_msp.o
 .data          0x00000000        0x0 ./Obj/memory_msp.o
 .bss           0x00000000        0x0 ./Obj/memory_msp.o
 .text          0x00000000        0x0 ./Obj/qspi.o
 .data          0x00000000        0x0 ./Obj/qspi.o
 .bss           0x00000000        0x0 ./Obj/qspi.o
 .text          0x00000000        0x0 ./Obj/stm32h7xx_it.o
 .data          0x00000000        0x0 ./Obj/stm32h7xx_it.o
 .bss           0x00000000        0x0 ./Obj/stm32h7xx_it.o
 .text          0x00000000        0x0 ./Obj/system_stm32h7xx.o
 .data          0x00000000        0x0 ./Obj/system_stm32h7xx.o
 .bss           0x00000000        0x0 ./Obj/system_stm32h7xx.o
 .text.SystemCoreClockUpdate
                0x00000000      0x14c ./Obj/system_stm32h7xx.o
 .text          0x00000000        0x0 ./Obj/stm32h7xx_hal.o
 .data          0x00000000        0x0 ./Obj/stm32h7xx_hal.o
 .bss           0x00000000        0x0 ./Obj/stm32h7xx_hal.o
 .text.HAL_MspDeInit
                0x00000000        0x4 ./Obj/stm32h7xx_hal.o
 .text.HAL_DeInit
                0x00000000       0x84 ./Obj/stm32h7xx_hal.o
 .text.HAL_GetTickPrio
                0x00000000        0xc ./Obj/stm32h7xx_hal.o
 .text.HAL_SetTickFreq
                0x00000000       0x28 ./Obj/stm32h7xx_hal.o
 .text.HAL_GetTickFreq
                0x00000000        0xc ./Obj/stm32h7xx_hal.o
 .text.HAL_SuspendTick
                0x00000000       0x10 ./Obj/stm32h7xx_hal.o
 .text.HAL_ResumeTick
                0x00000000       0x10 ./Obj/stm32h7xx_hal.o
 .text.HAL_GetHalVersion
                0x00000000        0x8 ./Obj/stm32h7xx_hal.o
 .text.HAL_GetDEVID
                0x00000000       0x10 ./Obj/stm32h7xx_hal.o
 .text.HAL_GetUIDw0
                0x00000000        0xc ./Obj/stm32h7xx_hal.o
 .text.HAL_GetUIDw1
                0x00000000        0xc ./Obj/stm32h7xx_hal.o
 .text.HAL_GetUIDw2
                0x00000000        0xc ./Obj/stm32h7xx_hal.o
 .text.HAL_SYSCFG_VREFBUF_VoltageScalingConfig
                0x00000000       0x14 ./Obj/stm32h7xx_hal.o
 .text.HAL_SYSCFG_VREFBUF_HighImpedanceConfig
                0x00000000       0x14 ./Obj/stm32h7xx_hal.o
 .text.HAL_SYSCFG_VREFBUF_TrimmingConfig
                0x00000000       0x14 ./Obj/stm32h7xx_hal.o
 .text.HAL_SYSCFG_EnableVREFBUF
                0x00000000       0x30 ./Obj/stm32h7xx_hal.o
 .text.HAL_SYSCFG_DisableVREFBUF
                0x00000000       0x10 ./Obj/stm32h7xx_hal.o
 .text.HAL_SYSCFG_ETHInterfaceSelect
                0x00000000       0x14 ./Obj/stm32h7xx_hal.o
 .text.HAL_SYSCFG_AnalogSwitchConfig
                0x00000000       0x14 ./Obj/stm32h7xx_hal.o
 .text.HAL_SYSCFG_EnableBOOST
                0x00000000       0x10 ./Obj/stm32h7xx_hal.o
 .text.HAL_SYSCFG_DisableBOOST
                0x00000000       0x10 ./Obj/stm32h7xx_hal.o
 .text.HAL_SYSCFG_CM7BootAddConfig
                0x00000000       0x34 ./Obj/stm32h7xx_hal.o
 .text.HAL_EnableCompensationCell
                0x00000000       0x10 ./Obj/stm32h7xx_hal.o
 .text.HAL_DisableCompensationCell
                0x00000000       0x10 ./Obj/stm32h7xx_hal.o
 .text.HAL_SYSCFG_EnableIOSpeedOptimize
                0x00000000       0x10 ./Obj/stm32h7xx_hal.o
 .text.HAL_SYSCFG_DisableIOSpeedOptimize
                0x00000000       0x10 ./Obj/stm32h7xx_hal.o
 .text.HAL_SYSCFG_CompensationCodeSelect
                0x00000000       0x14 ./Obj/stm32h7xx_hal.o
 .text.HAL_SYSCFG_CompensationCodeConfig
                0x00000000       0x18 ./Obj/stm32h7xx_hal.o
 .text.HAL_DBGMCU_EnableDBGSleepMode
                0x00000000       0x10 ./Obj/stm32h7xx_hal.o
 .text.HAL_DBGMCU_DisableDBGSleepMode
                0x00000000       0x10 ./Obj/stm32h7xx_hal.o
 .text.HAL_DBGMCU_EnableDBGStopMode
                0x00000000       0x10 ./Obj/stm32h7xx_hal.o
 .text.HAL_DBGMCU_DisableDBGStopMode
                0x00000000       0x10 ./Obj/stm32h7xx_hal.o
 .text.HAL_DBGMCU_EnableDBGStandbyMode
                0x00000000       0x10 ./Obj/stm32h7xx_hal.o
 .text.HAL_DBGMCU_DisableDBGStandbyMode
                0x00000000       0x10 ./Obj/stm32h7xx_hal.o
 .text.HAL_SetFMCMemorySwappingConfig
                0x00000000       0x14 ./Obj/stm32h7xx_hal.o
 .text.HAL_GetFMCMemorySwappingConfig
                0x00000000       0x10 ./Obj/stm32h7xx_hal.o
 .text.HAL_EXTI_EdgeConfig
                0x00000000       0x40 ./Obj/stm32h7xx_hal.o
 .text.HAL_EXTI_GenerateSWInterrupt
                0x00000000       0x1c ./Obj/stm32h7xx_hal.o
 .text.HAL_EXTI_D1_ClearFlag
                0x00000000       0x18 ./Obj/stm32h7xx_hal.o
 .text.HAL_EXTI_D1_EventInputConfig
                0x00000000       0x9c ./Obj/stm32h7xx_hal.o
 .text.HAL_EXTI_D3_EventInputConfig
                0x00000000       0x68 ./Obj/stm32h7xx_hal.o
 .text          0x00000000        0x0 ./Obj/stm32h7xx_hal_rcc.o
 .data          0x00000000        0x0 ./Obj/stm32h7xx_hal_rcc.o
 .bss           0x00000000        0x0 ./Obj/stm32h7xx_hal_rcc.o
 .text.HAL_RCC_DeInit
                0x00000000      0x1a4 ./Obj/stm32h7xx_hal_rcc.o
 .text.HAL_RCC_MCOConfig
                0x00000000       0xa4 ./Obj/stm32h7xx_hal_rcc.o
 .text.HAL_RCC_EnableCSS
                0x00000000       0x10 ./Obj/stm32h7xx_hal_rcc.o
 .text.HAL_RCC_DisableCSS
                0x00000000       0x10 ./Obj/stm32h7xx_hal_rcc.o
 .text.HAL_RCC_GetHCLKFreq
                0x00000000       0x80 ./Obj/stm32h7xx_hal_rcc.o
 .text.HAL_RCC_GetPCLK1Freq
                0x00000000       0x24 ./Obj/stm32h7xx_hal_rcc.o
 .text.HAL_RCC_GetPCLK2Freq
                0x00000000       0x24 ./Obj/stm32h7xx_hal_rcc.o
 .text.HAL_RCC_GetOscConfig
                0x00000000       0xf0 ./Obj/stm32h7xx_hal_rcc.o
 .text.HAL_RCC_GetClockConfig
                0x00000000       0x58 ./Obj/stm32h7xx_hal_rcc.o
 .text.HAL_RCC_CSSCallback
                0x00000000        0x4 ./Obj/stm32h7xx_hal_rcc.o
 .text.HAL_RCC_NMI_IRQHandler
                0x00000000       0x1c ./Obj/stm32h7xx_hal_rcc.o
 .text          0x00000000        0x0 ./Obj/stm32h7xx_hal_rcc_ex.o
 .data          0x00000000        0x0 ./Obj/stm32h7xx_hal_rcc_ex.o
 .bss           0x00000000        0x0 ./Obj/stm32h7xx_hal_rcc_ex.o
 .text.RCCEx_PLL2_Config
                0x00000000       0xf4 ./Obj/stm32h7xx_hal_rcc_ex.o
 .text.RCCEx_PLL3_Config
                0x00000000       0xf4 ./Obj/stm32h7xx_hal_rcc_ex.o
 .text.HAL_RCCEx_PeriphCLKConfig
                0x00000000      0xa98 ./Obj/stm32h7xx_hal_rcc_ex.o
 .text.HAL_RCCEx_GetPeriphCLKConfig
                0x00000000      0x194 ./Obj/stm32h7xx_hal_rcc_ex.o
 .text.HAL_RCCEx_GetD1PCLK1Freq
                0x00000000       0x24 ./Obj/stm32h7xx_hal_rcc_ex.o
 .text.HAL_RCCEx_GetD3PCLK1Freq
                0x00000000       0x24 ./Obj/stm32h7xx_hal_rcc_ex.o
 .text.HAL_RCCEx_GetPLL2ClockFreq
                0x00000000      0x158 ./Obj/stm32h7xx_hal_rcc_ex.o
 .text.HAL_RCCEx_GetPLL3ClockFreq
                0x00000000      0x158 ./Obj/stm32h7xx_hal_rcc_ex.o
 .text.HAL_RCCEx_GetPLL1ClockFreq
                0x00000000      0x158 ./Obj/stm32h7xx_hal_rcc_ex.o
 .text.HAL_RCCEx_GetPeriphCLKFreq
                0x00000000      0x2fc ./Obj/stm32h7xx_hal_rcc_ex.o
 .text.HAL_RCCEx_GetD1SysClockFreq
                0x00000000       0x44 ./Obj/stm32h7xx_hal_rcc_ex.o
 .text.HAL_RCCEx_EnableLSECSS
                0x00000000       0x10 ./Obj/stm32h7xx_hal_rcc_ex.o
 .text.HAL_RCCEx_DisableLSECSS
                0x00000000       0x18 ./Obj/stm32h7xx_hal_rcc_ex.o
 .text.HAL_RCCEx_EnableLSECSS_IT
                0x00000000       0x30 ./Obj/stm32h7xx_hal_rcc_ex.o
 .text.HAL_RCCEx_WakeUpStopCLKConfig
                0x00000000       0x14 ./Obj/stm32h7xx_hal_rcc_ex.o
 .text.HAL_RCCEx_KerWakeUpStopCLKConfig
                0x00000000       0x14 ./Obj/stm32h7xx_hal_rcc_ex.o
 .text.HAL_RCCEx_WWDGxSysResetConfig
                0x00000000       0x14 ./Obj/stm32h7xx_hal_rcc_ex.o
 .text.HAL_RCCEx_CRSConfig
                0x00000000       0x70 ./Obj/stm32h7xx_hal_rcc_ex.o
 .text.HAL_RCCEx_CRSSoftwareSynchronizationGenerate
                0x00000000       0x10 ./Obj/stm32h7xx_hal_rcc_ex.o
 .text.HAL_RCCEx_CRSGetSynchronizationInfo
                0x00000000       0x24 ./Obj/stm32h7xx_hal_rcc_ex.o
 .text.HAL_RCCEx_CRSWaitSynchronization
                0x00000000       0x98 ./Obj/stm32h7xx_hal_rcc_ex.o
 .text.HAL_RCCEx_CRS_SyncOkCallback
                0x00000000        0x4 ./Obj/stm32h7xx_hal_rcc_ex.o
 .text.HAL_RCCEx_CRS_SyncWarnCallback
                0x00000000        0x4 ./Obj/stm32h7xx_hal_rcc_ex.o
 .text.HAL_RCCEx_CRS_ExpectedSyncCallback
                0x00000000        0x4 ./Obj/stm32h7xx_hal_rcc_ex.o
 .text.HAL_RCCEx_CRS_ErrorCallback
                0x00000000        0x4 ./Obj/stm32h7xx_hal_rcc_ex.o
 .text.HAL_RCCEx_CRS_IRQHandler
                0x00000000       0x74 ./Obj/stm32h7xx_hal_rcc_ex.o
 .text.HAL_RCCEx_LSECSS_Callback
                0x00000000        0x4 ./Obj/stm32h7xx_hal_rcc_ex.o
 .text.HAL_RCCEx_LSECSS_IRQHandler
                0x00000000       0x1c ./Obj/stm32h7xx_hal_rcc_ex.o
 .comment       0x00000000       0x58 ./Obj/stm32h7xx_hal_rcc_ex.o
 .ARM.attributes
                0x00000000       0x32 ./Obj/stm32h7xx_hal_rcc_ex.o
 .text          0x00000000        0x0 ./Obj/stm32h7xx_hal_cortex.o
 .data          0x00000000        0x0 ./Obj/stm32h7xx_hal_cortex.o
 .bss           0x00000000        0x0 ./Obj/stm32h7xx_hal_cortex.o
 .text.HAL_NVIC_DisableIRQ
                0x00000000       0x24 ./Obj/stm32h7xx_hal_cortex.o
 .text.HAL_NVIC_SystemReset
                0x00000000       0x24 ./Obj/stm32h7xx_hal_cortex.o
 .text.HAL_NVIC_GetPriorityGrouping
                0x00000000       0x10 ./Obj/stm32h7xx_hal_cortex.o
 .text.HAL_NVIC_GetPriority
                0x00000000       0x60 ./Obj/stm32h7xx_hal_cortex.o
 .text.HAL_NVIC_SetPendingIRQ
                0x00000000       0x1c ./Obj/stm32h7xx_hal_cortex.o
 .text.HAL_NVIC_GetPendingIRQ
                0x00000000       0x24 ./Obj/stm32h7xx_hal_cortex.o
 .text.HAL_NVIC_ClearPendingIRQ
                0x00000000       0x1c ./Obj/stm32h7xx_hal_cortex.o
 .text.HAL_NVIC_GetActive
                0x00000000       0x24 ./Obj/stm32h7xx_hal_cortex.o
 .text.HAL_SYSTICK_CLKSourceConfig
                0x00000000       0x18 ./Obj/stm32h7xx_hal_cortex.o
 .text.HAL_SYSTICK_Callback
                0x00000000        0x4 ./Obj/stm32h7xx_hal_cortex.o
 .text.HAL_SYSTICK_IRQHandler
                0x00000000        0x8 ./Obj/stm32h7xx_hal_cortex.o
 .text.HAL_GetCurrentCPUID
                0x00000000        0x4 ./Obj/stm32h7xx_hal_cortex.o
 .text          0x00000000        0x0 ./Obj/stm32h7xx_hal_gpio.o
 .data          0x00000000        0x0 ./Obj/stm32h7xx_hal_gpio.o
 .bss           0x00000000        0x0 ./Obj/stm32h7xx_hal_gpio.o
 .text.HAL_GPIO_DeInit
                0x00000000      0x190 ./Obj/stm32h7xx_hal_gpio.o
 .text.HAL_GPIO_ReadPin
                0x00000000        0xc ./Obj/stm32h7xx_hal_gpio.o
 .text.HAL_GPIO_WritePin
                0x00000000        0x8 ./Obj/stm32h7xx_hal_gpio.o
 .text.HAL_GPIO_TogglePin
                0x00000000       0x14 ./Obj/stm32h7xx_hal_gpio.o
 .text.HAL_GPIO_LockPin
                0x00000000       0x2c ./Obj/stm32h7xx_hal_gpio.o
 .text.HAL_GPIO_EXTI_Callback
                0x00000000        0x4 ./Obj/stm32h7xx_hal_gpio.o
 .text.HAL_GPIO_EXTI_IRQHandler
                0x00000000       0x1c ./Obj/stm32h7xx_hal_gpio.o
 .text          0x00000000        0x0 ./Obj/stm32h7xx_hal_sdram.o
 .data          0x00000000        0x0 ./Obj/stm32h7xx_hal_sdram.o
 .bss           0x00000000        0x0 ./Obj/stm32h7xx_hal_sdram.o
 .text.HAL_SDRAM_MspDeInit
                0x00000000        0x4 ./Obj/stm32h7xx_hal_sdram.o
 .text.HAL_SDRAM_DeInit
                0x00000000       0x1c ./Obj/stm32h7xx_hal_sdram.o
 .text.HAL_SDRAM_RefreshErrorCallback
                0x00000000        0x4 ./Obj/stm32h7xx_hal_sdram.o
 .text.HAL_SDRAM_IRQHandler
                0x00000000       0x20 ./Obj/stm32h7xx_hal_sdram.o
 .text.HAL_SDRAM_DMA_XferCpltCallback
                0x00000000        0x4 ./Obj/stm32h7xx_hal_sdram.o
 .text.SDRAM_DMACpltProt
                0x00000000       0x1c ./Obj/stm32h7xx_hal_sdram.o
 .text.SDRAM_DMACplt
                0x00000000       0x1c ./Obj/stm32h7xx_hal_sdram.o
 .text.HAL_SDRAM_DMA_XferErrorCallback
                0x00000000        0x4 ./Obj/stm32h7xx_hal_sdram.o
 .text.SDRAM_DMAError
                0x00000000       0x1c ./Obj/stm32h7xx_hal_sdram.o
 .text.HAL_SDRAM_Read_8b
                0x00000000       0x60 ./Obj/stm32h7xx_hal_sdram.o
 .text.HAL_SDRAM_Write_8b
                0x00000000       0x5c ./Obj/stm32h7xx_hal_sdram.o
 .text.HAL_SDRAM_Read_16b
                0x00000000       0x88 ./Obj/stm32h7xx_hal_sdram.o
 .text.HAL_SDRAM_Write_16b
                0x00000000       0x94 ./Obj/stm32h7xx_hal_sdram.o
 .text.HAL_SDRAM_Read_32b
                0x00000000       0x5c ./Obj/stm32h7xx_hal_sdram.o
 .text.HAL_SDRAM_Write_32b
                0x00000000       0x50 ./Obj/stm32h7xx_hal_sdram.o
 .text.HAL_SDRAM_Read_DMA
                0x00000000       0x70 ./Obj/stm32h7xx_hal_sdram.o
 .text.HAL_SDRAM_Write_DMA
                0x00000000       0x60 ./Obj/stm32h7xx_hal_sdram.o
 .text.HAL_SDRAM_WriteProtection_Enable
                0x00000000       0x34 ./Obj/stm32h7xx_hal_sdram.o
 .text.HAL_SDRAM_WriteProtection_Disable
                0x00000000       0x30 ./Obj/stm32h7xx_hal_sdram.o
 .text.HAL_SDRAM_SetAutoRefreshNumber
                0x00000000       0x30 ./Obj/stm32h7xx_hal_sdram.o
 .text.HAL_SDRAM_GetModeStatus
                0x00000000        0x8 ./Obj/stm32h7xx_hal_sdram.o
 .text.HAL_SDRAM_GetState
                0x00000000        0x8 ./Obj/stm32h7xx_hal_sdram.o
 .text          0x00000000        0x0 ./Obj/stm32h7xx_hal_qspi.o
 .data          0x00000000        0x0 ./Obj/stm32h7xx_hal_qspi.o
 .bss           0x00000000        0x0 ./Obj/stm32h7xx_hal_qspi.o
 .text.QSPI_DMARxCplt
                0x00000000       0x14 ./Obj/stm32h7xx_hal_qspi.o
 .text.QSPI_DMATxCplt
                0x00000000       0x14 ./Obj/stm32h7xx_hal_qspi.o
 .text.HAL_QSPI_Command_IT
                0x00000000       0xbc ./Obj/stm32h7xx_hal_qspi.o
 .text.HAL_QSPI_Transmit_IT
                0x00000000       0x74 ./Obj/stm32h7xx_hal_qspi.o
 .text.HAL_QSPI_Receive_IT
                0x00000000       0x80 ./Obj/stm32h7xx_hal_qspi.o
 .text.HAL_QSPI_Transmit_DMA
                0x00000000      0x13c ./Obj/stm32h7xx_hal_qspi.o
 .text.HAL_QSPI_Receive_DMA
                0x00000000      0x15c ./Obj/stm32h7xx_hal_qspi.o
 .text.HAL_QSPI_AutoPolling_IT
                0x00000000       0xdc ./Obj/stm32h7xx_hal_qspi.o
 .text.HAL_QSPI_ErrorCallback
                0x00000000        0x4 ./Obj/stm32h7xx_hal_qspi.o
 .text.QSPI_DMAAbortCplt
                0x00000000       0x38 ./Obj/stm32h7xx_hal_qspi.o
 .text.HAL_QSPI_AbortCpltCallback
                0x00000000        0x4 ./Obj/stm32h7xx_hal_qspi.o
 .text.HAL_QSPI_CmdCpltCallback
                0x00000000        0x4 ./Obj/stm32h7xx_hal_qspi.o
 .text.HAL_QSPI_RxCpltCallback
                0x00000000        0x4 ./Obj/stm32h7xx_hal_qspi.o
 .text.HAL_QSPI_TxCpltCallback
                0x00000000        0x4 ./Obj/stm32h7xx_hal_qspi.o
 .text.HAL_QSPI_FifoThresholdCallback
                0x00000000        0x4 ./Obj/stm32h7xx_hal_qspi.o
 .text.HAL_QSPI_StatusMatchCallback
                0x00000000        0x4 ./Obj/stm32h7xx_hal_qspi.o
 .text.HAL_QSPI_TimeOutCallback
                0x00000000        0x4 ./Obj/stm32h7xx_hal_qspi.o
 .text.HAL_QSPI_IRQHandler
                0x00000000      0x210 ./Obj/stm32h7xx_hal_qspi.o
 .text.HAL_QSPI_GetState
                0x00000000        0x8 ./Obj/stm32h7xx_hal_qspi.o
 .text.HAL_QSPI_GetError
                0x00000000        0x4 ./Obj/stm32h7xx_hal_qspi.o
 .text.HAL_QSPI_Abort
                0x00000000       0xc0 ./Obj/stm32h7xx_hal_qspi.o
 .text.HAL_QSPI_Abort_IT
                0x00000000       0x7c ./Obj/stm32h7xx_hal_qspi.o
 .text.QSPI_DMAError
                0x00000000       0x20 ./Obj/stm32h7xx_hal_qspi.o
 .text.HAL_QSPI_SetTimeout
                0x00000000        0x4 ./Obj/stm32h7xx_hal_qspi.o
 .text.HAL_QSPI_SetFifoThreshold
                0x00000000       0x48 ./Obj/stm32h7xx_hal_qspi.o
 .text.HAL_QSPI_GetFifoThreshold
                0x00000000        0xc ./Obj/stm32h7xx_hal_qspi.o
 .text.HAL_QSPI_SetFlashID
                0x00000000       0x44 ./Obj/stm32h7xx_hal_qspi.o
 .text          0x00000000        0x0 ./Obj/stm32h7xx_hal_dma.o
 .data          0x00000000        0x0 ./Obj/stm32h7xx_hal_dma.o
 .bss           0x00000000        0x0 ./Obj/stm32h7xx_hal_dma.o
 .text.DMA_SetConfig
                0x00000000      0x1d4 ./Obj/stm32h7xx_hal_dma.o
 .text.DMA_CalcBaseAndBitshift
                0x00000000       0xf4 ./Obj/stm32h7xx_hal_dma.o
 .text.DMA_CalcDMAMUXChannelBaseAndMask
                0x00000000       0xd0 ./Obj/stm32h7xx_hal_dma.o
 .text.DMA_CalcDMAMUXRequestGenBaseAndMask
                0x00000000       0x9c ./Obj/stm32h7xx_hal_dma.o
 .text.HAL_DMA_Init
                0x00000000      0x460 ./Obj/stm32h7xx_hal_dma.o
 .text.HAL_DMA_DeInit
                0x00000000      0x1c4 ./Obj/stm32h7xx_hal_dma.o
 .text.HAL_DMA_Start
                0x00000000      0x140 ./Obj/stm32h7xx_hal_dma.o
 .text.HAL_DMA_Start_IT
                0x00000000      0x1f4 ./Obj/stm32h7xx_hal_dma.o
 .text.HAL_DMA_Abort
                0x00000000      0x2f0 ./Obj/stm32h7xx_hal_dma.o
 .text.HAL_DMA_Abort_IT
                0x00000000      0x194 ./Obj/stm32h7xx_hal_dma.o
 .text.HAL_DMA_PollForTransfer
                0x00000000      0x5d0 ./Obj/stm32h7xx_hal_dma.o
 .text.HAL_DMA_IRQHandler
                0x00000000      0x69c ./Obj/stm32h7xx_hal_dma.o
 .text.HAL_DMA_RegisterCallback
                0x00000000       0x64 ./Obj/stm32h7xx_hal_dma.o
 .text.HAL_DMA_UnRegisterCallback
                0x00000000       0x84 ./Obj/stm32h7xx_hal_dma.o
 .text.HAL_DMA_GetState
                0x00000000        0x8 ./Obj/stm32h7xx_hal_dma.o
 .text.HAL_DMA_GetError
                0x00000000        0x4 ./Obj/stm32h7xx_hal_dma.o
 .rodata.flagBitshiftOffset.0
                0x00000000        0x8 ./Obj/stm32h7xx_hal_dma.o
 .comment       0x00000000       0x58 ./Obj/stm32h7xx_hal_dma.o
 .ARM.attributes
                0x00000000       0x32 ./Obj/stm32h7xx_hal_dma.o
 .text          0x00000000        0x0 ./Obj/stm32h7xx_ll_fmc.o
 .data          0x00000000        0x0 ./Obj/stm32h7xx_ll_fmc.o
 .bss           0x00000000        0x0 ./Obj/stm32h7xx_ll_fmc.o
 .text.FMC_NORSRAM_Init
                0x00000000       0xac ./Obj/stm32h7xx_ll_fmc.o
 .text.FMC_NORSRAM_DeInit
                0x00000000       0x34 ./Obj/stm32h7xx_ll_fmc.o
 .text.FMC_NORSRAM_Timing_Init
                0x00000000       0x60 ./Obj/stm32h7xx_ll_fmc.o
 .text.FMC_NORSRAM_Extended_Timing_Init
                0x00000000       0x44 ./Obj/stm32h7xx_ll_fmc.o
 .text.FMC_NORSRAM_WriteOperation_Enable
                0x00000000       0x14 ./Obj/stm32h7xx_ll_fmc.o
 .text.FMC_NORSRAM_WriteOperation_Disable
                0x00000000       0x14 ./Obj/stm32h7xx_ll_fmc.o
 .text.FMC_NAND_Init
                0x00000000       0x38 ./Obj/stm32h7xx_ll_fmc.o
 .text.FMC_NAND_CommonSpace_Timing_Init
                0x00000000       0x24 ./Obj/stm32h7xx_ll_fmc.o
 .text.FMC_NAND_AttributeSpace_Timing_Init
                0x00000000       0x24 ./Obj/stm32h7xx_ll_fmc.o
 .text.FMC_NAND_DeInit
                0x00000000       0x24 ./Obj/stm32h7xx_ll_fmc.o
 .text.FMC_NAND_ECC_Enable
                0x00000000       0x10 ./Obj/stm32h7xx_ll_fmc.o
 .text.FMC_NAND_ECC_Disable
                0x00000000       0x10 ./Obj/stm32h7xx_ll_fmc.o
 .text.FMC_NAND_GetECC
                0x00000000       0x34 ./Obj/stm32h7xx_ll_fmc.o
 .text.FMC_SDRAM_DeInit
                0x00000000       0x28 ./Obj/stm32h7xx_ll_fmc.o
 .text.FMC_SDRAM_WriteProtection_Enable
                0x00000000       0x14 ./Obj/stm32h7xx_ll_fmc.o
 .text.FMC_SDRAM_WriteProtection_Disable
                0x00000000       0x14 ./Obj/stm32h7xx_ll_fmc.o
 .text.FMC_SDRAM_SetAutoRefreshNumber
                0x00000000       0x14 ./Obj/stm32h7xx_ll_fmc.o
 .text.FMC_SDRAM_GetModeStatus
                0x00000000        0xc ./Obj/stm32h7xx_ll_fmc.o
 .text          0x00000000        0x0 ./Obj/stm32h7xx_hal_pwr_ex.o
 .data          0x00000000        0x0 ./Obj/stm32h7xx_hal_pwr_ex.o
 .bss           0x00000000        0x0 ./Obj/stm32h7xx_hal_pwr_ex.o
 .text.HAL_PWREx_GetSupplyConfig
                0x00000000       0x10 ./Obj/stm32h7xx_hal_pwr_ex.o
 .text.HAL_PWREx_ControlVoltageScaling
                0x00000000       0xb8 ./Obj/stm32h7xx_hal_pwr_ex.o
 .text.HAL_PWREx_GetVoltageRange
                0x00000000       0x10 ./Obj/stm32h7xx_hal_pwr_ex.o
 .text.HAL_PWREx_ControlStopModeVoltageScaling
                0x00000000       0x18 ./Obj/stm32h7xx_hal_pwr_ex.o
 .text.HAL_PWREx_GetStopModeVoltageRange
                0x00000000       0x10 ./Obj/stm32h7xx_hal_pwr_ex.o
 .text.HAL_PWREx_EnterSTOPMode
                0x00000000       0x60 ./Obj/stm32h7xx_hal_pwr_ex.o
 .text.HAL_PWREx_ClearPendingEvent
                0x00000000        0x4 ./Obj/stm32h7xx_hal_pwr_ex.o
 .text.HAL_PWREx_EnterSTANDBYMode
                0x00000000       0x38 ./Obj/stm32h7xx_hal_pwr_ex.o
 .text.HAL_PWREx_ConfigD3Domain
                0x00000000       0x14 ./Obj/stm32h7xx_hal_pwr_ex.o
 .text.HAL_PWREx_EnableFlashPowerDown
                0x00000000       0x10 ./Obj/stm32h7xx_hal_pwr_ex.o
 .text.HAL_PWREx_DisableFlashPowerDown
                0x00000000       0x10 ./Obj/stm32h7xx_hal_pwr_ex.o
 .text.HAL_PWREx_EnableWakeUpPin
                0x00000000       0xa0 ./Obj/stm32h7xx_hal_pwr_ex.o
 .text.HAL_PWREx_DisableWakeUpPin
                0x00000000       0x10 ./Obj/stm32h7xx_hal_pwr_ex.o
 .text.HAL_PWREx_GetWakeupFlag
                0x00000000        0xc ./Obj/stm32h7xx_hal_pwr_ex.o
 .text.HAL_PWREx_ClearWakeupFlag
                0x00000000       0x18 ./Obj/stm32h7xx_hal_pwr_ex.o
 .text.HAL_PWREx_WKUP1_Callback
                0x00000000        0x4 ./Obj/stm32h7xx_hal_pwr_ex.o
 .text.HAL_PWREx_WKUP2_Callback
                0x00000000        0x4 ./Obj/stm32h7xx_hal_pwr_ex.o
 .text.HAL_PWREx_WKUP3_Callback
                0x00000000        0x4 ./Obj/stm32h7xx_hal_pwr_ex.o
 .text.HAL_PWREx_WKUP4_Callback
                0x00000000        0x4 ./Obj/stm32h7xx_hal_pwr_ex.o
 .text.HAL_PWREx_WKUP5_Callback
                0x00000000        0x4 ./Obj/stm32h7xx_hal_pwr_ex.o
 .text.HAL_PWREx_WKUP6_Callback
                0x00000000        0x4 ./Obj/stm32h7xx_hal_pwr_ex.o
 .text.HAL_PWREx_WAKEUP_PIN_IRQHandler
                0x00000000       0x7c ./Obj/stm32h7xx_hal_pwr_ex.o
 .text.HAL_PWREx_EnableBkUpReg
                0x00000000       0x34 ./Obj/stm32h7xx_hal_pwr_ex.o
 .text.HAL_PWREx_DisableBkUpReg
                0x00000000       0x34 ./Obj/stm32h7xx_hal_pwr_ex.o
 .text.HAL_PWREx_EnableUSBReg
                0x00000000       0x34 ./Obj/stm32h7xx_hal_pwr_ex.o
 .text.HAL_PWREx_DisableUSBReg
                0x00000000       0x34 ./Obj/stm32h7xx_hal_pwr_ex.o
 .text.HAL_PWREx_EnableUSBVoltageDetector
                0x00000000       0x10 ./Obj/stm32h7xx_hal_pwr_ex.o
 .text.HAL_PWREx_DisableUSBVoltageDetector
                0x00000000       0x10 ./Obj/stm32h7xx_hal_pwr_ex.o
 .text.HAL_PWREx_EnableBatteryCharging
                0x00000000       0x1c ./Obj/stm32h7xx_hal_pwr_ex.o
 .text.HAL_PWREx_DisableBatteryCharging
                0x00000000       0x10 ./Obj/stm32h7xx_hal_pwr_ex.o
 .text.HAL_PWREx_EnableMonitoring
                0x00000000       0x10 ./Obj/stm32h7xx_hal_pwr_ex.o
 .text.HAL_PWREx_DisableMonitoring
                0x00000000       0x10 ./Obj/stm32h7xx_hal_pwr_ex.o
 .text.HAL_PWREx_GetTemperatureLevel
                0x00000000       0x20 ./Obj/stm32h7xx_hal_pwr_ex.o
 .text.HAL_PWREx_GetVBATLevel
                0x00000000       0x20 ./Obj/stm32h7xx_hal_pwr_ex.o
 .text.HAL_PWREx_ConfigAVD
                0x00000000       0x8c ./Obj/stm32h7xx_hal_pwr_ex.o
 .text.HAL_PWREx_EnableAVD
                0x00000000       0x10 ./Obj/stm32h7xx_hal_pwr_ex.o
 .text.HAL_PWREx_DisableAVD
                0x00000000       0x10 ./Obj/stm32h7xx_hal_pwr_ex.o
 .text.HAL_PWREx_AVDCallback
                0x00000000        0x4 ./Obj/stm32h7xx_hal_pwr_ex.o
 .text.HAL_PWREx_PVD_AVD_IRQHandler
                0x00000000       0x54 ./Obj/stm32h7xx_hal_pwr_ex.o
 .text          0x00000000        0x0 c:/stm32/stm32h750-discovery/thirdparty/gcc-arm-none-eabi/bin/../lib/gcc/arm-none-eabi/11.2.1/../../../../arm-none-eabi/lib/thumb/v7e-m+fp/hard\libc.a(lib_a-atexit.o)
 .data          0x00000000        0x0 c:/stm32/stm32h750-discovery/thirdparty/gcc-arm-none-eabi/bin/../lib/gcc/arm-none-eabi/11.2.1/../../../../arm-none-eabi/lib/thumb/v7e-m+fp/hard\libc.a(lib_a-atexit.o)
 .bss           0x00000000        0x0 c:/stm32/stm32h750-discovery/thirdparty/gcc-arm-none-eabi/bin/../lib/gcc/arm-none-eabi/11.2.1/../../../../arm-none-eabi/lib/thumb/v7e-m+fp/hard\libc.a(lib_a-atexit.o)
 .text.atexit   0x00000000        0xc c:/stm32/stm32h750-discovery/thirdparty/gcc-arm-none-eabi/bin/../lib/gcc/arm-none-eabi/11.2.1/../../../../arm-none-eabi/lib/thumb/v7e-m+fp/hard\libc.a(lib_a-atexit.o)
 .debug_info    0x00000000      0x118 c:/stm32/stm32h750-discovery/thirdparty/gcc-arm-none-eabi/bin/../lib/gcc/arm-none-eabi/11.2.1/../../../../arm-none-eabi/lib/thumb/v7e-m+fp/hard\libc.a(lib_a-atexit.o)
 .debug_abbrev  0x00000000       0xc1 c:/stm32/stm32h750-discovery/thirdparty/gcc-arm-none-eabi/bin/../lib/gcc/arm-none-eabi/11.2.1/../../../../arm-none-eabi/lib/thumb/v7e-m+fp/hard\libc.a(lib_a-atexit.o)
 .debug_loclists
                0x00000000       0x2a c:/stm32/stm32h750-discovery/thirdparty/gcc-arm-none-eabi/bin/../lib/gcc/arm-none-eabi/11.2.1/../../../../arm-none-eabi/lib/thumb/v7e-m+fp/hard\libc.a(lib_a-atexit.o)
 .debug_aranges
                0x00000000       0x20 c:/stm32/stm32h750-discovery/thirdparty/gcc-arm-none-eabi/bin/../lib/gcc/arm-none-eabi/11.2.1/../../../../arm-none-eabi/lib/thumb/v7e-m+fp/hard\libc.a(lib_a-atexit.o)
 .debug_rnglists
                0x00000000       0x13 c:/stm32/stm32h750-discovery/thirdparty/gcc-arm-none-eabi/bin/../lib/gcc/arm-none-eabi/11.2.1/../../../../arm-none-eabi/lib/thumb/v7e-m+fp/hard\libc.a(lib_a-atexit.o)
 .debug_line    0x00000000      0x104 c:/stm32/stm32h750-discovery/thirdparty/gcc-arm-none-eabi/bin/../lib/gcc/arm-none-eabi/11.2.1/../../../../arm-none-eabi/lib/thumb/v7e-m+fp/hard\libc.a(lib_a-atexit.o)
 .debug_str     0x00000000      0x250 c:/stm32/stm32h750-discovery/thirdparty/gcc-arm-none-eabi/bin/../lib/gcc/arm-none-eabi/11.2.1/../../../../arm-none-eabi/lib/thumb/v7e-m+fp/hard\libc.a(lib_a-atexit.o)
 .comment       0x00000000       0x58 c:/stm32/stm32h750-discovery/thirdparty/gcc-arm-none-eabi/bin/../lib/gcc/arm-none-eabi/11.2.1/../../../../arm-none-eabi/lib/thumb/v7e-m+fp/hard\libc.a(lib_a-atexit.o)
 .debug_frame   0x00000000       0x20 c:/stm32/stm32h750-discovery/thirdparty/gcc-arm-none-eabi/bin/../lib/gcc/arm-none-eabi/11.2.1/../../../../arm-none-eabi/lib/thumb/v7e-m+fp/hard\libc.a(lib_a-atexit.o)
 .ARM.attributes
                0x00000000       0x34 c:/stm32/stm32h750-discovery/thirdparty/gcc-arm-none-eabi/bin/../lib/gcc/arm-none-eabi/11.2.1/../../../../arm-none-eabi/lib/thumb/v7e-m+fp/hard\libc.a(lib_a-atexit.o)
 .text          0x00000000        0x0 c:/stm32/stm32h750-discovery/thirdparty/gcc-arm-none-eabi/bin/../lib/gcc/arm-none-eabi/11.2.1/../../../../arm-none-eabi/lib/thumb/v7e-m+fp/hard\libc.a(lib_a-exit.o)
 .data          0x00000000        0x0 c:/stm32/stm32h750-discovery/thirdparty/gcc-arm-none-eabi/bin/../lib/gcc/arm-none-eabi/11.2.1/../../../../arm-none-eabi/lib/thumb/v7e-m+fp/hard\libc.a(lib_a-exit.o)
 .bss           0x00000000        0x0 c:/stm32/stm32h750-discovery/thirdparty/gcc-arm-none-eabi/bin/../lib/gcc/arm-none-eabi/11.2.1/../../../../arm-none-eabi/lib/thumb/v7e-m+fp/hard\libc.a(lib_a-exit.o)
 .text.exit     0x00000000       0x20 c:/stm32/stm32h750-discovery/thirdparty/gcc-arm-none-eabi/bin/../lib/gcc/arm-none-eabi/11.2.1/../../../../arm-none-eabi/lib/thumb/v7e-m+fp/hard\libc.a(lib_a-exit.o)
 .debug_info    0x00000000      0x90c c:/stm32/stm32h750-discovery/thirdparty/gcc-arm-none-eabi/bin/../lib/gcc/arm-none-eabi/11.2.1/../../../../arm-none-eabi/lib/thumb/v7e-m+fp/hard\libc.a(lib_a-exit.o)
 .debug_abbrev  0x00000000      0x22d c:/stm32/stm32h750-discovery/thirdparty/gcc-arm-none-eabi/bin/../lib/gcc/arm-none-eabi/11.2.1/../../../../arm-none-eabi/lib/thumb/v7e-m+fp/hard\libc.a(lib_a-exit.o)
 .debug_loclists
                0x00000000       0x20 c:/stm32/stm32h750-discovery/thirdparty/gcc-arm-none-eabi/bin/../lib/gcc/arm-none-eabi/11.2.1/../../../../arm-none-eabi/lib/thumb/v7e-m+fp/hard\libc.a(lib_a-exit.o)
 .debug_aranges
                0x00000000       0x20 c:/stm32/stm32h750-discovery/thirdparty/gcc-arm-none-eabi/bin/../lib/gcc/arm-none-eabi/11.2.1/../../../../arm-none-eabi/lib/thumb/v7e-m+fp/hard\libc.a(lib_a-exit.o)
 .debug_rnglists
                0x00000000       0x13 c:/stm32/stm32h750-discovery/thirdparty/gcc-arm-none-eabi/bin/../lib/gcc/arm-none-eabi/11.2.1/../../../../arm-none-eabi/lib/thumb/v7e-m+fp/hard\libc.a(lib_a-exit.o)
 .debug_line    0x00000000      0x20d c:/stm32/stm32h750-discovery/thirdparty/gcc-arm-none-eabi/bin/../lib/gcc/arm-none-eabi/11.2.1/../../../../arm-none-eabi/lib/thumb/v7e-m+fp/hard\libc.a(lib_a-exit.o)
 .debug_str     0x00000000      0x5f7 c:/stm32/stm32h750-discovery/thirdparty/gcc-arm-none-eabi/bin/../lib/gcc/arm-none-eabi/11.2.1/../../../../arm-none-eabi/lib/thumb/v7e-m+fp/hard\libc.a(lib_a-exit.o)
 .comment       0x00000000       0x58 c:/stm32/stm32h750-discovery/thirdparty/gcc-arm-none-eabi/bin/../lib/gcc/arm-none-eabi/11.2.1/../../../../arm-none-eabi/lib/thumb/v7e-m+fp/hard\libc.a(lib_a-exit.o)
 .debug_frame   0x00000000       0x28 c:/stm32/stm32h750-discovery/thirdparty/gcc-arm-none-eabi/bin/../lib/gcc/arm-none-eabi/11.2.1/../../../../arm-none-eabi/lib/thumb/v7e-m+fp/hard\libc.a(lib_a-exit.o)
 .ARM.attributes
                0x00000000       0x34 c:/stm32/stm32h750-discovery/thirdparty/gcc-arm-none-eabi/bin/../lib/gcc/arm-none-eabi/11.2.1/../../../../arm-none-eabi/lib/thumb/v7e-m+fp/hard\libc.a(lib_a-exit.o)
 .text          0x00000000        0x0 c:/stm32/stm32h750-discovery/thirdparty/gcc-arm-none-eabi/bin/../lib/gcc/arm-none-eabi/11.2.1/../../../../arm-none-eabi/lib/thumb/v7e-m+fp/hard\libc.a(lib_a-fini.o)
 .data          0x00000000        0x0 c:/stm32/stm32h750-discovery/thirdparty/gcc-arm-none-eabi/bin/../lib/gcc/arm-none-eabi/11.2.1/../../../../arm-none-eabi/lib/thumb/v7e-m+fp/hard\libc.a(lib_a-fini.o)
 .bss           0x00000000        0x0 c:/stm32/stm32h750-discovery/thirdparty/gcc-arm-none-eabi/bin/../lib/gcc/arm-none-eabi/11.2.1/../../../../arm-none-eabi/lib/thumb/v7e-m+fp/hard\libc.a(lib_a-fini.o)
 .text.__libc_fini_array
                0x00000000       0x2c c:/stm32/stm32h750-discovery/thirdparty/gcc-arm-none-eabi/bin/../lib/gcc/arm-none-eabi/11.2.1/../../../../arm-none-eabi/lib/thumb/v7e-m+fp/hard\libc.a(lib_a-fini.o)
 .debug_info    0x00000000       0xf7 c:/stm32/stm32h750-discovery/thirdparty/gcc-arm-none-eabi/bin/../lib/gcc/arm-none-eabi/11.2.1/../../../../arm-none-eabi/lib/thumb/v7e-m+fp/hard\libc.a(lib_a-fini.o)
 .debug_abbrev  0x00000000       0xcc c:/stm32/stm32h750-discovery/thirdparty/gcc-arm-none-eabi/bin/../lib/gcc/arm-none-eabi/11.2.1/../../../../arm-none-eabi/lib/thumb/v7e-m+fp/hard\libc.a(lib_a-fini.o)
 .debug_loclists
                0x00000000       0x4c c:/stm32/stm32h750-discovery/thirdparty/gcc-arm-none-eabi/bin/../lib/gcc/arm-none-eabi/11.2.1/../../../../arm-none-eabi/lib/thumb/v7e-m+fp/hard\libc.a(lib_a-fini.o)
 .debug_aranges
                0x00000000       0x20 c:/stm32/stm32h750-discovery/thirdparty/gcc-arm-none-eabi/bin/../lib/gcc/arm-none-eabi/11.2.1/../../../../arm-none-eabi/lib/thumb/v7e-m+fp/hard\libc.a(lib_a-fini.o)
 .debug_rnglists
                0x00000000       0x13 c:/stm32/stm32h750-discovery/thirdparty/gcc-arm-none-eabi/bin/../lib/gcc/arm-none-eabi/11.2.1/../../../../arm-none-eabi/lib/thumb/v7e-m+fp/hard\libc.a(lib_a-fini.o)
 .debug_line    0x00000000      0x13d c:/stm32/stm32h750-discovery/thirdparty/gcc-arm-none-eabi/bin/../lib/gcc/arm-none-eabi/11.2.1/../../../../arm-none-eabi/lib/thumb/v7e-m+fp/hard\libc.a(lib_a-fini.o)
 .debug_str     0x00000000      0x248 c:/stm32/stm32h750-discovery/thirdparty/gcc-arm-none-eabi/bin/../lib/gcc/arm-none-eabi/11.2.1/../../../../arm-none-eabi/lib/thumb/v7e-m+fp/hard\libc.a(lib_a-fini.o)
 .comment       0x00000000       0x58 c:/stm32/stm32h750-discovery/thirdparty/gcc-arm-none-eabi/bin/../lib/gcc/arm-none-eabi/11.2.1/../../../../arm-none-eabi/lib/thumb/v7e-m+fp/hard\libc.a(lib_a-fini.o)
 .debug_frame   0x00000000       0x34 c:/stm32/stm32h750-discovery/thirdparty/gcc-arm-none-eabi/bin/../lib/gcc/arm-none-eabi/11.2.1/../../../../arm-none-eabi/lib/thumb/v7e-m+fp/hard\libc.a(lib_a-fini.o)
 .ARM.attributes
                0x00000000       0x34 c:/stm32/stm32h750-discovery/thirdparty/gcc-arm-none-eabi/bin/../lib/gcc/arm-none-eabi/11.2.1/../../../../arm-none-eabi/lib/thumb/v7e-m+fp/hard\libc.a(lib_a-fini.o)
 .text          0x00000000        0x0 c:/stm32/stm32h750-discovery/thirdparty/gcc-arm-none-eabi/bin/../lib/gcc/arm-none-eabi/11.2.1/../../../../arm-none-eabi/lib/thumb/v7e-m+fp/hard\libc.a(lib_a-impure.o)
 .data          0x00000000        0x0 c:/stm32/stm32h750-discovery/thirdparty/gcc-arm-none-eabi/bin/../lib/gcc/arm-none-eabi/11.2.1/../../../../arm-none-eabi/lib/thumb/v7e-m+fp/hard\libc.a(lib_a-impure.o)
 .bss           0x00000000        0x0 c:/stm32/stm32h750-discovery/thirdparty/gcc-arm-none-eabi/bin/../lib/gcc/arm-none-eabi/11.2.1/../../../../arm-none-eabi/lib/thumb/v7e-m+fp/hard\libc.a(lib_a-impure.o)
 .data._impure_ptr
                0x00000000        0x4 c:/stm32/stm32h750-discovery/thirdparty/gcc-arm-none-eabi/bin/../lib/gcc/arm-none-eabi/11.2.1/../../../../arm-none-eabi/lib/thumb/v7e-m+fp/hard\libc.a(lib_a-impure.o)
 .data.impure_data
                0x00000000      0x428 c:/stm32/stm32h750-discovery/thirdparty/gcc-arm-none-eabi/bin/../lib/gcc/arm-none-eabi/11.2.1/../../../../arm-none-eabi/lib/thumb/v7e-m+fp/hard\libc.a(lib_a-impure.o)
 .rodata._global_impure_ptr
                0x00000000        0x4 c:/stm32/stm32h750-discovery/thirdparty/gcc-arm-none-eabi/bin/../lib/gcc/arm-none-eabi/11.2.1/../../../../arm-none-eabi/lib/thumb/v7e-m+fp/hard\libc.a(lib_a-impure.o)
 .debug_info    0x00000000      0x8be c:/stm32/stm32h750-discovery/thirdparty/gcc-arm-none-eabi/bin/../lib/gcc/arm-none-eabi/11.2.1/../../../../arm-none-eabi/lib/thumb/v7e-m+fp/hard\libc.a(lib_a-impure.o)
 .debug_abbrev  0x00000000      0x1ca c:/stm32/stm32h750-discovery/thirdparty/gcc-arm-none-eabi/bin/../lib/gcc/arm-none-eabi/11.2.1/../../../../arm-none-eabi/lib/thumb/v7e-m+fp/hard\libc.a(lib_a-impure.o)
 .debug_aranges
                0x00000000       0x18 c:/stm32/stm32h750-discovery/thirdparty/gcc-arm-none-eabi/bin/../lib/gcc/arm-none-eabi/11.2.1/../../../../arm-none-eabi/lib/thumb/v7e-m+fp/hard\libc.a(lib_a-impure.o)
 .debug_line    0x00000000      0x15b c:/stm32/stm32h750-discovery/thirdparty/gcc-arm-none-eabi/bin/../lib/gcc/arm-none-eabi/11.2.1/../../../../arm-none-eabi/lib/thumb/v7e-m+fp/hard\libc.a(lib_a-impure.o)
 .debug_str     0x00000000      0x5ee c:/stm32/stm32h750-discovery/thirdparty/gcc-arm-none-eabi/bin/../lib/gcc/arm-none-eabi/11.2.1/../../../../arm-none-eabi/lib/thumb/v7e-m+fp/hard\libc.a(lib_a-impure.o)
 .comment       0x00000000       0x58 c:/stm32/stm32h750-discovery/thirdparty/gcc-arm-none-eabi/bin/../lib/gcc/arm-none-eabi/11.2.1/../../../../arm-none-eabi/lib/thumb/v7e-m+fp/hard\libc.a(lib_a-impure.o)
 .ARM.attributes
                0x00000000       0x34 c:/stm32/stm32h750-discovery/thirdparty/gcc-arm-none-eabi/bin/../lib/gcc/arm-none-eabi/11.2.1/../../../../arm-none-eabi/lib/thumb/v7e-m+fp/hard\libc.a(lib_a-impure.o)
 .text          0x00000000        0x0 c:/stm32/stm32h750-discovery/thirdparty/gcc-arm-none-eabi/bin/../lib/gcc/arm-none-eabi/11.2.1/../../../../arm-none-eabi/lib/thumb/v7e-m+fp/hard\libc.a(lib_a-init.o)
 .data          0x00000000        0x0 c:/stm32/stm32h750-discovery/thirdparty/gcc-arm-none-eabi/bin/../lib/gcc/arm-none-eabi/11.2.1/../../../../arm-none-eabi/lib/thumb/v7e-m+fp/hard\libc.a(lib_a-init.o)
 .bss           0x00000000        0x0 c:/stm32/stm32h750-discovery/thirdparty/gcc-arm-none-eabi/bin/../lib/gcc/arm-none-eabi/11.2.1/../../../../arm-none-eabi/lib/thumb/v7e-m+fp/hard\libc.a(lib_a-init.o)
 .text          0x00000000        0x0 c:/stm32/stm32h750-discovery/thirdparty/gcc-arm-none-eabi/bin/../lib/gcc/arm-none-eabi/11.2.1/../../../../arm-none-eabi/lib/thumb/v7e-m+fp/hard\libc.a(lib_a-memset.o)
 .data          0x00000000        0x0 c:/stm32/stm32h750-discovery/thirdparty/gcc-arm-none-eabi/bin/../lib/gcc/arm-none-eabi/11.2.1/../../../../arm-none-eabi/lib/thumb/v7e-m+fp/hard\libc.a(lib_a-memset.o)
 .bss           0x00000000        0x0 c:/stm32/stm32h750-discovery/thirdparty/gcc-arm-none-eabi/bin/../lib/gcc/arm-none-eabi/11.2.1/../../../../arm-none-eabi/lib/thumb/v7e-m+fp/hard\libc.a(lib_a-memset.o)
 .text.memset   0x00000000       0xa4 c:/stm32/stm32h750-discovery/thirdparty/gcc-arm-none-eabi/bin/../lib/gcc/arm-none-eabi/11.2.1/../../../../arm-none-eabi/lib/thumb/v7e-m+fp/hard\libc.a(lib_a-memset.o)
 .debug_info    0x00000000      0x135 c:/stm32/stm32h750-discovery/thirdparty/gcc-arm-none-eabi/bin/../lib/gcc/arm-none-eabi/11.2.1/../../../../arm-none-eabi/lib/thumb/v7e-m+fp/hard\libc.a(lib_a-memset.o)
 .debug_abbrev  0x00000000       0xb7 c:/stm32/stm32h750-discovery/thirdparty/gcc-arm-none-eabi/bin/../lib/gcc/arm-none-eabi/11.2.1/../../../../arm-none-eabi/lib/thumb/v7e-m+fp/hard\libc.a(lib_a-memset.o)
 .debug_loclists
                0x00000000      0x1a5 c:/stm32/stm32h750-discovery/thirdparty/gcc-arm-none-eabi/bin/../lib/gcc/arm-none-eabi/11.2.1/../../../../arm-none-eabi/lib/thumb/v7e-m+fp/hard\libc.a(lib_a-memset.o)
 .debug_aranges
                0x00000000       0x20 c:/stm32/stm32h750-discovery/thirdparty/gcc-arm-none-eabi/bin/../lib/gcc/arm-none-eabi/11.2.1/../../../../arm-none-eabi/lib/thumb/v7e-m+fp/hard\libc.a(lib_a-memset.o)
 .debug_rnglists
                0x00000000       0x14 c:/stm32/stm32h750-discovery/thirdparty/gcc-arm-none-eabi/bin/../lib/gcc/arm-none-eabi/11.2.1/../../../../arm-none-eabi/lib/thumb/v7e-m+fp/hard\libc.a(lib_a-memset.o)
 .debug_line    0x00000000      0x23d c:/stm32/stm32h750-discovery/thirdparty/gcc-arm-none-eabi/bin/../lib/gcc/arm-none-eabi/11.2.1/../../../../arm-none-eabi/lib/thumb/v7e-m+fp/hard\libc.a(lib_a-memset.o)
 .debug_str     0x00000000      0x227 c:/stm32/stm32h750-discovery/thirdparty/gcc-arm-none-eabi/bin/../lib/gcc/arm-none-eabi/11.2.1/../../../../arm-none-eabi/lib/thumb/v7e-m+fp/hard\libc.a(lib_a-memset.o)
 .comment       0x00000000       0x58 c:/stm32/stm32h750-discovery/thirdparty/gcc-arm-none-eabi/bin/../lib/gcc/arm-none-eabi/11.2.1/../../../../arm-none-eabi/lib/thumb/v7e-m+fp/hard\libc.a(lib_a-memset.o)
 .debug_frame   0x00000000       0x2c c:/stm32/stm32h750-discovery/thirdparty/gcc-arm-none-eabi/bin/../lib/gcc/arm-none-eabi/11.2.1/../../../../arm-none-eabi/lib/thumb/v7e-m+fp/hard\libc.a(lib_a-memset.o)
 .ARM.attributes
                0x00000000       0x34 c:/stm32/stm32h750-discovery/thirdparty/gcc-arm-none-eabi/bin/../lib/gcc/arm-none-eabi/11.2.1/../../../../arm-none-eabi/lib/thumb/v7e-m+fp/hard\libc.a(lib_a-memset.o)
 .text          0x00000000        0x0 c:/stm32/stm32h750-discovery/thirdparty/gcc-arm-none-eabi/bin/../lib/gcc/arm-none-eabi/11.2.1/../../../../arm-none-eabi/lib/thumb/v7e-m+fp/hard\libc.a(lib_a-__atexit.o)
 .data          0x00000000        0x0 c:/stm32/stm32h750-discovery/thirdparty/gcc-arm-none-eabi/bin/../lib/gcc/arm-none-eabi/11.2.1/../../../../arm-none-eabi/lib/thumb/v7e-m+fp/hard\libc.a(lib_a-__atexit.o)
 .bss           0x00000000        0x0 c:/stm32/stm32h750-discovery/thirdparty/gcc-arm-none-eabi/bin/../lib/gcc/arm-none-eabi/11.2.1/../../../../arm-none-eabi/lib/thumb/v7e-m+fp/hard\libc.a(lib_a-__atexit.o)
 .text.__register_exitproc
                0x00000000       0x68 c:/stm32/stm32h750-discovery/thirdparty/gcc-arm-none-eabi/bin/../lib/gcc/arm-none-eabi/11.2.1/../../../../arm-none-eabi/lib/thumb/v7e-m+fp/hard\libc.a(lib_a-__atexit.o)
 .debug_info    0x00000000      0x941 c:/stm32/stm32h750-discovery/thirdparty/gcc-arm-none-eabi/bin/../lib/gcc/arm-none-eabi/11.2.1/../../../../arm-none-eabi/lib/thumb/v7e-m+fp/hard\libc.a(lib_a-__atexit.o)
 .debug_abbrev  0x00000000      0x251 c:/stm32/stm32h750-discovery/thirdparty/gcc-arm-none-eabi/bin/../lib/gcc/arm-none-eabi/11.2.1/../../../../arm-none-eabi/lib/thumb/v7e-m+fp/hard\libc.a(lib_a-__atexit.o)
 .debug_loclists
                0x00000000       0xc6 c:/stm32/stm32h750-discovery/thirdparty/gcc-arm-none-eabi/bin/../lib/gcc/arm-none-eabi/11.2.1/../../../../arm-none-eabi/lib/thumb/v7e-m+fp/hard\libc.a(lib_a-__atexit.o)
 .debug_aranges
                0x00000000       0x20 c:/stm32/stm32h750-discovery/thirdparty/gcc-arm-none-eabi/bin/../lib/gcc/arm-none-eabi/11.2.1/../../../../arm-none-eabi/lib/thumb/v7e-m+fp/hard\libc.a(lib_a-__atexit.o)
 .debug_rnglists
                0x00000000       0x13 c:/stm32/stm32h750-discovery/thirdparty/gcc-arm-none-eabi/bin/../lib/gcc/arm-none-eabi/11.2.1/../../../../arm-none-eabi/lib/thumb/v7e-m+fp/hard\libc.a(lib_a-__atexit.o)
 .debug_line    0x00000000      0x215 c:/stm32/stm32h750-discovery/thirdparty/gcc-arm-none-eabi/bin/../lib/gcc/arm-none-eabi/11.2.1/../../../../arm-none-eabi/lib/thumb/v7e-m+fp/hard\libc.a(lib_a-__atexit.o)
 .debug_str     0x00000000      0x628 c:/stm32/stm32h750-discovery/thirdparty/gcc-arm-none-eabi/bin/../lib/gcc/arm-none-eabi/11.2.1/../../../../arm-none-eabi/lib/thumb/v7e-m+fp/hard\libc.a(lib_a-__atexit.o)
 .comment       0x00000000       0x58 c:/stm32/stm32h750-discovery/thirdparty/gcc-arm-none-eabi/bin/../lib/gcc/arm-none-eabi/11.2.1/../../../../arm-none-eabi/lib/thumb/v7e-m+fp/hard\libc.a(lib_a-__atexit.o)
 .debug_frame   0x00000000       0x34 c:/stm32/stm32h750-discovery/thirdparty/gcc-arm-none-eabi/bin/../lib/gcc/arm-none-eabi/11.2.1/../../../../arm-none-eabi/lib/thumb/v7e-m+fp/hard\libc.a(lib_a-__atexit.o)
 .ARM.attributes
                0x00000000       0x34 c:/stm32/stm32h750-discovery/thirdparty/gcc-arm-none-eabi/bin/../lib/gcc/arm-none-eabi/11.2.1/../../../../arm-none-eabi/lib/thumb/v7e-m+fp/hard\libc.a(lib_a-__atexit.o)
 .text          0x00000000        0x0 c:/stm32/stm32h750-discovery/thirdparty/gcc-arm-none-eabi/bin/../lib/gcc/arm-none-eabi/11.2.1/../../../../arm-none-eabi/lib/thumb/v7e-m+fp/hard\libc.a(lib_a-__call_atexit.o)
 .data          0x00000000        0x0 c:/stm32/stm32h750-discovery/thirdparty/gcc-arm-none-eabi/bin/../lib/gcc/arm-none-eabi/11.2.1/../../../../arm-none-eabi/lib/thumb/v7e-m+fp/hard\libc.a(lib_a-__call_atexit.o)
 .bss           0x00000000        0x0 c:/stm32/stm32h750-discovery/thirdparty/gcc-arm-none-eabi/bin/../lib/gcc/arm-none-eabi/11.2.1/../../../../arm-none-eabi/lib/thumb/v7e-m+fp/hard\libc.a(lib_a-__call_atexit.o)
 .text.__call_exitprocs
                0x00000000       0xb8 c:/stm32/stm32h750-discovery/thirdparty/gcc-arm-none-eabi/bin/../lib/gcc/arm-none-eabi/11.2.1/../../../../arm-none-eabi/lib/thumb/v7e-m+fp/hard\libc.a(lib_a-__call_atexit.o)
 .debug_info    0x00000000      0x980 c:/stm32/stm32h750-discovery/thirdparty/gcc-arm-none-eabi/bin/../lib/gcc/arm-none-eabi/11.2.1/../../../../arm-none-eabi/lib/thumb/v7e-m+fp/hard\libc.a(lib_a-__call_atexit.o)
 .debug_abbrev  0x00000000      0x255 c:/stm32/stm32h750-discovery/thirdparty/gcc-arm-none-eabi/bin/../lib/gcc/arm-none-eabi/11.2.1/../../../../arm-none-eabi/lib/thumb/v7e-m+fp/hard\libc.a(lib_a-__call_atexit.o)
 .debug_loclists
                0x00000000      0x12a c:/stm32/stm32h750-discovery/thirdparty/gcc-arm-none-eabi/bin/../lib/gcc/arm-none-eabi/11.2.1/../../../../arm-none-eabi/lib/thumb/v7e-m+fp/hard\libc.a(lib_a-__call_atexit.o)
 .debug_aranges
                0x00000000       0x20 c:/stm32/stm32h750-discovery/thirdparty/gcc-arm-none-eabi/bin/../lib/gcc/arm-none-eabi/11.2.1/../../../../arm-none-eabi/lib/thumb/v7e-m+fp/hard\libc.a(lib_a-__call_atexit.o)
 .debug_rnglists
                0x00000000       0x2f c:/stm32/stm32h750-discovery/thirdparty/gcc-arm-none-eabi/bin/../lib/gcc/arm-none-eabi/11.2.1/../../../../arm-none-eabi/lib/thumb/v7e-m+fp/hard\libc.a(lib_a-__call_atexit.o)
 .debug_line    0x00000000      0x298 c:/stm32/stm32h750-discovery/thirdparty/gcc-arm-none-eabi/bin/../lib/gcc/arm-none-eabi/11.2.1/../../../../arm-none-eabi/lib/thumb/v7e-m+fp/hard\libc.a(lib_a-__call_atexit.o)
 .debug_str     0x00000000      0x621 c:/stm32/stm32h750-discovery/thirdparty/gcc-arm-none-eabi/bin/../lib/gcc/arm-none-eabi/11.2.1/../../../../arm-none-eabi/lib/thumb/v7e-m+fp/hard\libc.a(lib_a-__call_atexit.o)
 .comment       0x00000000       0x58 c:/stm32/stm32h750-discovery/thirdparty/gcc-arm-none-eabi/bin/../lib/gcc/arm-none-eabi/11.2.1/../../../../arm-none-eabi/lib/thumb/v7e-m+fp/hard\libc.a(lib_a-__call_atexit.o)
 .debug_frame   0x00000000       0x4c c:/stm32/stm32h750-discovery/thirdparty/gcc-arm-none-eabi/bin/../lib/gcc/arm-none-eabi/11.2.1/../../../../arm-none-eabi/lib/thumb/v7e-m+fp/hard\libc.a(lib_a-__call_atexit.o)
 .ARM.attributes
                0x00000000       0x34 c:/stm32/stm32h750-discovery/thirdparty/gcc-arm-none-eabi/bin/../lib/gcc/arm-none-eabi/11.2.1/../../../../arm-none-eabi/lib/thumb/v7e-m+fp/hard\libc.a(lib_a-__call_atexit.o)
 .text          0x00000000        0x0 c:/stm32/stm32h750-discovery/thirdparty/gcc-arm-none-eabi/bin/../lib/gcc/arm-none-eabi/11.2.1/../../../../arm-none-eabi/lib/thumb/v7e-m+fp/hard\libnosys.a(_exit.o)
 .data          0x00000000        0x0 c:/stm32/stm32h750-discovery/thirdparty/gcc-arm-none-eabi/bin/../lib/gcc/arm-none-eabi/11.2.1/../../../../arm-none-eabi/lib/thumb/v7e-m+fp/hard\libnosys.a(_exit.o)
 .bss           0x00000000        0x0 c:/stm32/stm32h750-discovery/thirdparty/gcc-arm-none-eabi/bin/../lib/gcc/arm-none-eabi/11.2.1/../../../../arm-none-eabi/lib/thumb/v7e-m+fp/hard\libnosys.a(_exit.o)
 .text._exit    0x00000000        0x4 c:/stm32/stm32h750-discovery/thirdparty/gcc-arm-none-eabi/bin/../lib/gcc/arm-none-eabi/11.2.1/../../../../arm-none-eabi/lib/thumb/v7e-m+fp/hard\libnosys.a(_exit.o)
 .debug_info    0x00000000       0x62 c:/stm32/stm32h750-discovery/thirdparty/gcc-arm-none-eabi/bin/../lib/gcc/arm-none-eabi/11.2.1/../../../../arm-none-eabi/lib/thumb/v7e-m+fp/hard\libnosys.a(_exit.o)
 .debug_abbrev  0x00000000       0x60 c:/stm32/stm32h750-discovery/thirdparty/gcc-arm-none-eabi/bin/../lib/gcc/arm-none-eabi/11.2.1/../../../../arm-none-eabi/lib/thumb/v7e-m+fp/hard\libnosys.a(_exit.o)
 .debug_loclists
                0x00000000       0x17 c:/stm32/stm32h750-discovery/thirdparty/gcc-arm-none-eabi/bin/../lib/gcc/arm-none-eabi/11.2.1/../../../../arm-none-eabi/lib/thumb/v7e-m+fp/hard\libnosys.a(_exit.o)
 .debug_aranges
                0x00000000       0x20 c:/stm32/stm32h750-discovery/thirdparty/gcc-arm-none-eabi/bin/../lib/gcc/arm-none-eabi/11.2.1/../../../../arm-none-eabi/lib/thumb/v7e-m+fp/hard\libnosys.a(_exit.o)
 .debug_rnglists
                0x00000000       0x13 c:/stm32/stm32h750-discovery/thirdparty/gcc-arm-none-eabi/bin/../lib/gcc/arm-none-eabi/11.2.1/../../../../arm-none-eabi/lib/thumb/v7e-m+fp/hard\libnosys.a(_exit.o)
 .debug_line    0x00000000       0x96 c:/stm32/stm32h750-discovery/thirdparty/gcc-arm-none-eabi/bin/../lib/gcc/arm-none-eabi/11.2.1/../../../../arm-none-eabi/lib/thumb/v7e-m+fp/hard\libnosys.a(_exit.o)
 .debug_str     0x00000000      0x160 c:/stm32/stm32h750-discovery/thirdparty/gcc-arm-none-eabi/bin/../lib/gcc/arm-none-eabi/11.2.1/../../../../arm-none-eabi/lib/thumb/v7e-m+fp/hard\libnosys.a(_exit.o)
 .comment       0x00000000       0x58 c:/stm32/stm32h750-discovery/thirdparty/gcc-arm-none-eabi/bin/../lib/gcc/arm-none-eabi/11.2.1/../../../../arm-none-eabi/lib/thumb/v7e-m+fp/hard\libnosys.a(_exit.o)
 .debug_frame   0x00000000       0x20 c:/stm32/stm32h750-discovery/thirdparty/gcc-arm-none-eabi/bin/../lib/gcc/arm-none-eabi/11.2.1/../../../../arm-none-eabi/lib/thumb/v7e-m+fp/hard\libnosys.a(_exit.o)
 .ARM.attributes
                0x00000000       0x34 c:/stm32/stm32h750-discovery/thirdparty/gcc-arm-none-eabi/bin/../lib/gcc/arm-none-eabi/11.2.1/../../../../arm-none-eabi/lib/thumb/v7e-m+fp/hard\libnosys.a(_exit.o)
 .text          0x00000000        0x0 c:/stm32/stm32h750-discovery/thirdparty/gcc-arm-none-eabi/bin/../lib/gcc/arm-none-eabi/11.2.1/thumb/v7e-m+fp/hard/crtend.o
 .data          0x00000000        0x0 c:/stm32/stm32h750-discovery/thirdparty/gcc-arm-none-eabi/bin/../lib/gcc/arm-none-eabi/11.2.1/thumb/v7e-m+fp/hard/crtend.o
 .bss           0x00000000        0x0 c:/stm32/stm32h750-discovery/thirdparty/gcc-arm-none-eabi/bin/../lib/gcc/arm-none-eabi/11.2.1/thumb/v7e-m+fp/hard/crtend.o
 .rodata.all_implied_fbits
                0x00000000       0x24 c:/stm32/stm32h750-discovery/thirdparty/gcc-arm-none-eabi/bin/../lib/gcc/arm-none-eabi/11.2.1/thumb/v7e-m+fp/hard/crtend.o
 .eh_frame      0x00000000        0x4 c:/stm32/stm32h750-discovery/thirdparty/gcc-arm-none-eabi/bin/../lib/gcc/arm-none-eabi/11.2.1/thumb/v7e-m+fp/hard/crtend.o
 .text          0x00000000        0x0 c:/stm32/stm32h750-discovery/thirdparty/gcc-arm-none-eabi/bin/../lib/gcc/arm-none-eabi/11.2.1/thumb/v7e-m+fp/hard/crtn.o
 .data          0x00000000        0x0 c:/stm32/stm32h750-discovery/thirdparty/gcc-arm-none-eabi/bin/../lib/gcc/arm-none-eabi/11.2.1/thumb/v7e-m+fp/hard/crtn.o
 .bss           0x00000000        0x0 c:/stm32/stm32h750-discovery/thirdparty/gcc-arm-none-eabi/bin/../lib/gcc/arm-none-eabi/11.2.1/thumb/v7e-m+fp/hard/crtn.o

Memory Configuration

Name             Origin             Length             Attributes
FLASH            0x08000000         0x00020000         xr
RAM              0x20000000         0x00020000         xrw
*default*        0x00000000         0xffffffff

Linker script and memory map

LOAD c:/stm32/stm32h750-discovery/thirdparty/gcc-arm-none-eabi/bin/../lib/gcc/arm-none-eabi/11.2.1/thumb/v7e-m+fp/hard/crti.o
LOAD c:/stm32/stm32h750-discovery/thirdparty/gcc-arm-none-eabi/bin/../lib/gcc/arm-none-eabi/11.2.1/thumb/v7e-m+fp/hard/crtbegin.o
LOAD c:/stm32/stm32h750-discovery/thirdparty/gcc-arm-none-eabi/bin/../lib/gcc/arm-none-eabi/11.2.1/../../../../arm-none-eabi/lib/thumb/v7e-m+fp/hard/crt0.o
LOAD C:\Users\Kristian\AppData\Local\Temp\ccNShzid.o
LOAD ./Obj/main.o
LOAD ./Obj/fmc.o
LOAD ./Obj/memory_msp.o
LOAD ./Obj/qspi.o
LOAD ./Obj/stm32h7xx_it.o
LOAD ./Obj/system_stm32h7xx.o
LOAD ./Obj/stm32h7xx_hal.o
LOAD ./Obj/stm32h7xx_hal_rcc.o
LOAD ./Obj/stm32h7xx_hal_rcc_ex.o
LOAD ./Obj/stm32h7xx_hal_cortex.o
LOAD ./Obj/stm32h7xx_hal_gpio.o
LOAD ./Obj/stm32h7xx_hal_sdram.o
LOAD ./Obj/stm32h7xx_hal_qspi.o
LOAD ./Obj/stm32h7xx_hal_dma.o
LOAD ./Obj/stm32h7xx_ll_fmc.o
LOAD ./Obj/stm32h7xx_hal_pwr_ex.o
LOAD c:/stm32/stm32h750-discovery/thirdparty/gcc-arm-none-eabi/bin/../lib/gcc/arm-none-eabi/11.2.1/../../../../arm-none-eabi/lib/thumb/v7e-m+fp/hard\libm.a
LOAD c:/stm32/stm32h750-discovery/thirdparty/gcc-arm-none-eabi/bin/../lib/gcc/arm-none-eabi/11.2.1/../../../../arm-none-eabi/lib/thumb/v7e-m+fp/hard\libc.a
LOAD c:/stm32/stm32h750-discovery/thirdparty/gcc-arm-none-eabi/bin/../lib/gcc/arm-none-eabi/11.2.1/../../../../arm-none-eabi/lib/thumb/v7e-m+fp/hard\libnosys.a
START GROUP
LOAD c:/stm32/stm32h750-discovery/thirdparty/gcc-arm-none-eabi/bin/../lib/gcc/arm-none-eabi/11.2.1/thumb/v7e-m+fp/hard\libgcc.a
LOAD c:/stm32/stm32h750-discovery/thirdparty/gcc-arm-none-eabi/bin/../lib/gcc/arm-none-eabi/11.2.1/../../../../arm-none-eabi/lib/thumb/v7e-m+fp/hard\libc.a
END GROUP
LOAD c:/stm32/stm32h750-discovery/thirdparty/gcc-arm-none-eabi/bin/../lib/gcc/arm-none-eabi/11.2.1/thumb/v7e-m+fp/hard/crtend.o
LOAD c:/stm32/stm32h750-discovery/thirdparty/gcc-arm-none-eabi/bin/../lib/gcc/arm-none-eabi/11.2.1/thumb/v7e-m+fp/hard/crtn.o
                0x2001fff0                _estack = 0x2001fff0
                0x00000400                _Min_Heap_Size = 0x400
                0x00000800                _Min_Stack_Size = 0x800

.isr_vector     0x08000000      0x298
                0x08000000                . = ALIGN (0x4)
 *(.isr_vector)
 .isr_vector    0x08000000      0x298 C:\Users\Kristian\AppData\Local\Temp\ccNShzid.o
                0x08000000                g_pfnVectors
                0x08000298                . = ALIGN (0x4)

.text           0x08000298     0x21dc
                0x08000298                . = ALIGN (0x4)
 *(.text)
 *(.text*)
 .text.deregister_tm_clones
                0x08000298       0x1c c:/stm32/stm32h750-discovery/thirdparty/gcc-arm-none-eabi/bin/../lib/gcc/arm-none-eabi/11.2.1/thumb/v7e-m+fp/hard/crtbegin.o
 .text.register_tm_clones
                0x080002b4       0x24 c:/stm32/stm32h750-discovery/thirdparty/gcc-arm-none-eabi/bin/../lib/gcc/arm-none-eabi/11.2.1/thumb/v7e-m+fp/hard/crtbegin.o
 .text.__do_global_dtors_aux
                0x080002d8       0x28 c:/stm32/stm32h750-discovery/thirdparty/gcc-arm-none-eabi/bin/../lib/gcc/arm-none-eabi/11.2.1/thumb/v7e-m+fp/hard/crtbegin.o
 .text.frame_dummy
                0x08000300       0x24 c:/stm32/stm32h750-discovery/thirdparty/gcc-arm-none-eabi/bin/../lib/gcc/arm-none-eabi/11.2.1/thumb/v7e-m+fp/hard/crtbegin.o
 .text.Reset_Handler
                0x08000324       0x50 C:\Users\Kristian\AppData\Local\Temp\ccNShzid.o
                0x08000324                Reset_Handler
 .text.Default_Handler
                0x08000374        0x2 C:\Users\Kristian\AppData\Local\Temp\ccNShzid.o
                0x08000374                RTC_Alarm_IRQHandler
                0x08000374                HASH_RNG_IRQHandler
                0x08000374                EXTI2_IRQHandler
                0x08000374                TIM8_CC_IRQHandler
                0x08000374                HRTIM1_Master_IRQHandler
                0x08000374                UART8_IRQHandler
                0x08000374                SPI4_IRQHandler
                0x08000374                TIM1_CC_IRQHandler
                0x08000374                BDMA_Channel6_IRQHandler
                0x08000374                DMA2_Stream5_IRQHandler
                0x08000374                HRTIM1_FLT_IRQHandler
                0x08000374                JPEG_IRQHandler
                0x08000374                DMA1_Stream5_IRQHandler
                0x08000374                BDMA_Channel1_IRQHandler
                0x08000374                HRTIM1_TIMD_IRQHandler
                0x08000374                TAMP_STAMP_IRQHandler
                0x08000374                EXTI3_IRQHandler
                0x08000374                LPTIM4_IRQHandler
                0x08000374                TIM8_TRG_COM_TIM14_IRQHandler
                0x08000374                LPTIM2_IRQHandler
                0x08000374                DFSDM1_FLT1_IRQHandler
                0x08000374                DMAMUX2_OVR_IRQHandler
                0x08000374                TIM8_UP_TIM13_IRQHandler
                0x08000374                I2C3_ER_IRQHandler
                0x08000374                DFSDM1_FLT2_IRQHandler
                0x08000374                MDMA_IRQHandler
                0x08000374                LPTIM3_IRQHandler
                0x08000374                HSEM1_IRQHandler
                0x08000374                EXTI0_IRQHandler
                0x08000374                I2C2_EV_IRQHandler
                0x08000374                DMA1_Stream2_IRQHandler
                0x08000374                FPU_IRQHandler
                0x08000374                OTG_HS_WKUP_IRQHandler
                0x08000374                FDCAN1_IT1_IRQHandler
                0x08000374                LTDC_ER_IRQHandler
                0x08000374                DMA2_Stream2_IRQHandler
                0x08000374                HRTIM1_TIME_IRQHandler
                0x08000374                SPI1_IRQHandler
                0x08000374                TIM6_DAC_IRQHandler
                0x08000374                DCMI_IRQHandler
                0x08000374                HRTIM1_TIMC_IRQHandler
                0x08000374                DMA2_Stream3_IRQHandler
                0x08000374                SAI2_IRQHandler
                0x08000374                DFSDM1_FLT3_IRQHandler
                0x08000374                USART6_IRQHandler
                0x08000374                TIM17_IRQHandler
                0x08000374                USART3_IRQHandler
                0x08000374                BDMA_Channel7_IRQHandler
                0x08000374                CRYP_IRQHandler
                0x08000374                LPTIM5_IRQHandler
                0x08000374                UART5_IRQHandler
                0x08000374                ADC3_IRQHandler
                0x08000374                DMA2_Stream0_IRQHandler
                0x08000374                TIM4_IRQHandler
                0x08000374                BDMA_Channel2_IRQHandler
                0x08000374                QUADSPI_IRQHandler
                0x08000374                I2C1_EV_IRQHandler
                0x08000374                DMA1_Stream6_IRQHandler
                0x08000374                DMAMUX1_OVR_IRQHandler
                0x08000374                DMA1_Stream1_IRQHandler
                0x08000374                TIM16_IRQHandler
                0x08000374                UART4_IRQHandler
                0x08000374                BDMA_Channel5_IRQHandler
                0x08000374                TIM3_IRQHandler
                0x08000374                RCC_IRQHandler
                0x08000374                TIM8_BRK_TIM12_IRQHandler
                0x08000374                TIM1_TRG_COM_IRQHandler
                0x08000374                Default_Handler
                0x08000374                ECC_IRQHandler
                0x08000374                CEC_IRQHandler
                0x08000374                EXTI15_10_IRQHandler
                0x08000374                BDMA_Channel0_IRQHandler
                0x08000374                ADC_IRQHandler
                0x08000374                DMA1_Stream7_IRQHandler
                0x08000374                HRTIM1_TIMA_IRQHandler
                0x08000374                SPI5_IRQHandler
                0x08000374                TIM7_IRQHandler
                0x08000374                SDMMC1_IRQHandler
                0x08000374                TIM5_IRQHandler
                0x08000374                DMA2_Stream7_IRQHandler
                0x08000374                TIM15_IRQHandler
                0x08000374                PVD_AVD_IRQHandler
                0x08000374                I2C3_EV_IRQHandler
                0x08000374                EXTI9_5_IRQHandler
                0x08000374                RTC_WKUP_IRQHandler
                0x08000374                LTDC_IRQHandler
                0x08000374                SAI3_IRQHandler
                0x08000374                ETH_WKUP_IRQHandler
                0x08000374                SPDIF_RX_IRQHandler
                0x08000374                SPI2_IRQHandler
                0x08000374                OTG_HS_EP1_IN_IRQHandler
                0x08000374                DMA1_Stream0_IRQHandler
                0x08000374                CRS_IRQHandler
                0x08000374                EXTI4_IRQHandler
                0x08000374                HRTIM1_TIMB_IRQHandler
                0x08000374                FDCAN2_IT1_IRQHandler
                0x08000374                ETH_IRQHandler
                0x08000374                TIM1_UP_IRQHandler
                0x08000374                BDMA_Channel4_IRQHandler
                0x08000374                OTG_HS_EP1_OUT_IRQHandler
                0x08000374                WWDG_IRQHandler
                0x08000374                SPI6_IRQHandler
                0x08000374                MDIOS_IRQHandler
                0x08000374                I2C4_EV_IRQHandler
                0x08000374                FDCAN2_IT0_IRQHandler
                0x08000374                LPUART1_IRQHandler
                0x08000374                FDCAN1_IT0_IRQHandler
                0x08000374                TIM2_IRQHandler
                0x08000374                OTG_FS_WKUP_IRQHandler
                0x08000374                OTG_HS_IRQHandler
                0x08000374                DMA2D_IRQHandler
                0x08000374                TIM1_BRK_IRQHandler
                0x08000374                EXTI1_IRQHandler
                0x08000374                SDMMC2_IRQHandler
                0x08000374                OTG_FS_EP1_OUT_IRQHandler
                0x08000374                BDMA_Channel3_IRQHandler
                0x08000374                UART7_IRQHandler
                0x08000374                MDIOS_WKUP_IRQHandler
                0x08000374                USART2_IRQHandler
                0x08000374                DFSDM1_FLT0_IRQHandler
                0x08000374                SAI4_IRQHandler
                0x08000374                I2C2_ER_IRQHandler
                0x08000374                DMA2_Stream1_IRQHandler
                0x08000374                FLASH_IRQHandler
                0x08000374                DMA2_Stream4_IRQHandler
                0x08000374                USART1_IRQHandler
                0x08000374                OTG_FS_IRQHandler
                0x08000374                SPI3_IRQHandler
                0x08000374                WAKEUP_PIN_IRQHandler
                0x08000374                DMA1_Stream4_IRQHandler
                0x08000374                OTG_FS_EP1_IN_IRQHandler
                0x08000374                I2C1_ER_IRQHandler
                0x08000374                FMC_IRQHandler
                0x08000374                FDCAN_CAL_IRQHandler
                0x08000374                SWPMI1_IRQHandler
                0x08000374                COMP1_IRQHandler
                0x08000374                LPTIM1_IRQHandler
                0x08000374                I2C4_ER_IRQHandler
                0x08000374                DMA2_Stream6_IRQHandler
                0x08000374                SAI1_IRQHandler
                0x08000374                DMA1_Stream3_IRQHandler
 *fill*         0x08000376        0x2 
 .text.startup.main
                0x08000378      0x1fc ./Obj/main.o
                0x08000378                main
 .text.SDRAM_Startup
                0x08000574      0x108 ./Obj/fmc.o
                0x08000574                SDRAM_Startup
 .text.QSPI_MspInit
                0x0800067c      0x204 ./Obj/memory_msp.o
                0x0800067c                QSPI_MspInit
 .text.SDRAM_MspInit
                0x08000880      0x108 ./Obj/memory_msp.o
                0x08000880                SDRAM_MspInit
 .text.QSPI_AutoPollingMemReady.constprop.0
                0x08000988       0x58 ./Obj/qspi.o
 .text.QSPI_WriteEnable.constprop.0
                0x080009e0       0x70 ./Obj/qspi.o
 .text.QSPI_Startup
                0x08000a50      0x1fc ./Obj/qspi.o
                0x08000a50                QSPI_Startup
 .text.NMI_Handler
                0x08000c4c        0x4 ./Obj/stm32h7xx_it.o
                0x08000c4c                NMI_Handler
 .text.HardFault_Handler
                0x08000c50        0x4 ./Obj/stm32h7xx_it.o
                0x08000c50                HardFault_Handler
 .text.MemManage_Handler
                0x08000c54        0x4 ./Obj/stm32h7xx_it.o
                0x08000c54                MemManage_Handler
 .text.BusFault_Handler
                0x08000c58        0x4 ./Obj/stm32h7xx_it.o
                0x08000c58                BusFault_Handler
 .text.UsageFault_Handler
                0x08000c5c        0x4 ./Obj/stm32h7xx_it.o
                0x08000c5c                UsageFault_Handler
 .text.SVC_Handler
                0x08000c60        0x4 ./Obj/stm32h7xx_it.o
                0x08000c60                SVC_Handler
 .text.DebugMon_Handler
                0x08000c64        0x4 ./Obj/stm32h7xx_it.o
                0x08000c64                DebugMon_Handler
 .text.PendSV_Handler
                0x08000c68        0x4 ./Obj/stm32h7xx_it.o
                0x08000c68                PendSV_Handler
 .text.SysTick_Handler
                0x08000c6c        0x4 ./Obj/stm32h7xx_it.o
                0x08000c6c                SysTick_Handler
 .text.SystemInit
                0x08000c70       0x84 ./Obj/system_stm32h7xx.o
                0x08000c70                SystemInit
 .text.HAL_MspInit
                0x08000cf4        0x4 ./Obj/stm32h7xx_hal.o
                0x08000cf4                HAL_MspInit
 .text.HAL_InitTick
                0x08000cf8       0x4c ./Obj/stm32h7xx_hal.o
                0x08000cf8                HAL_InitTick
 .text.HAL_Init
                0x08000d44       0x60 ./Obj/stm32h7xx_hal.o
                0x08000d44                HAL_Init
 .text.HAL_IncTick
                0x08000da4       0x18 ./Obj/stm32h7xx_hal.o
                0x08000da4                HAL_IncTick
 .text.HAL_GetTick
                0x08000dbc        0xc ./Obj/stm32h7xx_hal.o
                0x08000dbc                HAL_GetTick
 .text.HAL_Delay
                0x08000dc8       0x24 ./Obj/stm32h7xx_hal.o
                0x08000dc8                HAL_Delay
 .text.HAL_GetREVID
                0x08000dec        0xc ./Obj/stm32h7xx_hal.o
                0x08000dec                HAL_GetREVID
 .text.HAL_RCC_GetSysClockFreq.part.0
                0x08000df8      0x108 ./Obj/stm32h7xx_hal_rcc.o
 .text.HAL_RCC_OscConfig
                0x08000f00      0x5b4 ./Obj/stm32h7xx_hal_rcc.o
                0x08000f00                HAL_RCC_OscConfig
 .text.HAL_RCC_GetSysClockFreq
                0x080014b4       0x44 ./Obj/stm32h7xx_hal_rcc.o
                0x080014b4                HAL_RCC_GetSysClockFreq
 .text.HAL_RCC_ClockConfig
                0x080014f8      0x250 ./Obj/stm32h7xx_hal_rcc.o
                0x080014f8                HAL_RCC_ClockConfig
 .text.HAL_NVIC_SetPriorityGrouping
                0x08001748       0x24 ./Obj/stm32h7xx_hal_cortex.o
                0x08001748                HAL_NVIC_SetPriorityGrouping
 .text.HAL_NVIC_SetPriority
                0x0800176c       0x7c ./Obj/stm32h7xx_hal_cortex.o
                0x0800176c                HAL_NVIC_SetPriority
 .text.HAL_NVIC_EnableIRQ
                0x080017e8       0x1c ./Obj/stm32h7xx_hal_cortex.o
                0x080017e8                HAL_NVIC_EnableIRQ
 .text.HAL_SYSTICK_Config
                0x08001804       0x2c ./Obj/stm32h7xx_hal_cortex.o
                0x08001804                HAL_SYSTICK_Config
 .text.HAL_MPU_Disable
                0x08001830       0x1c ./Obj/stm32h7xx_hal_cortex.o
                0x08001830                HAL_MPU_Disable
 .text.HAL_MPU_Enable
                0x0800184c       0x20 ./Obj/stm32h7xx_hal_cortex.o
                0x0800184c                HAL_MPU_Enable
 .text.HAL_MPU_ConfigRegion
                0x0800186c       0x64 ./Obj/stm32h7xx_hal_cortex.o
                0x0800186c                HAL_MPU_ConfigRegion
 .text.HAL_GPIO_Init
                0x080018d0      0x264 ./Obj/stm32h7xx_hal_gpio.o
                0x080018d0                HAL_GPIO_Init
 .text.HAL_SDRAM_MspInit
                0x08001b34        0x4 ./Obj/stm32h7xx_hal_sdram.o
                0x08001b34                HAL_SDRAM_MspInit
 .text.HAL_SDRAM_Init
                0x08001b38       0x54 ./Obj/stm32h7xx_hal_sdram.o
                0x08001b38                HAL_SDRAM_Init
 .text.HAL_SDRAM_SendCommand
                0x08001b8c       0x40 ./Obj/stm32h7xx_hal_sdram.o
                0x08001b8c                HAL_SDRAM_SendCommand
 .text.HAL_SDRAM_ProgramRefreshRate
                0x08001bcc       0x30 ./Obj/stm32h7xx_hal_sdram.o
                0x08001bcc                HAL_SDRAM_ProgramRefreshRate
 .text.QSPI_Config
                0x08001bfc      0x148 ./Obj/stm32h7xx_hal_qspi.o
 .text.HAL_QSPI_MspInit
                0x08001d44        0x4 ./Obj/stm32h7xx_hal_qspi.o
                0x08001d44                HAL_QSPI_MspInit
 .text.HAL_QSPI_Init
                0x08001d48       0xb8 ./Obj/stm32h7xx_hal_qspi.o
                0x08001d48                HAL_QSPI_Init
 .text.HAL_QSPI_MspDeInit
                0x08001e00        0x4 ./Obj/stm32h7xx_hal_qspi.o
                0x08001e00                HAL_QSPI_MspDeInit
 .text.HAL_QSPI_DeInit
                0x08001e04       0x24 ./Obj/stm32h7xx_hal_qspi.o
                0x08001e04                HAL_QSPI_DeInit
 .text.HAL_QSPI_Command
                0x08001e28       0xc8 ./Obj/stm32h7xx_hal_qspi.o
                0x08001e28                HAL_QSPI_Command
 .text.HAL_QSPI_Transmit
                0x08001ef0       0xf0 ./Obj/stm32h7xx_hal_qspi.o
                0x08001ef0                HAL_QSPI_Transmit
 .text.HAL_QSPI_Receive
                0x08001fe0       0xf8 ./Obj/stm32h7xx_hal_qspi.o
                0x08001fe0                HAL_QSPI_Receive
 .text.HAL_QSPI_AutoPolling
                0x080020d8       0xdc ./Obj/stm32h7xx_hal_qspi.o
                0x080020d8                HAL_QSPI_AutoPolling
 .text.HAL_QSPI_MemoryMapped
                0x080021b4       0xb4 ./Obj/stm32h7xx_hal_qspi.o
                0x080021b4                HAL_QSPI_MemoryMapped
 .text.FMC_SDRAM_Init
                0x08002268       0x7c ./Obj/stm32h7xx_ll_fmc.o
                0x08002268                FMC_SDRAM_Init
 .text.FMC_SDRAM_Timing_Init
                0x080022e4       0x9c ./Obj/stm32h7xx_ll_fmc.o
                0x080022e4                FMC_SDRAM_Timing_Init
 .text.FMC_SDRAM_SendCommand
                0x08002380       0x30 ./Obj/stm32h7xx_ll_fmc.o
                0x08002380                FMC_SDRAM_SendCommand
 .text.FMC_SDRAM_ProgramRefreshRate
                0x080023b0       0x1c ./Obj/stm32h7xx_ll_fmc.o
                0x080023b0                FMC_SDRAM_ProgramRefreshRate
 .text.HAL_PWREx_ConfigSupply
                0x080023cc       0x48 ./Obj/stm32h7xx_hal_pwr_ex.o
                0x080023cc                HAL_PWREx_ConfigSupply
 .text.__libc_init_array
                0x08002414       0x48 c:/stm32/stm32h750-discovery/thirdparty/gcc-arm-none-eabi/bin/../lib/gcc/arm-none-eabi/11.2.1/../../../../arm-none-eabi/lib/thumb/v7e-m+fp/hard\libc.a(lib_a-init.o)
                0x08002414                __libc_init_array
 *(.glue_7)
 .glue_7        0x0800245c        0x0 linker stubs
 *(.glue_7t)
 .glue_7t       0x0800245c        0x0 linker stubs
 *(.eh_frame)
 .eh_frame      0x0800245c        0x0 c:/stm32/stm32h750-discovery/thirdparty/gcc-arm-none-eabi/bin/../lib/gcc/arm-none-eabi/11.2.1/thumb/v7e-m+fp/hard/crtbegin.o
 *(.init)
 .init          0x0800245c        0x4 c:/stm32/stm32h750-discovery/thirdparty/gcc-arm-none-eabi/bin/../lib/gcc/arm-none-eabi/11.2.1/thumb/v7e-m+fp/hard/crti.o
                0x0800245c                _init
 .init          0x08002460        0x8 c:/stm32/stm32h750-discovery/thirdparty/gcc-arm-none-eabi/bin/../lib/gcc/arm-none-eabi/11.2.1/thumb/v7e-m+fp/hard/crtn.o
 *(.fini)
 .fini          0x08002468        0x4 c:/stm32/stm32h750-discovery/thirdparty/gcc-arm-none-eabi/bin/../lib/gcc/arm-none-eabi/11.2.1/thumb/v7e-m+fp/hard/crti.o
                0x08002468                _fini
 .fini          0x0800246c        0x8 c:/stm32/stm32h750-discovery/thirdparty/gcc-arm-none-eabi/bin/../lib/gcc/arm-none-eabi/11.2.1/thumb/v7e-m+fp/hard/crtn.o
                0x08002474                . = ALIGN (0x4)
                0x08002474                _etext = .

.vfp11_veneer   0x08002474        0x0
 .vfp11_veneer  0x08002474        0x0 linker stubs

.v4_bx          0x08002474        0x0
 .v4_bx         0x08002474        0x0 linker stubs

.iplt           0x08002474        0x0
 .iplt          0x08002474        0x0 c:/stm32/stm32h750-discovery/thirdparty/gcc-arm-none-eabi/bin/../lib/gcc/arm-none-eabi/11.2.1/thumb/v7e-m+fp/hard/crtbegin.o

.rodata         0x08002474       0x10
                0x08002474                . = ALIGN (0x4)
 *(.rodata)
 *(.rodata*)
 .rodata.D1CorePrescTable
                0x08002474       0x10 ./Obj/system_stm32h7xx.o
                0x08002474                D1CorePrescTable
                0x08002484                . = ALIGN (0x4)

.rel.dyn        0x08002484        0x0
 .rel.iplt      0x08002484        0x0 c:/stm32/stm32h750-discovery/thirdparty/gcc-arm-none-eabi/bin/../lib/gcc/arm-none-eabi/11.2.1/thumb/v7e-m+fp/hard/crtbegin.o

.ARM.extab
 *(.ARM.extab* .gnu.linkonce.armextab.*)

.ARM            0x08002484        0x0
                0x08002484                __exidx_start = .
 *(.ARM.exidx*)
                0x08002484                __exidx_end = .

.preinit_array  0x08002484        0x0
                0x08002484                PROVIDE (__preinit_array_start = .)
 *(.preinit_array*)
                0x08002484                PROVIDE (__preinit_array_end = .)

.init_array     0x08002484        0x4
                0x08002484                PROVIDE (__init_array_start = .)
 *(SORT_BY_NAME(.init_array.*))
 *(.init_array*)
 .init_array    0x08002484        0x4 c:/stm32/stm32h750-discovery/thirdparty/gcc-arm-none-eabi/bin/../lib/gcc/arm-none-eabi/11.2.1/thumb/v7e-m+fp/hard/crtbegin.o
                0x08002488                PROVIDE (__init_array_end = .)

.fini_array     0x08002488        0x4
                0x08002488                PROVIDE (__fini_array_start = .)
 *(SORT_BY_NAME(.fini_array.*))
 *(.fini_array*)
 .fini_array    0x08002488        0x4 c:/stm32/stm32h750-discovery/thirdparty/gcc-arm-none-eabi/bin/../lib/gcc/arm-none-eabi/11.2.1/thumb/v7e-m+fp/hard/crtbegin.o
                0x0800248c                PROVIDE (__fini_array_end = .)
                0x0800248c                _sidata = LOADADDR (.data)

.data           0x20000000       0x10 load address 0x0800248c
                0x20000000                . = ALIGN (0x4)
                0x20000000                _sdata = .
 *(.data)
 *(.data*)
 .data.SystemCoreClock
                0x20000000        0x4 ./Obj/system_stm32h7xx.o
                0x20000000                SystemCoreClock
 .data.SystemD2Clock
                0x20000004        0x4 ./Obj/system_stm32h7xx.o
                0x20000004                SystemD2Clock
 .data.uwTickFreq
                0x20000008        0x1 ./Obj/stm32h7xx_hal.o
                0x20000008                uwTickFreq
 *fill*         0x20000009        0x3 
 .data.uwTickPrio
                0x2000000c        0x4 ./Obj/stm32h7xx_hal.o
                0x2000000c                uwTickPrio
                0x20000010                . = ALIGN (0x4)
                0x20000010                _edata = .

.tm_clone_table
                0x20000010        0x0 load address 0x0800249c
 .tm_clone_table
                0x20000010        0x0 c:/stm32/stm32h750-discovery/thirdparty/gcc-arm-none-eabi/bin/../lib/gcc/arm-none-eabi/11.2.1/thumb/v7e-m+fp/hard/crtbegin.o
 .tm_clone_table
                0x20000010        0x0 c:/stm32/stm32h750-discovery/thirdparty/gcc-arm-none-eabi/bin/../lib/gcc/arm-none-eabi/11.2.1/thumb/v7e-m+fp/hard/crtend.o

.igot.plt       0x20000010        0x0 load address 0x0800249c
 .igot.plt      0x20000010        0x0 c:/stm32/stm32h750-discovery/thirdparty/gcc-arm-none-eabi/bin/../lib/gcc/arm-none-eabi/11.2.1/thumb/v7e-m+fp/hard/crtbegin.o
                0x20000010                . = ALIGN (0x4)

.bss            0x20000010       0xa0 load address 0x0800249c
                0x20000010                _sbss = .
                0x20000010                __bss_start__ = _sbss
 *(.bss)
 *(.bss*)
 .bss.completed.1
                0x20000010        0x1 c:/stm32/stm32h750-discovery/thirdparty/gcc-arm-none-eabi/bin/../lib/gcc/arm-none-eabi/11.2.1/thumb/v7e-m+fp/hard/crtbegin.o
 *fill*         0x20000011        0x3 
 .bss.object.0  0x20000014       0x18 c:/stm32/stm32h750-discovery/thirdparty/gcc-arm-none-eabi/bin/../lib/gcc/arm-none-eabi/11.2.1/thumb/v7e-m+fp/hard/crtbegin.o
 .bss.JumpToApplication
                0x2000002c        0x4 ./Obj/main.o
                0x2000002c                JumpToApplication
 .bss.Command.0
                0x20000030       0x10 ./Obj/fmc.o
 .bss.Timing.2  0x20000040       0x1c ./Obj/fmc.o
 .bss.sdramstatus.1
                0x2000005c        0x1 ./Obj/fmc.o
 *fill*         0x2000005d        0x3 
 .bss.QSPIHandle
                0x20000060       0x4c ./Obj/qspi.o
                0x20000060                QSPIHandle
 .bss.uwTick    0x200000ac        0x4 ./Obj/stm32h7xx_hal.o
                0x200000ac                uwTick
 *(COMMON)
                0x200000b0                . = ALIGN (0x4)
                0x200000b0                _ebss = .
                0x200000b0                __bss_end__ = _ebss

._user_heap_stack
                0x200000b0      0xc00 load address 0x0800249c
                0x200000b0                . = ALIGN (0x8)
                [!provide]                PROVIDE (end = .)
                [!provide]                PROVIDE (_end = .)
                0x200004b0                . = (. + _Min_Heap_Size)
 *fill*         0x200000b0      0x400 
                0x20000cb0                . = (. + _Min_Stack_Size)
 *fill*         0x200004b0      0x800 
                0x20000cb0                . = ALIGN (0x8)

/DISCARD/
 libc.a(*)
 libm.a(*)
 libgcc.a(*)

.ARM.attributes
                0x00000000       0x2e
 *(.ARM.attributes)
 .ARM.attributes
                0x00000000       0x1e c:/stm32/stm32h750-discovery/thirdparty/gcc-arm-none-eabi/bin/../lib/gcc/arm-none-eabi/11.2.1/thumb/v7e-m+fp/hard/crti.o
 .ARM.attributes
                0x0000001e       0x34 c:/stm32/stm32h750-discovery/thirdparty/gcc-arm-none-eabi/bin/../lib/gcc/arm-none-eabi/11.2.1/thumb/v7e-m+fp/hard/crtbegin.o
 .ARM.attributes
                0x00000052       0x21 C:\Users\Kristian\AppData\Local\Temp\ccNShzid.o
 .ARM.attributes
                0x00000073       0x32 ./Obj/main.o
 .ARM.attributes
                0x000000a5       0x32 ./Obj/fmc.o
 .ARM.attributes
                0x000000d7       0x32 ./Obj/memory_msp.o
 .ARM.attributes
                0x00000109       0x32 ./Obj/qspi.o
 .ARM.attributes
                0x0000013b       0x32 ./Obj/stm32h7xx_it.o
 .ARM.attributes
                0x0000016d       0x32 ./Obj/system_stm32h7xx.o
 .ARM.attributes
                0x0000019f       0x32 ./Obj/stm32h7xx_hal.o
 .ARM.attributes
                0x000001d1       0x32 ./Obj/stm32h7xx_hal_rcc.o
 .ARM.attributes
                0x00000203       0x32 ./Obj/stm32h7xx_hal_cortex.o
 .ARM.attributes
                0x00000235       0x32 ./Obj/stm32h7xx_hal_gpio.o
 .ARM.attributes
                0x00000267       0x32 ./Obj/stm32h7xx_hal_sdram.o
 .ARM.attributes
                0x00000299       0x32 ./Obj/stm32h7xx_hal_qspi.o
 .ARM.attributes
                0x000002cb       0x32 ./Obj/stm32h7xx_ll_fmc.o
 .ARM.attributes
                0x000002fd       0x32 ./Obj/stm32h7xx_hal_pwr_ex.o
 .ARM.attributes
                0x0000032f       0x34 c:/stm32/stm32h750-discovery/thirdparty/gcc-arm-none-eabi/bin/../lib/gcc/arm-none-eabi/11.2.1/../../../../arm-none-eabi/lib/thumb/v7e-m+fp/hard\libc.a(lib_a-init.o)
 .ARM.attributes
                0x00000363       0x34 c:/stm32/stm32h750-discovery/thirdparty/gcc-arm-none-eabi/bin/../lib/gcc/arm-none-eabi/11.2.1/thumb/v7e-m+fp/hard/crtend.o
 .ARM.attributes
                0x00000397       0x1e c:/stm32/stm32h750-discovery/thirdparty/gcc-arm-none-eabi/bin/../lib/gcc/arm-none-eabi/11.2.1/thumb/v7e-m+fp/hard/crtn.o
OUTPUT(./Bin/Bootloader-STM32H750-Discovery.elf elf32-littlearm)
LOAD linker stubs
LOAD c:/stm32/stm32h750-discovery/thirdparty/gcc-arm-none-eabi/bin/../lib/gcc/arm-none-eabi/11.2.1/../../../../arm-none-eabi/lib/thumb/v7e-m+fp/hard\libc.a
LOAD c:/stm32/stm32h750-discovery/thirdparty/gcc-arm-none-eabi/bin/../lib/gcc/arm-none-eabi/11.2.1/../../../../arm-none-eabi/lib/thumb/v7e-m+fp/hard\libm.a
LOAD c:/stm32/stm32h750-discovery/thirdparty/gcc-arm-none-eabi/bin/../lib/gcc/arm-none-eabi/11.2.1/thumb/v7e-m+fp/hard\libgcc.a

.comment        0x00000000       0x57
 .comment       0x00000000       0x57 c:/stm32/stm32h750-discovery/thirdparty/gcc-arm-none-eabi/bin/../lib/gcc/arm-none-eabi/11.2.1/thumb/v7e-m+fp/hard/crtbegin.o
                                 0x58 (size before relaxing)
 .comment       0x00000057       0x58 ./Obj/main.o
 .comment       0x00000057       0x58 ./Obj/fmc.o
 .comment       0x00000057       0x58 ./Obj/memory_msp.o
 .comment       0x00000057       0x58 ./Obj/qspi.o
 .comment       0x00000057       0x58 ./Obj/stm32h7xx_it.o
 .comment       0x00000057       0x58 ./Obj/system_stm32h7xx.o
 .comment       0x00000057       0x58 ./Obj/stm32h7xx_hal.o
 .comment       0x00000057       0x58 ./Obj/stm32h7xx_hal_rcc.o
 .comment       0x00000057       0x58 ./Obj/stm32h7xx_hal_cortex.o
 .comment       0x00000057       0x58 ./Obj/stm32h7xx_hal_gpio.o
 .comment       0x00000057       0x58 ./Obj/stm32h7xx_hal_sdram.o
 .comment       0x00000057       0x58 ./Obj/stm32h7xx_hal_qspi.o
 .comment       0x00000057       0x58 ./Obj/stm32h7xx_ll_fmc.o
 .comment       0x00000057       0x58 ./Obj/stm32h7xx_hal_pwr_ex.o
 .comment       0x00000057       0x58 c:/stm32/stm32h750-discovery/thirdparty/gcc-arm-none-eabi/bin/../lib/gcc/arm-none-eabi/11.2.1/../../../../arm-none-eabi/lib/thumb/v7e-m+fp/hard\libc.a(lib_a-init.o)
 .comment       0x00000057       0x58 c:/stm32/stm32h750-discovery/thirdparty/gcc-arm-none-eabi/bin/../lib/gcc/arm-none-eabi/11.2.1/thumb/v7e-m+fp/hard/crtend.o

.debug_info     0x00000000      0x10b
 .debug_info    0x00000000      0x10b c:/stm32/stm32h750-discovery/thirdparty/gcc-arm-none-eabi/bin/../lib/gcc/arm-none-eabi/11.2.1/../../../../arm-none-eabi/lib/thumb/v7e-m+fp/hard\libc.a(lib_a-init.o)

.debug_abbrev   0x00000000       0xc9
 .debug_abbrev  0x00000000       0xc9 c:/stm32/stm32h750-discovery/thirdparty/gcc-arm-none-eabi/bin/../lib/gcc/arm-none-eabi/11.2.1/../../../../arm-none-eabi/lib/thumb/v7e-m+fp/hard\libc.a(lib_a-init.o)

.debug_loclists
                0x00000000       0x7a
 .debug_loclists
                0x00000000       0x7a c:/stm32/stm32h750-discovery/thirdparty/gcc-arm-none-eabi/bin/../lib/gcc/arm-none-eabi/11.2.1/../../../../arm-none-eabi/lib/thumb/v7e-m+fp/hard\libc.a(lib_a-init.o)

.debug_aranges  0x00000000       0x20
 .debug_aranges
                0x00000000       0x20 c:/stm32/stm32h750-discovery/thirdparty/gcc-arm-none-eabi/bin/../lib/gcc/arm-none-eabi/11.2.1/../../../../arm-none-eabi/lib/thumb/v7e-m+fp/hard\libc.a(lib_a-init.o)

.debug_rnglists
                0x00000000       0x13
 .debug_rnglists
                0x00000000       0x13 c:/stm32/stm32h750-discovery/thirdparty/gcc-arm-none-eabi/bin/../lib/gcc/arm-none-eabi/11.2.1/../../../../arm-none-eabi/lib/thumb/v7e-m+fp/hard\libc.a(lib_a-init.o)

.debug_line     0x00000000      0x17e
 .debug_line    0x00000000      0x17e c:/stm32/stm32h750-discovery/thirdparty/gcc-arm-none-eabi/bin/../lib/gcc/arm-none-eabi/11.2.1/../../../../arm-none-eabi/lib/thumb/v7e-m+fp/hard\libc.a(lib_a-init.o)

.debug_str      0x00000000      0x239
 .debug_str     0x00000000      0x239 c:/stm32/stm32h750-discovery/thirdparty/gcc-arm-none-eabi/bin/../lib/gcc/arm-none-eabi/11.2.1/../../../../arm-none-eabi/lib/thumb/v7e-m+fp/hard\libc.a(lib_a-init.o)
                                0x272 (size before relaxing)

.debug_frame    0x00000000       0x2c
 .debug_frame   0x00000000       0x2c c:/stm32/stm32h750-discovery/thirdparty/gcc-arm-none-eabi/bin/../lib/gcc/arm-none-eabi/11.2.1/../../../../arm-none-eabi/lib/thumb/v7e-m+fp/hard\libc.a(lib_a-init.o)
