C:/STM32/STM32H750-Discovery/TargetSpecific/ew_bsp_graphics.c:82:6:HAL_DMA2D_MspInit	16	static
C:/STM32/STM32H750-Discovery/TargetSpecific/ew_bsp_graphics.c:100:6:HAL_DMA2D_MspDeInit	8	static
C:/STM32/STM32H750-Discovery/TargetSpecific/ew_bsp_graphics.c:125:5:EwBspGraphicsInit	16	static
C:/STM32/STM32H750-Discovery/TargetSpecific/ew_bsp_graphics.c:171:6:EwBspGraphicsDone	8	static
C:/STM32/STM32H750-Discovery/TargetSpecific/ew_bsp_graphics.c:201:6:EwBspGraphicsWaitForCompletion	8	static
C:/STM32/STM32H750-Discovery/TargetSpecific/ew_bsp_graphics.c:255:6:EwBspGraphicsConcurrentOperation	0	static
C:/STM32/STM32H750-Discovery/TargetSpecific/ew_bsp_graphics.c:282:6:EwBspGraphicsFill	48	static
C:/STM32/STM32H750-Discovery/TargetSpecific/ew_bsp_graphics.c:338:6:EwBspGraphicsFillBlend	48	static
C:/STM32/STM32H750-Discovery/TargetSpecific/ew_bsp_graphics.c:419:6:EwBspGraphicsCopy	64	static
C:/STM32/STM32H750-Discovery/TargetSpecific/ew_bsp_graphics.c:499:6:EwBspGraphicsCopyBlend	56	static
C:/STM32/STM32H750-Discovery/TargetSpecific/ew_bsp_graphics.c:582:6:EwBspGraphicsLoadClut	48	static
C:/STM32/STM32H750-Discovery/TargetSpecific/ew_bsp_graphics.c:631:6:DMA2D_IRQHandler	8	static
