C:/STM32/STM32H750-Discovery/TargetSpecific/ew_bsp_clock.c:137:6:HAL_RTC_MspInit	272	static
C:/STM32/STM32H750-Discovery/TargetSpecific/ew_bsp_clock.c:171:6:HAL_RTC_MspDeInit	0	static
C:/STM32/STM32H750-Discovery/TargetSpecific/ew_bsp_clock.c:192:6:EwBspClockInit	8	static
C:/STM32/STM32H750-Discovery/TargetSpecific/ew_bsp_clock.c:231:15:EwBspClockGetTime	40	static
C:/STM32/STM32H750-Discovery/TargetSpecific/ew_bsp_clock.c:289:6:EwBspClockSetTime	40	static
C:/STM32/STM32H750-Discovery/TargetSpecific/ew_bsp_clock.c:383:6:EwBspClockGetCpuLoad	8	static
C:/STM32/STM32H750-Discovery/TargetSpecific/ew_bsp_clock.c:419:6:EwBspClockCpuLoadSetActive	4	static
C:/STM32/STM32H750-Discovery/TargetSpecific/ew_bsp_clock.c:453:6:EwBspClockCpuLoadSetIdle	4	static
