C:/STM32/STM32H750-Discovery/TargetSpecific/stm32h7xx_it.c:73:6:NMI_Handler	0	static
C:/STM32/STM32H750-Discovery/TargetSpecific/stm32h7xx_it.c:82:6:HardFault_Handler	8	static
C:/STM32/STM32H750-Discovery/TargetSpecific/stm32h7xx_it.c:97:6:MemManage_Handler	8	static
C:/STM32/STM32H750-Discovery/TargetSpecific/stm32h7xx_it.c:112:6:BusFault_Handler	8	static
C:/STM32/STM32H750-Discovery/TargetSpecific/stm32h7xx_it.c:127:6:UsageFault_Handler	8	static
C:/STM32/STM32H750-Discovery/TargetSpecific/stm32h7xx_it.c:157:6:DebugMon_Handler	0	static
C:/STM32/STM32H750-Discovery/TargetSpecific/stm32h7xx_it.c:181:6:SysTick_Handler	0	static
C:/STM32/STM32H750-Discovery/TargetSpecific/stm32h7xx_it.c:192:6:EXTI15_10_IRQHandler	8	static
