C:/STM32/STM32H750-Discovery/ThirdParty/STM32Cube_FW_H7/Drivers/STM32H7xx_HAL_Driver/Src/stm32h7xx_hal_rtc.c:786:13:HAL_RTC_MspInit	0	static
C:/STM32/STM32H750-Discovery/ThirdParty/STM32Cube_FW_H7/Drivers/STM32H7xx_HAL_Driver/Src/stm32h7xx_hal_rtc.c:801:13:HAL_RTC_MspDeInit	0	static
C:/STM32/STM32H750-Discovery/ThirdParty/STM32Cube_FW_H7/Drivers/STM32H7xx_HAL_Driver/Src/stm32h7xx_hal_rtc.c:948:19:HAL_RTC_GetTime	8	static
C:/STM32/STM32H750-Discovery/ThirdParty/STM32Cube_FW_H7/Drivers/STM32H7xx_HAL_Driver/Src/stm32h7xx_hal_rtc.c:1080:19:HAL_RTC_GetDate	8	static
C:/STM32/STM32H750-Discovery/ThirdParty/STM32Cube_FW_H7/Drivers/STM32H7xx_HAL_Driver/Src/stm32h7xx_hal_rtc.c:1134:19:HAL_RTC_SetAlarm	32	static
C:/STM32/STM32H750-Discovery/ThirdParty/STM32Cube_FW_H7/Drivers/STM32H7xx_HAL_Driver/Src/stm32h7xx_hal_rtc.c:1328:19:HAL_RTC_SetAlarm_IT	32	static
C:/STM32/STM32H750-Discovery/ThirdParty/STM32Cube_FW_H7/Drivers/STM32H7xx_HAL_Driver/Src/stm32h7xx_hal_rtc.c:1534:19:HAL_RTC_DeactivateAlarm	16	static
C:/STM32/STM32H750-Discovery/ThirdParty/STM32Cube_FW_H7/Drivers/STM32H7xx_HAL_Driver/Src/stm32h7xx_hal_rtc.c:1638:19:HAL_RTC_GetAlarm	4	static
C:/STM32/STM32H750-Discovery/ThirdParty/STM32Cube_FW_H7/Drivers/STM32H7xx_HAL_Driver/Src/stm32h7xx_hal_rtc.c:1796:13:HAL_RTC_AlarmAEventCallback	0	static
C:/STM32/STM32H750-Discovery/ThirdParty/STM32Cube_FW_H7/Drivers/STM32H7xx_HAL_Driver/Src/stm32h7xx_hal_rtc.c:1699:6:HAL_RTC_AlarmIRQHandler	8	static
C:/STM32/STM32H750-Discovery/ThirdParty/STM32Cube_FW_H7/Drivers/STM32H7xx_HAL_Driver/Src/stm32h7xx_hal_rtc.c:1812:19:HAL_RTC_PollForAlarmAEvent	16	static
C:/STM32/STM32H750-Discovery/ThirdParty/STM32Cube_FW_H7/Drivers/STM32H7xx_HAL_Driver/Src/stm32h7xx_hal_rtc.c:1871:19:HAL_RTC_WaitForSynchro	16	static
C:/STM32/STM32H750-Discovery/ThirdParty/STM32Cube_FW_H7/Drivers/STM32H7xx_HAL_Driver/Src/stm32h7xx_hal_rtc.c:1925:21:HAL_RTC_GetState	0	static
C:/STM32/STM32H750-Discovery/ThirdParty/STM32Cube_FW_H7/Drivers/STM32H7xx_HAL_Driver/Src/stm32h7xx_hal_rtc.c:1949:19:RTC_EnterInitMode	24	static
C:/STM32/STM32H750-Discovery/ThirdParty/STM32Cube_FW_H7/Drivers/STM32H7xx_HAL_Driver/Src/stm32h7xx_hal_rtc.c:1999:19:RTC_ExitInitMode	16	static
C:/STM32/STM32H750-Discovery/ThirdParty/STM32Cube_FW_H7/Drivers/STM32H7xx_HAL_Driver/Src/stm32h7xx_hal_rtc.c:226:19:HAL_RTC_Init	16	static
C:/STM32/STM32H750-Discovery/ThirdParty/STM32Cube_FW_H7/Drivers/STM32H7xx_HAL_Driver/Src/stm32h7xx_hal_rtc.c:365:19:HAL_RTC_DeInit	24	static
C:/STM32/STM32H750-Discovery/ThirdParty/STM32Cube_FW_H7/Drivers/STM32H7xx_HAL_Driver/Src/stm32h7xx_hal_rtc.c:839:19:HAL_RTC_SetTime	24	static
C:/STM32/STM32H750-Discovery/ThirdParty/STM32Cube_FW_H7/Drivers/STM32H7xx_HAL_Driver/Src/stm32h7xx_hal_rtc.c:992:19:HAL_RTC_SetDate	16	static
C:/STM32/STM32H750-Discovery/ThirdParty/STM32Cube_FW_H7/Drivers/STM32H7xx_HAL_Driver/Src/stm32h7xx_hal_rtc.c:2045:9:RTC_ByteToBcd2	0	static
C:/STM32/STM32H750-Discovery/ThirdParty/STM32Cube_FW_H7/Drivers/STM32H7xx_HAL_Driver/Src/stm32h7xx_hal_rtc.c:2064:9:RTC_Bcd2ToByte	0	static
