C:/STM32/STM32H750-Discovery/Application/GeneratedCode/BrickGame.c:1119:6:BrickGameBrickGame_onStartBall	0	static
C:/STM32/STM32H750-Discovery/Application/GeneratedCode/BrickGame.c:1271:8:BrickGameDataClass_OnGetScore	0	static
C:/STM32/STM32H750-Discovery/Application/GeneratedCode/BrickGame.c:1277:8:BrickGameDataClass_OnGetLost	0	static
C:/STM32/STM32H750-Discovery/Application/GeneratedCode/BrickGame.c:1283:8:BrickGameDataClass_OnGetLevel	0	static
C:/STM32/STM32H750-Discovery/Application/GeneratedCode/BrickGame.c:1301:6:BrickGameData__Init	0	static
C:/STM32/STM32H750-Discovery/Application/GeneratedCode/BrickGame.c:112:6:BrickGameBrickRow__Init	72	static
C:/STM32/STM32H750-Discovery/Application/GeneratedCode/BrickGame.c:1323:6:BrickGameLcdDisplay__Init	56	static
C:/STM32/STM32H750-Discovery/Application/GeneratedCode/BrickGame.c:179:6:BrickGameBrickRow__ReInit	8	static
C:/STM32/STM32H750-Discovery/Application/GeneratedCode/BrickGame.c:1380:6:BrickGameLcdDisplay__ReInit	8	static
C:/STM32/STM32H750-Discovery/Application/GeneratedCode/BrickGame.c:196:6:BrickGameBrickRow__Done	8	static
C:/STM32/STM32H750-Discovery/Application/GeneratedCode/BrickGame.c:1395:6:BrickGameLcdDisplay__Done	8	static
C:/STM32/STM32H750-Discovery/Application/GeneratedCode/BrickGame.c:1102:6:BrickGameBrickGame_updatePaddle	24	static
C:/STM32/STM32H750-Discovery/Application/GeneratedCode/BrickGame.c:518:6:BrickGameBallPosition__Init	8	static
C:/STM32/STM32H750-Discovery/Application/GeneratedCode/BrickGame.c:531:6:BrickGameBallPosition__ReInit	0	static
C:/STM32/STM32H750-Discovery/Application/GeneratedCode/BrickGame.c:538:6:BrickGameBallPosition__Done	0	static
C:/STM32/STM32H750-Discovery/Application/GeneratedCode/BrickGame.c:1093:6:BrickGameBrickGame_keyUpHandler	0	static
C:/STM32/STM32H750-Discovery/Application/GeneratedCode/BrickGame.c:1426:6:BrickGameLcdDisplay_UpdateViewState	152	static
C:/STM32/STM32H750-Discovery/Application/GeneratedCode/BrickGame.c:783:6:BrickGameBrickGame_UpdateViewState	104	static
C:/STM32/STM32H750-Discovery/Application/GeneratedCode/BrickGame.c:1069:6:BrickGameBrickGame_leftKeyDown	24	static
C:/STM32/STM32H750-Discovery/Application/GeneratedCode/BrickGame.c:1081:6:BrickGameBrickGame_rightKeyDown	24	static
C:/STM32/STM32H750-Discovery/Application/GeneratedCode/BrickGame.c:1142:6:BrickGameBrickGame_AutoDemoSlot	32	static
C:/STM32/STM32H750-Discovery/Application/GeneratedCode/BrickGame.c:1202:6:BrickGameDataClass__Init	8	static
C:/STM32/STM32H750-Discovery/Application/GeneratedCode/BrickGame.c:1218:6:BrickGameDataClass__ReInit	0	static
C:/STM32/STM32H750-Discovery/Application/GeneratedCode/BrickGame.c:1225:6:BrickGameDataClass__Done	0	static
C:/STM32/STM32H750-Discovery/Application/GeneratedCode/BrickGame.c:1235:6:BrickGameDataClass_OnSetScore	24	static
C:/STM32/STM32H750-Discovery/Application/GeneratedCode/BrickGame.c:800:6:BrickGameBrickGame_onDragPaddle	16	static
C:/STM32/STM32H750-Discovery/Application/GeneratedCode/BrickGame.c:1539:6:BrickGameLcdDisplay_outletSlot	8	static
C:/STM32/STM32H750-Discovery/Application/GeneratedCode/BrickGame.c:1249:6:BrickGameDataClass_OnSetLost	24	static
C:/STM32/STM32H750-Discovery/Application/GeneratedCode/BrickGame.c:1260:6:BrickGameDataClass_OnSetLevel	24	static
C:/STM32/STM32H750-Discovery/Application/GeneratedCode/BrickGame.c:701:6:BrickGameBrickGame__ReInit	24	static
C:/STM32/STM32H750-Discovery/Application/GeneratedCode/BrickGame.c:734:6:BrickGameBrickGame__Done	24	static
C:/STM32/STM32H750-Discovery/Application/GeneratedCode/BrickGame.c:219:8:BrickGameBrickRow_CheckCollision	104	static
C:/STM32/STM32H750-Discovery/Application/GeneratedCode/BrickGame.c:291:6:BrickGameBrickRow_PrepareBricks	56	static
C:/STM32/STM32H750-Discovery/Application/GeneratedCode/BrickGame.c:871:6:BrickGameBrickGame_PrepareLevel	8	static
C:/STM32/STM32H750-Discovery/Application/GeneratedCode/BrickGame.c:981:6:BrickGameBrickGame_CheckCollision	128	static
C:/STM32/STM32H750-Discovery/Application/GeneratedCode/BrickGame.c:817:6:BrickGameBrickGame_Animate	184	static
C:/STM32/STM32H750-Discovery/Application/GeneratedCode/BrickGame.c:1510:6:BrickGameLcdDisplay_OnSetNoOfDigits	0	static
C:/STM32/STM32H750-Discovery/Application/GeneratedCode/BrickGame.c:1527:6:BrickGameLcdDisplay_OnSetCurrentValue	0	static
C:/STM32/STM32H750-Discovery/Application/GeneratedCode/BrickGame.c:1549:6:BrickGameLcdDisplay_OnSetOutlet	72	static
C:/STM32/STM32H750-Discovery/Application/GeneratedCode/BrickGame.c:1569:6:BrickGameLcdDisplay_OnSetTextColor	16	static
C:/STM32/STM32H750-Discovery/Application/GeneratedCode/BrickGame.c:557:6:BrickGameBrickGame__Init	192	static
