C:/STM32/STM32H750-Discovery/Application/GeneratedCode/Core.c:193:6:CoreView_Draw	0	static
C:/STM32/STM32H750-Discovery/Application/GeneratedCode/Core.c:227:9:CoreView_HandleEvent	0	static
C:/STM32/STM32H750-Discovery/Application/GeneratedCode/Core.c:276:15:CoreView_CursorHitTest	0	static
C:/STM32/STM32H750-Discovery/Application/GeneratedCode/Core.c:311:7:CoreView_AdjustDrawingArea	0	static
C:/STM32/STM32H750-Discovery/Application/GeneratedCode/Core.c:341:8:CoreView_ArrangeView	0	static
C:/STM32/STM32H750-Discovery/Application/GeneratedCode/Core.c:368:6:CoreView_MoveView	8	static
C:/STM32/STM32H750-Discovery/Application/GeneratedCode/Core.c:385:7:CoreView_GetExtent	0	static
C:/STM32/STM32H750-Discovery/Application/GeneratedCode/Core.c:1062:7:CoreRectView_GetExtent	0	static
C:/STM32/STM32H750-Discovery/Application/GeneratedCode/Core.c:1895:6:CoreGroup_UpdateViewState	0	static
C:/STM32/STM32H750-Discovery/Application/GeneratedCode/Core.c:2179:10:CoreRoot_GetRoot	0	static
C:/STM32/STM32H750-Discovery/Application/GeneratedCode/Core.c:4789:15:TimerProc	0	static
C:/STM32/STM32H750-Discovery/Application/GeneratedCode/Core.c:108:6:CoreView__Init	8	static
C:/STM32/STM32H750-Discovery/Application/GeneratedCode/Core.c:483:6:CoreQuadView__Init	8	static
C:/STM32/STM32H750-Discovery/Application/GeneratedCode/Core.c:4096:6:CoreSimpleTouchHandler__Init	8	static
C:/STM32/STM32H750-Discovery/Application/GeneratedCode/Core.c:914:6:CoreRectView__Init	8	static
C:/STM32/STM32H750-Discovery/Application/GeneratedCode/Core.c:3943:6:CoreOutline__Init	8	static
C:/STM32/STM32H750-Discovery/Application/GeneratedCode/Core.c:4576:6:CoreCursorHit__Init	8	static
C:/STM32/STM32H750-Discovery/Application/GeneratedCode/Core.c:4631:6:CoreLayoutContext__Init	8	static
C:/STM32/STM32H750-Discovery/Application/GeneratedCode/Core.c:4670:6:CoreLayoutQuadContext__Init	8	static
C:/STM32/STM32H750-Discovery/Application/GeneratedCode/Core.c:4796:6:CoreTimer__Init	8	static
C:/STM32/STM32H750-Discovery/Application/GeneratedCode/Core.c:124:6:CoreView__ReInit	0	static
C:/STM32/STM32H750-Discovery/Application/GeneratedCode/Core.c:3379:6:CoreEvent__ReInit	0	static
C:/STM32/STM32H750-Discovery/Application/GeneratedCode/Core.c:4495:6:CoreKeyPressHandler__ReInit	0	static
C:/STM32/STM32H750-Discovery/Application/GeneratedCode/Core.c:4589:6:CoreCursorHit__ReInit	0	static
C:/STM32/STM32H750-Discovery/Application/GeneratedCode/Core.c:4644:6:CoreLayoutContext__ReInit	0	static
C:/STM32/STM32H750-Discovery/Application/GeneratedCode/Core.c:4725:6:CoreResource__ReInit	0	static
C:/STM32/STM32H750-Discovery/Application/GeneratedCode/Core.c:4812:6:CoreTimer__ReInit	0	static
C:/STM32/STM32H750-Discovery/Application/GeneratedCode/Core.c:2137:6:CoreRoot__ReInit	8	static
C:/STM32/STM32H750-Discovery/Application/GeneratedCode/Core.c:131:6:CoreView__Done	0	static
C:/STM32/STM32H750-Discovery/Application/GeneratedCode/Core.c:3386:6:CoreEvent__Done	0	static
C:/STM32/STM32H750-Discovery/Application/GeneratedCode/Core.c:4502:6:CoreKeyPressHandler__Done	0	static
C:/STM32/STM32H750-Discovery/Application/GeneratedCode/Core.c:4596:6:CoreCursorHit__Done	0	static
C:/STM32/STM32H750-Discovery/Application/GeneratedCode/Core.c:4651:6:CoreLayoutContext__Done	0	static
C:/STM32/STM32H750-Discovery/Application/GeneratedCode/Core.c:145:10:CoreView_GetRoot	16	static
C:/STM32/STM32H750-Discovery/Application/GeneratedCode/Core.c:653:7:CoreQuadView_GetExtent	32	static
C:/STM32/STM32H750-Discovery/Application/GeneratedCode/Core.c:946:8:CoreRectView_ArrangeView	112	static
C:/STM32/STM32H750-Discovery/Application/GeneratedCode/Core.c:1051:6:CoreRectView_MoveView	88	static
C:/STM32/STM32H750-Discovery/Application/GeneratedCode/Core.c:1068:6:CoreRectView_OnSetBounds	56	static
C:/STM32/STM32H750-Discovery/Application/GeneratedCode/Core.c:1389:6:CoreGroup_OnSetBounds	64	static
C:/STM32/STM32H750-Discovery/Application/GeneratedCode/Core.c:1919:6:CoreGroup_InvalidateArea	88	static
C:/STM32/STM32H750-Discovery/Application/GeneratedCode/Core.c:1213:15:CoreGroup_CursorHitTest	192	static
C:/STM32/STM32H750-Discovery/Application/GeneratedCode/Core.c:1305:7:CoreGroup_AdjustDrawingArea	240	static
C:/STM32/STM32H750-Discovery/Application/GeneratedCode/Core.c:1585:6:CoreGroup_OnSetFocus	16	static
C:/STM32/STM32H750-Discovery/Application/GeneratedCode/Core.c:2227:6:CoreRoot_OnSetFocus	0	static
C:/STM32/STM32H750-Discovery/Application/GeneratedCode/Core.c:4014:6:CoreOutline_OnSetBounds	80	static
C:/STM32/STM32H750-Discovery/Application/GeneratedCode/Core.c:3363:6:CoreEvent__Init	8	static
C:/STM32/STM32H750-Discovery/Application/GeneratedCode/Core.c:4732:6:CoreResource__Done	8	static
C:/STM32/STM32H750-Discovery/Application/GeneratedCode/Core.c:4709:6:CoreResource__Init	16	static
C:/STM32/STM32H750-Discovery/Application/GeneratedCode/Core.c:4819:6:CoreTimer__Done	8	static
C:/STM32/STM32H750-Discovery/Application/GeneratedCode/Core.c:4001:6:CoreOutline_Draw	0	static
C:/STM32/STM32H750-Discovery/Application/GeneratedCode/Core.c:4154:6:CoreSimpleTouchHandler_Draw	0	static
C:/STM32/STM32H750-Discovery/Application/GeneratedCode/Core.c:3441:6:CoreKeyEvent__ReInit	0	static
C:/STM32/STM32H750-Discovery/Application/GeneratedCode/Core.c:3678:6:CoreCursorGrabEvent__ReInit	0	static
C:/STM32/STM32H750-Discovery/Application/GeneratedCode/Core.c:4113:6:CoreSimpleTouchHandler__ReInit	0	static
C:/STM32/STM32H750-Discovery/Application/GeneratedCode/Core.c:3890:6:CoreDragEvent__ReInit	0	static
C:/STM32/STM32H750-Discovery/Application/GeneratedCode/Core.c:3960:6:CoreOutline__ReInit	0	static
C:/STM32/STM32H750-Discovery/Application/GeneratedCode/Core.c:3766:6:CoreCursorEvent__ReInit	0	static
C:/STM32/STM32H750-Discovery/Application/GeneratedCode/Core.c:1141:6:CoreGroup__ReInit	0	static
C:/STM32/STM32H750-Discovery/Application/GeneratedCode/Core.c:4683:6:CoreLayoutQuadContext__ReInit	0	static
C:/STM32/STM32H750-Discovery/Application/GeneratedCode/Core.c:498:6:CoreQuadView__ReInit	0	static
C:/STM32/STM32H750-Discovery/Application/GeneratedCode/Core.c:929:6:CoreRectView__ReInit	0	static
C:/STM32/STM32H750-Discovery/Application/GeneratedCode/Core.c:4690:6:CoreLayoutQuadContext__Done	0	static
C:/STM32/STM32H750-Discovery/Application/GeneratedCode/Core.c:3448:6:CoreKeyEvent__Done	0	static
C:/STM32/STM32H750-Discovery/Application/GeneratedCode/Core.c:3897:6:CoreDragEvent__Done	0	static
C:/STM32/STM32H750-Discovery/Application/GeneratedCode/Core.c:3773:6:CoreCursorEvent__Done	0	static
C:/STM32/STM32H750-Discovery/Application/GeneratedCode/Core.c:3685:6:CoreCursorGrabEvent__Done	0	static
C:/STM32/STM32H750-Discovery/Application/GeneratedCode/Core.c:4120:6:CoreSimpleTouchHandler__Done	0	static
C:/STM32/STM32H750-Discovery/Application/GeneratedCode/Core.c:3967:6:CoreOutline__Done	0	static
C:/STM32/STM32H750-Discovery/Application/GeneratedCode/Core.c:936:6:CoreRectView__Done	0	static
C:/STM32/STM32H750-Discovery/Application/GeneratedCode/Core.c:505:6:CoreQuadView__Done	0	static
C:/STM32/STM32H750-Discovery/Application/GeneratedCode/Core.c:1148:6:CoreGroup__Done	0	static
C:/STM32/STM32H750-Discovery/Application/GeneratedCode/Core.c:2147:6:CoreRoot__Done	16	static
C:/STM32/STM32H750-Discovery/Application/GeneratedCode/Core.c:3877:6:CoreDragEvent__Init	8	static
C:/STM32/STM32H750-Discovery/Application/GeneratedCode/Core.c:3428:6:CoreKeyEvent__Init	8	static
C:/STM32/STM32H750-Discovery/Application/GeneratedCode/Core.c:3753:6:CoreCursorEvent__Init	8	static
C:/STM32/STM32H750-Discovery/Application/GeneratedCode/Core.c:3665:6:CoreCursorGrabEvent__Init	8	static
C:/STM32/STM32H750-Discovery/Application/GeneratedCode/Core.c:4476:6:CoreKeyPressHandler__Init	8	static
C:/STM32/STM32H750-Discovery/Application/GeneratedCode/Core.c:1121:6:CoreGroup__Init	24	static
C:/STM32/STM32H750-Discovery/Application/GeneratedCode/Core.c:4941:6:CoreTimer_Trigger	16	static
C:/STM32/STM32H750-Discovery/Application/GeneratedCode/Core.c:2293:6:CoreRoot_InvalidateArea	168	static
C:/STM32/STM32H750-Discovery/Application/GeneratedCode/Core.c:163:10:CoreView__GetRoot	0	static
C:/STM32/STM32H750-Discovery/Application/GeneratedCode/Core.c:206:6:CoreView__Draw	40	static
C:/STM32/STM32H750-Discovery/Application/GeneratedCode/Core.c:237:9:CoreView__HandleEvent	0	static
C:/STM32/STM32H750-Discovery/Application/GeneratedCode/Core.c:292:15:CoreView__CursorHitTest	32	static
C:/STM32/STM32H750-Discovery/Application/GeneratedCode/Core.c:320:7:CoreView__AdjustDrawingArea	24	static
C:/STM32/STM32H750-Discovery/Application/GeneratedCode/Core.c:352:8:CoreView__ArrangeView	32	static
C:/STM32/STM32H750-Discovery/Application/GeneratedCode/Core.c:377:6:CoreView__MoveView	16	static
C:/STM32/STM32H750-Discovery/Application/GeneratedCode/Core.c:394:7:CoreView__GetExtent	8	static
C:/STM32/STM32H750-Discovery/Application/GeneratedCode/Core.c:459:6:CoreView__ChangeViewState	0	static
C:/STM32/STM32H750-Discovery/Application/GeneratedCode/Core.c:730:6:CoreQuadView_OnSetPoint4	88	static
C:/STM32/STM32H750-Discovery/Application/GeneratedCode/Core.c:758:6:CoreQuadView_OnSetPoint3	88	static
C:/STM32/STM32H750-Discovery/Application/GeneratedCode/Core.c:786:6:CoreQuadView_OnSetPoint2	88	static
C:/STM32/STM32H750-Discovery/Application/GeneratedCode/Core.c:814:6:CoreQuadView_OnSetPoint1	88	static
C:/STM32/STM32H750-Discovery/Application/GeneratedCode/Core.c:515:8:CoreQuadView_ArrangeView	96	static
C:/STM32/STM32H750-Discovery/Application/GeneratedCode/Core.c:632:6:CoreQuadView_MoveView	72	static
C:/STM32/STM32H750-Discovery/Application/GeneratedCode/Core.c:844:7:CoreQuadView_IsPointInside	72	static
C:/STM32/STM32H750-Discovery/Application/GeneratedCode/Core.c:886:7:CoreQuadView_HasRectShape	8	static
C:/STM32/STM32H750-Discovery/Application/GeneratedCode/Core.c:4383:15:CoreSimpleTouchHandler_CursorHitTest	168	static
C:/STM32/STM32H750-Discovery/Application/GeneratedCode/Core.c:1096:6:CoreRectView__OnSetBounds	16	static
C:/STM32/STM32H750-Discovery/Application/GeneratedCode/Core.c:1160:6:CoreGroup_Init	24	static
C:/STM32/STM32H750-Discovery/Application/GeneratedCode/Core.c:1435:6:CoreGroup_drawContent	216	static
C:/STM32/STM32H750-Discovery/Application/GeneratedCode/Core.c:1169:6:CoreGroup_Draw	56	static
C:/STM32/STM32H750-Discovery/Application/GeneratedCode/Core.c:2185:6:CoreRoot_Draw	112	static
C:/STM32/STM32H750-Discovery/Application/GeneratedCode/Core.c:1485:6:CoreGroup_recalculateLayout	136	static
C:/STM32/STM32H750-Discovery/Application/GeneratedCode/Core.c:1561:6:CoreGroup_updateComponent	16	static
C:/STM32/STM32H750-Discovery/Application/GeneratedCode/Core.c:1619:6:CoreGroup__OnSetFocus	0	static
C:/STM32/STM32H750-Discovery/Application/GeneratedCode/Core.c:1649:6:CoreGroup_DrawForeground	0	static
C:/STM32/STM32H750-Discovery/Application/GeneratedCode/Core.c:1686:6:CoreGroup_DrawBackground	0	static
C:/STM32/STM32H750-Discovery/Application/GeneratedCode/Core.c:1708:8:CoreGroup_GetMinimalSize	0	static
C:/STM32/STM32H750-Discovery/Application/GeneratedCode/Core.c:1717:8:CoreGroup__GetMinimalSize	0	static
C:/STM32/STM32H750-Discovery/Application/GeneratedCode/Core.c:1763:9:CoreGroup__DispatchEvent	0	static
C:/STM32/STM32H750-Discovery/Application/GeneratedCode/Core.c:1782:9:CoreGroup_BroadcastEventAtPosition	80	static
C:/STM32/STM32H750-Discovery/Application/GeneratedCode/Core.c:1812:9:CoreGroup__BroadcastEventAtPosition	8	static
C:/STM32/STM32H750-Discovery/Application/GeneratedCode/Core.c:1862:9:CoreGroup__BroadcastEvent	0	static
C:/STM32/STM32H750-Discovery/Application/GeneratedCode/Core.c:1874:6:CoreGroup_UpdateLayout	8	static
C:/STM32/STM32H750-Discovery/Application/GeneratedCode/Core.c:1903:6:CoreGroup__UpdateViewState	0	static
C:/STM32/STM32H750-Discovery/Application/GeneratedCode/Core.c:1911:6:CoreGroup_InvalidateViewState	24	static
C:/STM32/STM32H750-Discovery/Application/GeneratedCode/Core.c:1941:6:CoreGroup__InvalidateArea	16	static
C:/STM32/STM32H750-Discovery/Application/GeneratedCode/Core.c:1955:10:CoreGroup_FindSiblingView	24	static
C:/STM32/STM32H750-Discovery/Application/GeneratedCode/Core.c:411:6:CoreView_ChangeViewState	72	static
C:/STM32/STM32H750-Discovery/Application/GeneratedCode/Core.c:1365:6:CoreGroup_ChangeViewState	24	static
C:/STM32/STM32H750-Discovery/Application/GeneratedCode/Core.c:2212:6:CoreRoot_ChangeViewState	80	static
C:/STM32/STM32H750-Discovery/Application/GeneratedCode/Core.c:2005:6:CoreGroup_Add	72	static
C:/STM32/STM32H750-Discovery/Application/GeneratedCode/Core.c:2162:6:CoreRoot_Init	0	static
C:/STM32/STM32H750-Discovery/Application/GeneratedCode/Core.c:2384:15:CoreRoot_createDragEvent	8	static
C:/STM32/STM32H750-Discovery/Application/GeneratedCode/Core.c:2397:17:CoreRoot_createCursorEvent	8	static
C:/STM32/STM32H750-Discovery/Application/GeneratedCode/Core.c:2410:21:CoreRoot_createCursorGrabEvent	8	static
C:/STM32/STM32H750-Discovery/Application/GeneratedCode/Core.c:2488:8:CoreRoot_GetFPS	8	static
C:/STM32/STM32H750-Discovery/Application/GeneratedCode/Core.c:2504:8:CoreRoot__GetFPS	8	static
C:/STM32/STM32H750-Discovery/Application/GeneratedCode/Core.c:2560:6:CoreRoot_EndUpdate	0	static
C:/STM32/STM32H750-Discovery/Application/GeneratedCode/Core.c:2570:6:CoreRoot__EndUpdate	0	static
C:/STM32/STM32H750-Discovery/Application/GeneratedCode/Core.c:2585:7:CoreRoot_UpdateCanvas	184	static
C:/STM32/STM32H750-Discovery/Application/GeneratedCode/Core.c:2617:7:CoreRoot__UpdateCanvas	24	static
C:/STM32/STM32H750-Discovery/Application/GeneratedCode/Core.c:2628:7:CoreRoot_GetUpdateRegion	12	static
C:/STM32/STM32H750-Discovery/Application/GeneratedCode/Core.c:2650:7:CoreRoot__GetUpdateRegion	8	static
C:/STM32/STM32H750-Discovery/Application/GeneratedCode/Core.c:2667:8:CoreRoot_BeginUpdate	256	static
C:/STM32/STM32H750-Discovery/Application/GeneratedCode/Core.c:2537:7:CoreRoot_UpdateGE20	48	static
C:/STM32/STM32H750-Discovery/Application/GeneratedCode/Core.c:2514:7:CoreRoot_Update	40	static
C:/STM32/STM32H750-Discovery/Application/GeneratedCode/Core.c:2525:7:CoreRoot__Update	8	static
C:/STM32/STM32H750-Discovery/Application/GeneratedCode/Core.c:2550:7:CoreRoot__UpdateGE20	48	static
C:/STM32/STM32H750-Discovery/Application/GeneratedCode/Core.c:2751:8:CoreRoot__BeginUpdate	0	static
C:/STM32/STM32H750-Discovery/Application/GeneratedCode/Core.c:2759:7:CoreRoot_DoesNeedUpdate	24	static
C:/STM32/STM32H750-Discovery/Application/GeneratedCode/Core.c:2776:7:CoreRoot__DoesNeedUpdate	24	static
C:/STM32/STM32H750-Discovery/Application/GeneratedCode/Core.c:2785:10:CoreRoot_Initialize	64	static
C:/STM32/STM32H750-Discovery/Application/GeneratedCode/Core.c:2800:10:CoreRoot__Initialize	8	static
C:/STM32/STM32H750-Discovery/Application/GeneratedCode/Core.c:2806:7:CoreRoot_SetRootFocus	8	static
C:/STM32/STM32H750-Discovery/Application/GeneratedCode/Core.c:2822:7:CoreRoot__SetRootFocus	8	static
C:/STM32/STM32H750-Discovery/Application/GeneratedCode/Core.c:2834:6:CoreRoot_SetUserInputTimestamp	0	static
C:/STM32/STM32H750-Discovery/Application/GeneratedCode/Core.c:2840:6:CoreRoot__SetUserInputTimestamp	0	static
C:/STM32/STM32H750-Discovery/Application/GeneratedCode/Core.c:2966:7:CoreRoot_DriveMultiTouchMovement	128	static
C:/STM32/STM32H750-Discovery/Application/GeneratedCode/Core.c:2945:7:CoreRoot_DriveCursorMovement	8	static
C:/STM32/STM32H750-Discovery/Application/GeneratedCode/Core.c:2951:7:CoreRoot__DriveCursorMovement	24	static
C:/STM32/STM32H750-Discovery/Application/GeneratedCode/Core.c:3030:7:CoreRoot__DriveMultiTouchMovement	8	static
C:/STM32/STM32H750-Discovery/Application/GeneratedCode/Core.c:3273:6:CoreRoot_DeflectCursor	112	static
C:/STM32/STM32H750-Discovery/Application/GeneratedCode/Core.c:3229:6:CoreRoot_RetargetCursorWithReason	88	static
C:/STM32/STM32H750-Discovery/Application/GeneratedCode/Core.c:4180:9:CoreSimpleTouchHandler_HandleEvent	152	static
C:/STM32/STM32H750-Discovery/Application/GeneratedCode/Core.c:3396:6:CoreEvent_Init	8	static
C:/STM32/STM32H750-Discovery/Application/GeneratedCode/Core.c:3407:9:CoreEvent_GetCurrentTime	0	static
C:/STM32/STM32H750-Discovery/Application/GeneratedCode/Core.c:3463:14:CoreKeyEvent_Initialize2	4	static
C:/STM32/STM32H750-Discovery/Application/GeneratedCode/Core.c:3527:14:CoreKeyEvent__Initialize2	0	static
C:/STM32/STM32H750-Discovery/Application/GeneratedCode/Core.c:3538:14:CoreKeyEvent_Initialize	0	static
C:/STM32/STM32H750-Discovery/Application/GeneratedCode/Core.c:3604:14:CoreKeyEvent__Initialize	0	static
C:/STM32/STM32H750-Discovery/Application/GeneratedCode/Core.c:3615:7:CoreKeyEvent_IsCode	0	static
C:/STM32/STM32H750-Discovery/Application/GeneratedCode/Core.c:1420:9:CoreGroup_processKeyHandlers	16	static
C:/STM32/STM32H750-Discovery/Application/GeneratedCode/Core.c:1733:9:CoreGroup_DispatchEvent	16	static
C:/STM32/STM32H750-Discovery/Application/GeneratedCode/Core.c:2244:9:CoreRoot_DispatchEvent	8	static
C:/STM32/STM32H750-Discovery/Application/GeneratedCode/Core.c:1832:9:CoreGroup_BroadcastEvent	24	static
C:/STM32/STM32H750-Discovery/Application/GeneratedCode/Core.c:2274:9:CoreRoot_BroadcastEvent	8	static
C:/STM32/STM32H750-Discovery/Application/GeneratedCode/Core.c:3698:21:CoreCursorGrabEvent_InitializeUp	8	static
C:/STM32/STM32H750-Discovery/Application/GeneratedCode/Core.c:3712:21:CoreCursorGrabEvent__InitializeUp	0	static
C:/STM32/STM32H750-Discovery/Application/GeneratedCode/Core.c:3722:21:CoreCursorGrabEvent_InitializeDown	8	static
C:/STM32/STM32H750-Discovery/Application/GeneratedCode/Core.c:3736:21:CoreCursorGrabEvent__InitializeDown	0	static
C:/STM32/STM32H750-Discovery/Application/GeneratedCode/Core.c:3785:17:CoreCursorEvent_InitializeHold	40	static
C:/STM32/STM32H750-Discovery/Application/GeneratedCode/Core.c:3801:17:CoreCursorEvent__InitializeHold	80	static
C:/STM32/STM32H750-Discovery/Application/GeneratedCode/Core.c:3813:17:CoreCursorEvent_InitializeUp	40	static
C:/STM32/STM32H750-Discovery/Application/GeneratedCode/Core.c:3830:17:CoreCursorEvent__InitializeUp	88	static
C:/STM32/STM32H750-Discovery/Application/GeneratedCode/Core.c:3842:17:CoreCursorEvent_InitializeDown	48	static
C:/STM32/STM32H750-Discovery/Application/GeneratedCode/Core.c:3859:17:CoreCursorEvent__InitializeDown	72	static
C:/STM32/STM32H750-Discovery/Application/GeneratedCode/Core.c:3909:15:CoreDragEvent_Initialize	40	static
C:/STM32/STM32H750-Discovery/Application/GeneratedCode/Core.c:3925:15:CoreDragEvent__Initialize	96	static
C:/STM32/STM32H750-Discovery/Application/GeneratedCode/Core.c:4512:6:CoreKeyPressHandler_Init	8	static
C:/STM32/STM32H750-Discovery/Application/GeneratedCode/Core.c:4532:7:CoreKeyPressHandler_HandleEvent	16	static
C:/STM32/STM32H750-Discovery/Application/GeneratedCode/Core.c:2854:7:CoreRoot_DriveKeyboardHitting	40	static
C:/STM32/STM32H750-Discovery/Application/GeneratedCode/Core.c:2929:7:CoreRoot__DriveKeyboardHitting	0	static
C:/STM32/STM32H750-Discovery/Application/GeneratedCode/Core.c:4612:15:CoreCursorHit_Initialize	16	static
C:/STM32/STM32H750-Discovery/Application/GeneratedCode/Core.c:4745:6:CoreResource_Done	8	static
C:/STM32/STM32H750-Discovery/Application/GeneratedCode/Core.c:4761:6:CoreResource_Init	16	static
C:/STM32/STM32H750-Discovery/Application/GeneratedCode/Core.c:4832:6:CoreTimer_Done	8	static
C:/STM32/STM32H750-Discovery/Application/GeneratedCode/Core.c:4843:6:CoreTimer_restart	24	static
C:/STM32/STM32H750-Discovery/Application/GeneratedCode/Core.c:2111:6:CoreRoot__Init	40	static
C:/STM32/STM32H750-Discovery/Application/GeneratedCode/Core.c:3070:7:CoreRoot_DriveMultiTouchHitting	160	static
C:/STM32/STM32H750-Discovery/Application/GeneratedCode/Core.c:3046:7:CoreRoot_DriveCursorHitting	16	static
C:/STM32/STM32H750-Discovery/Application/GeneratedCode/Core.c:3053:7:CoreRoot__DriveCursorHitting	16	static
C:/STM32/STM32H750-Discovery/Application/GeneratedCode/Core.c:3188:7:CoreRoot__DriveMultiTouchHitting	16	static
C:/STM32/STM32H750-Discovery/Application/GeneratedCode/Core.c:4877:6:CoreTimer_OnSetPeriod	0	static
C:/STM32/STM32H750-Discovery/Application/GeneratedCode/Core.c:4892:6:CoreTimer_OnSetBegin	0	static
C:/STM32/STM32H750-Discovery/Application/GeneratedCode/Core.c:4907:6:CoreTimer_OnSetEnabled	16	static
C:/STM32/STM32H750-Discovery/Application/GeneratedCode/Core.c:2423:6:CoreRoot_cursorHoldTimerProc	120	static
C:/STM32/STM32H750-Discovery/Application/GeneratedCode/Core.c:4925:9:CoreTimer_GetCurrentTime	0	static
C:/STM32/STM32H750-Discovery/Application/GeneratedCode/Core.c:4952:6:CoreTimer__Trigger	0	static
