C:/STM32/STM32H750-Discovery/Application/GeneratedCode/Resources.c:159:6:ResourcesBitmap_Update	0	static
C:/STM32/STM32H750-Discovery/Application/GeneratedCode/Resources.c:65:6:ResourcesBitmap__ReInit	0	static
C:/STM32/STM32H750-Discovery/Application/GeneratedCode/Resources.c:199:6:ResourcesFont__ReInit	0	static
C:/STM32/STM32H750-Discovery/Application/GeneratedCode/Resources.c:140:6:ResourcesBitmap_OnSetFrameSize	16	static
C:/STM32/STM32H750-Discovery/Application/GeneratedCode/Resources.c:46:6:ResourcesBitmap__Init	16	static
C:/STM32/STM32H750-Discovery/Application/GeneratedCode/Resources.c:183:6:ResourcesFont__Init	16	static
C:/STM32/STM32H750-Discovery/Application/GeneratedCode/Resources.c:72:6:ResourcesBitmap__Done	8	static
C:/STM32/STM32H750-Discovery/Application/GeneratedCode/Resources.c:206:6:ResourcesFont__Done	8	static
C:/STM32/STM32H750-Discovery/Application/GeneratedCode/Resources.c:85:6:ResourcesBitmap_Done	8	static
C:/STM32/STM32H750-Discovery/Application/GeneratedCode/Resources.c:102:6:ResourcesBitmap_Init	16	static
C:/STM32/STM32H750-Discovery/Application/GeneratedCode/Resources.c:153:6:ResourcesBitmap__OnSetFrameSize	16	static
C:/STM32/STM32H750-Discovery/Application/GeneratedCode/Resources.c:166:6:ResourcesBitmap__Update	0	static
C:/STM32/STM32H750-Discovery/Application/GeneratedCode/Resources.c:219:6:ResourcesFont_Done	8	static
C:/STM32/STM32H750-Discovery/Application/GeneratedCode/Resources.c:225:6:ResourcesFont_Init	8	static
C:/STM32/STM32H750-Discovery/Application/GeneratedCode/Resources.c:231:6:ResourcesFont_freeFont	8	static
C:/STM32/STM32H750-Discovery/Application/GeneratedCode/Resources.c:247:6:ResourcesFont_loadFont	8	static
C:/STM32/STM32H750-Discovery/Application/GeneratedCode/Resources.c:282:8:ResourcesFont_GetFlowTextAdvance	0	static
C:/STM32/STM32H750-Discovery/Application/GeneratedCode/Resources.c:297:9:ResourcesFont_ParseFlowString	32	static
C:/STM32/STM32H750-Discovery/Application/GeneratedCode/Resources.c:323:8:ResourcesFont_GetTextAdvance	24	static
