C:/STM32/STM32H750-Discovery/Application/GeneratedCode/Views.c:790:6:ViewsText_preOnUpdateSlot	0	static
C:/STM32/STM32H750-Discovery/Application/GeneratedCode/Views.c:47:6:ViewsRectangle__Init	8	static
C:/STM32/STM32H750-Discovery/Application/GeneratedCode/Views.c:163:6:ViewsImage__Init	8	static
C:/STM32/STM32H750-Discovery/Application/GeneratedCode/Views.c:583:6:ViewsText__Init	8	static
C:/STM32/STM32H750-Discovery/Application/GeneratedCode/Views.c:63:6:ViewsRectangle__ReInit	0	static
C:/STM32/STM32H750-Discovery/Application/GeneratedCode/Views.c:180:6:ViewsImage__ReInit	0	static
C:/STM32/STM32H750-Discovery/Application/GeneratedCode/Views.c:600:6:ViewsText__ReInit	0	static
C:/STM32/STM32H750-Discovery/Application/GeneratedCode/Views.c:70:6:ViewsRectangle__Done	0	static
C:/STM32/STM32H750-Discovery/Application/GeneratedCode/Views.c:187:6:ViewsImage__Done	0	static
C:/STM32/STM32H750-Discovery/Application/GeneratedCode/Views.c:607:6:ViewsText__Done	0	static
C:/STM32/STM32H750-Discovery/Application/GeneratedCode/Views.c:104:6:ViewsRectangle_Draw	112	static
C:/STM32/STM32H750-Discovery/Application/GeneratedCode/Views.c:288:6:ViewsImage_timerSlot	32	static
C:/STM32/STM32H750-Discovery/Application/GeneratedCode/Views.c:798:6:ViewsText_preReparseSlot	24	static
C:/STM32/STM32H750-Discovery/Application/GeneratedCode/Views.c:780:6:ViewsText_OnSetBounds	40	static
C:/STM32/STM32H750-Discovery/Application/GeneratedCode/Views.c:807:6:ViewsText_reparseSlot	32	static
C:/STM32/STM32H750-Discovery/Application/GeneratedCode/Views.c:912:7:ViewsText_GetContentArea.part.0	152	static
C:/STM32/STM32H750-Discovery/Application/GeneratedCode/Views.c:651:6:ViewsText_Draw	272	static
C:/STM32/STM32H750-Discovery/Application/GeneratedCode/Views.c:131:6:ViewsRectangle_OnSetColor	32	static
C:/STM32/STM32H750-Discovery/Application/GeneratedCode/Views.c:346:6:ViewsImage_OnSetColor	32	static
C:/STM32/STM32H750-Discovery/Application/GeneratedCode/Views.c:359:6:ViewsImage_OnSetAnimated	48	static
C:/STM32/STM32H750-Discovery/Application/GeneratedCode/Views.c:388:6:ViewsImage_OnSetScrollOffset	32	static
C:/STM32/STM32H750-Discovery/Application/GeneratedCode/Views.c:401:6:ViewsImage_OnSetAlignment	16	static
C:/STM32/STM32H750-Discovery/Application/GeneratedCode/Views.c:414:6:ViewsImage_OnSetFrameNumber	16	static
C:/STM32/STM32H750-Discovery/Application/GeneratedCode/Views.c:466:7:ViewsImage_OnGetVisible	0	static
C:/STM32/STM32H750-Discovery/Application/GeneratedCode/Views.c:472:6:ViewsImage_OnSetVisible	0	static
C:/STM32/STM32H750-Discovery/Application/GeneratedCode/Views.c:485:7:ViewsImage_GetContentArea	152	static
C:/STM32/STM32H750-Discovery/Application/GeneratedCode/Views.c:221:6:ViewsImage_Draw	232	static
C:/STM32/STM32H750-Discovery/Application/GeneratedCode/Views.c:272:6:ViewsImage_observerSlot	64	static
C:/STM32/STM32H750-Discovery/Application/GeneratedCode/Views.c:332:6:ViewsImage_OnSetAutoSize	64	static
C:/STM32/STM32H750-Discovery/Application/GeneratedCode/Views.c:433:6:ViewsImage_OnSetBitmap	80	static
C:/STM32/STM32H750-Discovery/Application/GeneratedCode/Views.c:620:6:ViewsText_Done	0	static
C:/STM32/STM32H750-Discovery/Application/GeneratedCode/Views.c:843:6:ViewsText_OnSetAlignment	32	static
C:/STM32/STM32H750-Discovery/Application/GeneratedCode/Views.c:859:6:ViewsText_OnSetString	24	static
C:/STM32/STM32H750-Discovery/Application/GeneratedCode/Views.c:871:6:ViewsText_OnSetFont	24	static
C:/STM32/STM32H750-Discovery/Application/GeneratedCode/Views.c:883:6:ViewsText_OnSetColor	32	static
C:/STM32/STM32H750-Discovery/Application/GeneratedCode/Views.c:899:7:ViewsText_IsBaseDirectionRTL	24	static
C:/STM32/STM32H750-Discovery/Application/GeneratedCode/Views.c:912:7:ViewsText_GetContentArea	16	static
